******************************************************************************
            TI ARM Clang Linker PC v2.1.2                      
******************************************************************************
>> Linked Wed Apr 12 12:46:22 2023

OUTPUT FILE NAME:   <adcsinglechannel_CC3235SF_LAUNCHXL_tirtos_ticlang.out>
ENTRY POINT SYMBOL: "_c_int00"  address: 010061b9


MEMORY CONFIGURATION

         name            origin    length      used     unused   attr    fill
----------------------  --------  ---------  --------  --------  ----  --------
  FLASH_HDR             01000000   000007ff  00000000  000007ff  R  X
  FLASH                 01000800   000ff800  000072b7  000f8549  R  X
  SRAM                  20000000   00040000  00009fb9  00036047  RW X
  LOG_DATA              90000000   00040000  00000000  00040000  R   


SEGMENT ALLOCATION MAP

run origin  load origin   length   init length attrs members
----------  ----------- ---------- ----------- ----- -------
01000800    01000800    000072c0   000072c0    r-x
  01000800    01000800    0000030c   0000030c    r-- .resetVecs
  01000b10    01000b10    0000649e   0000649e    r-x .text
  01006fb0    01006fb0    000004b4   000004b4    r-- .rodata
  01007464    01007464    000003f1   000003f1    r-- .const
  01007858    01007858    00000268   00000268    r-- .cinit
20000000    20000000    0000030c   00000000    rw-
  20000000    20000000    0000030c   00000000    rw- .vecs
20000310    20000310    00008000   00000000    r--
  20000310    20000310    00008000   00000000    r-- .priheap
20008400    20008400    000018ad   00000000    rw-
  20008400    20008400    000011f4   00000000    rw- .bss
  200095f4    200095f4    000006b9   00000000    rw- .data
2003fc00    2003fc00    00000400   00000000    rw-
  2003fc00    2003fc00    00000400   00000000    rw- .stack


SECTION ALLOCATION MAP

 output                                  attributes/
section   page    origin      length       input sections
--------  ----  ----------  ----------   ----------------
.resetVecs 
*          0    01000800    0000030c     
                  01000800    0000030c     release_pm4.om4 (.resetVecs)

.text      0    01000b10    0000649e     
                  01000b10    000004b8     driverlib.a : prcm.obj (.text.PRCMCC3200MCUInit)
                  01000fc8    00000410     drivers_cc32xx.a : PowerCC32XX.om4 (.text.Power_sleep)
                  010013d8    000002e0     sysbios.am4 : runtime_System.o (.text.xdc_runtime_System_doPrint__I)
                  010016b8    000002c6     drivers_cc32xx.a : UART2.om4 (.text.UART2_writeTimeout)
                  0100197e    00000290                      : UART2CC32XX.om4 (.text.UART2CC32XX_hwiIntFxn)
                  01001c0e    00000002     ti_drivers_config.o (.text.Board_initHook)
                  01001c10    00000244     drivers_cc32xx.a : UART2CC32XX.om4 (.text.UART2_open)
                  01001e54    000001b6     libclang_rt.builtins.a : adddf3.S.obj (.text)
                  0100200a    00000002     display_cc32xx.a : DisplayUart2.om4 (.text.DisplayUart2Min_clear)
                  0100200c    00000160     release_pm4.om4 (.text.xdc_runtime_System_printfExtend__I)
                  0100216c    0000015c     drivers_cc32xx.a : GPIOCC32XX.om4 (.text.GPIO_setConfig)
                  010022c8    0000012c     dpl_cc32xx.a : PowerCC32XX_tirtos.om4 (.text.PowerCC32XX_sleepPolicy)
                  010023f4    000000fc     libclang_rt.builtins.a : muldf3.S.obj (.text)
                  010024f0    000000f8     drivers_cc32xx.a : UART2CC32XX.om4 (.text.UART2_close)
                  010025e8    000000f0     sysbios.am4 : tirtos_pthread.o (.text.pthread_create)
                  010026d8    000000ec                 : knl_Task.o (.text.ti_sysbios_knl_Task_Instance_finalize__E)
                  010027c4    000000e8                 : m3_Hwi_asm_gnu.obj (.text.ti_sysbios_family_arm_m3_Hwi_dispatch__I)
                  010028ac    000000dc     drivers_cc32xx.a : UART2CC32XX.om4 (.text.UART2CC32XX_initHw)
                  01002988    000000dc     sysbios.am4 : knl_Task.o (.text.ti_sysbios_knl_Task_Instance_init__E)
                  01002a64    000000dc                 : knl_Task.o (.text.ti_sysbios_knl_Task_postInit__I)
                  01002b40    000000cc                 : knl_Semaphore.o (.text.ti_sysbios_knl_Semaphore_pend__E)
                  01002c0c    000000bc     drivers_cc32xx.a : UART2CC32XX.om4 (.text.UART2Support_dmaStartRx)
                  01002cc8    000000bc     sysbios.am4 : knl_Task.o (.text.ti_sysbios_knl_Task_setPri__E)
                  01002d84    000000b8     drivers_cc32xx.a : UART2CC32XX.om4 (.text.UART2Support_dmaStartTx)
                  01002e3c    000000b8     sysbios.am4 : runtime_Startup.o (.text.xdc_runtime_Startup_startMods__I)
                  01002ef4    000000b0     libclang_rt.builtins.a : udivmoddi4.S.obj (.text)
                  01002fa4    000000a4     adcsinglechannel.o (.text.threadFxn1)
                  01003048    000000a2     driverlib.a : pin.obj (.text.PinConfigSet)
                  010030ea    00000006     drivers_cc32xx.a : ADCCC32XX.om4 (.text.ADCCC32XX_control)
                  010030f0    00000096                      : PowerCC32XX_asm.om4 (.text)
                  01003186    00000002     display_cc32xx.a : DisplayUart2.om4 (.text.DisplayUart2Min_clearLines)
                  01003188    00000094     drivers_cc32xx.a : PowerCC32XX.om4 (.text.PowerCC32XX_configureWakeup)
                  0100321c    00000094     sysbios.am4 : m3_Hwi.o (.text.ti_sysbios_family_arm_m3_Hwi_Instance_init__E)
                  010032b0    00000092     driverlib.a : udma.obj (.text.uDMAChannelAttributeDisable)
                  01003342    00000002     display_cc32xx.a : DisplayUart2.om4 (.text.DisplayUart2Min_init)
                  01003344    00000090     adcsinglechannel.o (.text.mainThread)
                  010033d4    0000008e     driverlib.a : prcm.obj (.text.PRCMSysResetCauseGet)
                  01003462    00000002     drivers_cc32xx.a : UART2CC32XX.om4 (.text.UART2CC32XX_eventCallback)
                  01003464    00000088     sysbios.am4 : knl_Clock.o (.text.ti_sysbios_knl_Clock_workFunc__E)
                  010034ec    00000084     drivers_cc32xx.a : ADCCC32XX.om4 (.text.ADCCC32XX_open)
                  01003570    00000084                      : GPIOCC32XX.om4 (.text.GPIO_init)
                  010035f4    00000084     sysbios.am4 : tirtos_pthread_key.o (.text._pthread_removeThreadKeys)
                  01003678    00000080     drivers_cc32xx.a : UDMACC32XX.om4 (.text.UDMACC32XX_open)
                  010036f8    00000080     sysbios.am4 : m3_Hwi.o (.text.ti_sysbios_family_arm_m3_Hwi_initNVIC__E)
                  01003778    00000078     drivers_cc32xx.a : PowerCC32XX.om4 (.text.Power_init)
                  010037f0    00000078     sysbios.am4 : knl_Swi.o (.text.ti_sysbios_knl_Swi_restoreHwi__E)
                  01003868    00000078                 : knl_Task.o (.text.ti_sysbios_knl_Task_sleep__E)
                  010038e0    00000074     drivers_cc32xx.a : PowerCC32XX.om4 (.text.Power_setDependency)
                  01003954    00000074     sysbios.am4 : knl_Task.o (.text.ti_sysbios_knl_Task_Module_startup__E)
                  010039c8    00000070     drivers_cc32xx.a : ADCCC32XX.om4 (.text.ADCCC32XX_close)
                  01003a38    00000070     sysbios.am4 : runtime_Memory.o (.text.xdc_runtime_Memory_alloc__E)
                  01003aa8    00000070                 : runtime_System.o (.text.xdc_runtime_System_formatNum__I)
                  01003b18    0000006e     libclang_rt.builtins.a : comparedf2.c.obj (.text.__gedf2)
                  01003b86    00000002                            : aeabi_div0.c.obj (.text.__aeabi_ldiv0)
                  01003b88    0000006e                            : comparedf2.c.obj (.text.__ledf2)
                  01003bf6    00000002     libc.a : _lock.c.obj (.text._nop)
                  01003bf8    0000006c     drivers_cc32xx.a : GPIOCC32XX.om4 (.text.powerNotifyFxn)
                  01003c64    0000006c     sysbios.am4 : m3_Hwi.o (.text.ti_sysbios_family_arm_m3_Hwi_postInit__I)
                  01003cd0    0000006c                 : knl_Swi.o (.text.ti_sysbios_knl_Swi_run__I)
                  01003d3c    0000006c                 : knl_Task.o (.text.ti_sysbios_knl_Task_exit__E)
                  01003da8    0000006c                 : knl_Task.o (.text.ti_sysbios_knl_Task_startCore__E)
                  01003e14    0000006a     driverlib.a : prcm.obj (.text.PRCMPeripheralReset)
                  01003e7e    0000006a     libc.a : copy_decompress_lzss.c.obj (.text:decompress:lzss)
                  01003ee8    00000068     sysbios.am4 : m3_Hwi.o (.text.ti_sysbios_family_arm_m3_Hwi_dispatchC__I)
                  01003f50    00000068                 : knl_Task.o (.text.ti_sysbios_knl_Task_allBlockedFunction__I)
                  01003fb8    00000066     release_pm4.om4 (.text.memalign)
                  0100401e    00000066     sysbios.am4 : runtime_Core-mem.o (.text.xdc_runtime_Core_createObject__I)
                  01004084    00000064                 : heaps_HeapMem.o (.text.ti_sysbios_heaps_HeapMem_initPrimary__I)
                  010040e8    00000064                 : knl_Semaphore.o (.text.ti_sysbios_knl_Semaphore_post__E)
                  0100414c    00000062     libclang_rt.builtins.a : aeabi_dcmp.S.obj (.text)
                  010041ae    00000002     sysbios.am4 : _BIOS.o (.text.ti_sysbios_BIOS_linkedWithIncorrectBootLibrary__E)
                  010041b0    00000060     drivers_cc32xx.a : GPIOCC32XX.om4 (.text.GPIO_write)
                  01004210    00000060     adcsinglechannel.o (.text.threadFxn0)
                  01004270    00000060     sysbios.am4 : heaps_HeapMem.o (.text.ti_sysbios_heaps_HeapMem_allocUnprotected__E)
                  010042d0    0000005c     driverlib.a : flash.obj (.text.FlashDisable)
                  0100432c    0000005c     drivers_cc32xx.a : UART2CC32XX.om4 (.text.UART2Support_dmaStopTx)
                  01004388    0000005c     sysbios.am4 : tirtos_pthread.o (.text.pthread_exit)
                  010043e4    0000005a     driverlib.a : prcm.obj (.text.PRCMPeripheralClkEnable)
                  0100443e    0000005a     sysbios.am4 : runtime_Core-mem.o (.text.xdc_runtime_Core_deleteObject__I)
                  01004498    00000058     drivers_cc32xx.a : GPIOCC32XX.om4 (.text.GPIO_hwiIntFxn)
                  010044f0    00000058                      : GPIOCC32XX.om4 (.text.GPIO_setInterruptConfig)
                  01004548    00000058                      : PowerCC32XX.om4 (.text.Power_releaseDependency)
                  010045a0    00000058     main_tirtos.o (.text.main)
                  010045f8    00000058     sysbios.am4 : heaps_HeapMem.o (.text.ti_sysbios_heaps_HeapMem_alloc__E)
                  01004650    00000056     driverlib.a : prcm.obj (.text.PRCMLPDSEnter)
                  010046a6    00000002     release_pm4.om4 (.text.ti_sysbios_BIOS_nullFunc__I)
                  010046a8    00000054     drivers_cc32xx.a : ADCCC32XX.om4 (.text.ADCCC32XX_convert)
                  010046fc    00000054                      : PowerCC32XX.om4 (.text.PowerCC32XX_setParkState)
                  01004750    00000054     release_pm4.om4 (.text.ti_sysbios_family_arm_m3_Hwi_construct)
                  010047a4    00000054     release_pm4.om4 (.text.ti_sysbios_family_arm_m3_Hwi_create)
                  010047f8    00000054     sysbios.am4 : knl_Swi.o (.text.ti_sysbios_knl_Swi_runLoop__I)
                  0100484c    00000054                 : knl_Swi.o (.text.ti_sysbios_knl_Swi_schedule__I)
                  010048a0    00000052     display_cc32xx.a : DisplayUart2.om4 (.text.DisplayUart2Min_vprintf)
                  010048f2    00000002     sysbios.am4 : gates_GateHwi.o (.text.ti_sysbios_gates_GateHwi_Instance_init__E)
                  010048f4    00000050     display_cc32xx.a : Display.om4 (.text.Display_doOpen)
                  01004944    00000050     sysbios.am4 : knl_Clock.o (.text.ti_sysbios_knl_Clock_walkQueuePeriodic__E)
                  01004994    00000050                 : runtime_Startup.o (.text.xdc_runtime_Startup_exec__E)
                  010049e4    0000004e                 : heaps_HeapMem.o (.text.ti_sysbios_heaps_HeapMem_freeUnprotected__E)
                  01004a32    0000004c     driverlib.a : prcm.obj (.text.PRCMLPDSRestoreInfoSet)
                  01004a7e    00000002     sysbios.am4 : knl_Clock.o (.text.ti_sysbios_knl_Clock_logTick__E)
                  01004a80    0000004c                 : m3_Hwi.o (.text.ti_sysbios_family_arm_m3_Hwi_Module_startup__E)
                  01004acc    0000004c                 : m3_TaskSupport_asm_gnu.obj (.text.ti_sysbios_family_arm_m3_TaskSupport_buildTaskStack)
                  01004b18    0000004c                 : m3_Timer.o (.text.ti_sysbios_family_arm_m3_Timer_setPeriod__E)
                  01004b64    0000004c     release_pm4.om4 (.text.ti_sysbios_knl_Task_create)
                  01004bb0    0000004c     sysbios.am4 : knl_Task.o (.text.ti_sysbios_knl_Task_schedule__I)
                  01004bfc    0000004a     drivers_cc32xx.a : PowerCC32XX.om4 (.text.PowerCC32XX_parkPin)
                  01004c46    0000004a     dpl_cc32xx.a : PowerCC32XX_tirtos.om4 (.text.getCountsRTC)
                  01004c90    00000048     drivers_cc32xx.a : GPIOCC32XX.om4 (.text.GPIO_disableInt)
                  01004cd8    00000048                      : GPIOCC32XX.om4 (.text.GPIO_enableInt)
                  01004d20    00000048                      : UART2CC32XX.om4 (.text.UART2Support_dmaStopRx)
                  01004d68    00000048     release_pm4.om4 (.text.realloc)
                  01004db0    00000048     sysbios.am4 : m3_Hwi_asm_switch_gnu.obj (.text.ti_sysbios_family_arm_m3_Hwi_initStacks__E)
                  01004df8    00000048                 : knl_Swi.o (.text.ti_sysbios_knl_Swi_post__E)
                  01004e40    00000048     libclang_rt.builtins.a : fixdfsi.S.obj (.text)
                  01004e88    00000046     dpl_cc32xx.a : ClockP_tirtos.om4 (.text.ClockP_construct)
                  01004ece    00000046     driverlib.a : prcm.obj (.text.PRCMLPDSEnterKeepDebugIf)
                  01004f14    00000046     drivers_cc32xx.a : RingBuf.om4 (.text.RingBuf_put)
                  01004f5a    00000046     sysbios.am4 : runtime_Core-smem.o (.text.xdc_runtime_Core_constructObject__I)
                  01004fa0    00000044     drivers_cc32xx.a : ADC.om4 (.text.ADC_init)
                  01004fe4    00000044                      : PowerCC32XX.om4 (.text.Power_releaseConstraint)
                  01005028    00000044     sysbios.am4 : m3_Hwi.o (.text.ti_sysbios_family_arm_m3_Hwi_Instance_finalize__E)
                  0100506c    00000044                 : m3_Hwi.o (.text.ti_sysbios_family_arm_m3_Hwi_disableInterrupt__E)
                  010050b0    00000044                 : m3_Hwi.o (.text.ti_sysbios_family_arm_m3_Hwi_enableInterrupt__E)
                  010050f4    00000044                 : heaps_HeapMem.o (.text.ti_sysbios_heaps_HeapMem_Instance_init__E)
                  01005138    00000044                 : heaps_HeapMem.o (.text.ti_sysbios_heaps_HeapMem_getStats__E)
                  0100517c    00000044                 : knl_Mailbox.o (.text.ti_sysbios_knl_Mailbox_Module_startup__E)
                  010051c0    00000044     libclang_rt.builtins.a : fixunsdfsi.S.obj (.text)
                  01005204    00000042     dpl_cc32xx.a : HwiP_tirtos.om4 (.text.HwiP_construct)
                  01005246    00000042     driverlib.a : pin.obj (.text.PinModeSet)
                  01005288    00000040     drivers_cc32xx.a : ADC.om4 (.text.ADC_open)
                  010052c8    00000040     dpl_cc32xx.a : HwiP_tirtos.om4 (.text.HwiP_create)
                  01005308    00000040     sysbios.am4 : m3_Hwi.o (.text.ti_sysbios_family_arm_m3_Hwi_construct2__E)
                  01005348    00000040                 : m3_Timer.o (.text.ti_sysbios_family_arm_m3_Timer_start__E)
                  01005388    00000040                 : runtime_Core-params.o (.text.xdc_runtime_Core_assignParams__I)
                  010053c8    0000003c     display_cc32xx.a : DisplayUart2.om4 (.text.DisplayUart2Min_open)
                  01005404    0000003c     drivers_cc32xx.a : UART2.om4 (.text.UART2_rxDisable)
                  01005440    0000003c                      : UDMACC32XX.om4 (.text.UDMACC32XX_init)
                  0100547c    0000003c     sysbios.am4 : m3_Timer.o (.text.ti_sysbios_family_arm_m3_Timer_setPeriodMicroSecs__E)
                  010054b8    0000003c                 : knl_Clock.o (.text.ti_sysbios_knl_Clock_Instance_init__E)
                  010054f4    0000003c                 : knl_Task.o (.text.ti_sysbios_knl_Task_blockI__E)
                  01005530    0000003c                 : knl_Task.o (.text.ti_sysbios_knl_Task_restore__E)
                  0100556c    00000038     drivers_cc32xx.a : PowerCC32XX.om4 (.text.Power_setConstraint)
                  010055a4    00000038                      : RingBuf.om4 (.text.RingBuf_putAdvance)
                  010055dc    00000038                      : UDMACC32XX.om4 (.text.UDMACC32XX_close)
                  01005614    00000038     sysbios.am4 : knl_Swi.o (.text.ti_sysbios_knl_Swi_restore__E)
                  0100564c    00000038                 : knl_Task.o (.text.ti_sysbios_knl_Task_unblockI__E)
                  01005684    00000038     release_pm4.om4 (.text.ti_sysbios_rts_MemAlloc_alloc)
                  010056bc    00000038     libc.a : autoinit.c.obj (.text:__TI_auto_init_nobinit_nopinit)
                  010056f4    00000038     libclang_rt.builtins.a : extendsfdf2.S.obj (.text)
                  0100572c    00000036     dpl_cc32xx.a : SemaphoreP_tirtos.om4 (.text.SemaphoreP_construct)
                  01005762    00000034     driverlib.a : pin.obj (.text.PinModeGet)
                  01005796    00000002     release_pm4.om4 (.text.xdc_runtime_Startup_reset__I)
                  01005798    00000034     release_pm4.om4 (.text.ti_sysbios_BIOS_atExitFunc__I)
                  010057cc    00000034     sysbios.am4 : m3_Hwi.o (.text.ti_sysbios_family_arm_m3_Hwi_getStackInfo__E)
                  01005800    00000034                 : m3_Timer.o (.text.ti_sysbios_family_arm_m3_Timer_initDevice__I)
                  01005834    00000034                 : knl_Mailbox.o (.text.ti_sysbios_knl_Mailbox_postInit__I)
                  01005868    00000034                 : runtime_System.o (.text.xdc_runtime_System_atexit__E)
                  0100589c    00000030     drivers_cc32xx.a : PowerCC32XX.om4 (.text.notify)
                  010058cc    00000030     release_pm4.om4 (.text.ti_sysbios_BIOS_startFunc__I)
                  010058fc    00000030     sysbios.am4 : m3_Timer.o (.text.ti_sysbios_family_arm_m3_Timer_periodicStub__I)
                  0100592c    00000030     release_pm4.om4 (.text.ti_sysbios_gates_GateHwi_Object__create__S)
                  0100595c    00000030     release_pm4.om4 (.text.ti_sysbios_gates_GateMutex_Object__create__S)
                  0100598c    00000030     sysbios.am4 : gates_GateMutex.o (.text.ti_sysbios_gates_GateMutex_enter__E)
                  010059bc    00000030     release_pm4.om4 (.text.ti_sysbios_heaps_HeapMem_Object__create__S)
                  010059ec    00000030     sysbios.am4 : heaps_HeapMem.o (.text.ti_sysbios_heaps_HeapMem_free__E)
                  01005a1c    00000030     release_pm4.om4 (.text.ti_sysbios_knl_Clock_construct)
                  01005a4c    00000030     release_pm4.om4 (.text.ti_sysbios_knl_Clock_doTick__I)
                  01005a7c    00000030     release_pm4.om4 (.text.ti_sysbios_knl_Semaphore_construct)
                  01005aac    00000030     release_pm4.om4 (.text.ti_sysbios_knl_Semaphore_create)
                  01005adc    00000030     sysbios.am4 : knl_Task.o (.text.ti_sysbios_knl_Task_processVitalTaskFlag__I)
                  01005b0c    00000030                 : runtime_System.o (.text.xdc_runtime_System_processAtExit__E)
                  01005b3c    00000030                 : runtime_System.o (.text.xdc_runtime_System_putchar__I)
                  01005b6c    0000002e     drivers_cc32xx.a : PowerCC32XX.om4 (.text.PowerCC32XX_restoreParkedPin)
                  01005b9a    0000002e                      : RingBuf.om4 (.text.RingBuf_getConsume)
                  01005bc8    0000002e                      : RingBuf.om4 (.text.RingBuf_putPointer)
                  01005bf6    0000002e                      : UART2CC32XX.om4 (.text.UART2CC32XX_getRxData)
                  01005c24    0000002e                      : UART2CC32XX.om4 (.text.UART2Support_sendData)
                  01005c52    0000002e     driverlib.a : uart.obj (.text.UARTDisable)
                  01005c80    0000002c     drivers_cc32xx.a : UART2CC32XX.om4 (.text.UART2Support_disableRx)
                  01005cac    0000002c     sysbios.am4 : tirtos_pthread.o (.text._pthread_cleanupFxn)
                  01005cd8    0000002c                 : tirtos_pthread.o (.text._pthread_delete)
                  01005d04    0000002c                 : m3_TaskSupport.o (.text.ti_sysbios_family_arm_m3_TaskSupport_start__E)
                  01005d30    0000002c                 : knl_Clock.o (.text.ti_sysbios_knl_Clock_addI__E)
                  01005d5c    0000002c     release_pm4.om4 (.text.ti_sysbios_knl_Queue_construct)
                  01005d88    0000002c     sysbios.am4 : knl_Semaphore.o (.text.ti_sysbios_knl_Semaphore_pendTimeout__I)
                  01005db4    0000002a     driverlib.a : prcm.obj (.text.PRCMPeripheralClkDisable)
                  01005dde    0000002a     drivers_cc32xx.a : UART2CC32XX.om4 (.text.UART2CC32XX_writeTimeout)
                  01005e08    00000028                      : List.om4 (.text.List_remove)
                  01005e30    00000028                      : PowerCC32XX.om4 (.text.PowerCC32XX_getParkState)
                  01005e58    00000028     dpl_cc32xx.a : PowerCC32XX_tirtos.om4 (.text.PowerCC32XX_initPolicy)
                  01005e80    00000028     drivers_cc32xx.a : PowerCC32XX.om4 (.text.PowerCC32XX_reset)
                  01005ea8    00000028     dpl_cc32xx.a : SemaphoreP_tirtos.om4 (.text.SemaphoreP_createBinary)
                  01005ed0    00000028     release_pm4.om4 (.text.calloc)
                  01005ef8    00000028     release_pm4.om4 (.text.ti_sysbios_BIOS_registerRTSLock__I)
                  01005f20    00000028     sysbios.am4 : m3_Hwi_asm_gnu.obj (.text.ti_sysbios_family_arm_m3_Hwi_excHandlerAsm__I)
                  01005f48    00000028                 : m3_TimestampProvider.o (.text.ti_sysbios_family_arm_m3_TimestampProvider_Module_startup__E)
                  01005f70    00000028                 : knl_Task.o (.text.ti_sysbios_knl_Task_restoreHwi__E)
                  01005f98    00000026     dpl_cc32xx.a : SemaphoreP_tirtos.om4 (.text.SemaphoreP_constructBinary)
                  01005fbe    00000002     sysbios.am4 : runtime_SysCallback.o (.text.xdc_runtime_SysCallback_defaultAbort)
                  01005fc0    00000024     display_cc32xx.a : Display.om4 (.text.Display_doInit)
                  01005fe4    00000024     drivers_cc32xx.a : List.om4 (.text.List_put)
                  01006008    00000024                      : PowerCC32XX.om4 (.text.PowerCC32XX_restoreParkState)
                  0100602c    00000024                      : PowerCC32XX.om4 (.text.Power_registerNotify)
                  01006050    00000024     release_pm4.om4 (.text.ti_sysbios_BIOS_removeRTSLock__I)
                  01006074    00000024     sysbios.am4 : m3_Hwi.o (.text.ti_sysbios_family_arm_m3_Hwi_clearInterrupt__E)
                  01006098    00000024                 : m3_Timer.o (.text.ti_sysbios_family_arm_m3_Timer_postInit__I)
                  010060bc    00000024                 : m3_Timer.o (.text.ti_sysbios_family_arm_m3_Timer_startup__E)
                  010060e0    00000024     release_pm4.om4 (.text.ti_sysbios_gates_GateMutex_Object__delete__S)
                  01006104    00000024     sysbios.am4 : knl_Clock.o (.text.ti_sysbios_knl_Clock_start__E)
                  01006128    00000024                 : knl_Semaphore.o (.text.ti_sysbios_knl_Semaphore_Instance_init__E)
                  0100614c    00000024     release_pm4.om4 (.text.ti_sysbios_knl_Semaphore_Object__delete__S)
                  01006170    00000024     sysbios.am4 : knl_Swi.o (.text.ti_sysbios_knl_Swi_Module_startup__E)
                  01006194    00000024                 : knl_Task.o (.text.ti_sysbios_knl_Task_enter__I)
                  010061b8    00000024     startup.am4 : boot_cortex_m.om4 (.text:_c_int00)
                  010061dc    00000022     drivers_cc32xx.a : RingBuf.om4 (.text.RingBuf_getPointer)
                  010061fe    00000002     sysbios.am4 : runtime_SysCallback.o (.text.xdc_runtime_SysCallback_defaultExit)
                  01006200    00000020     drivers_cc32xx.a : ADCCC32XX.om4 (.text.ADCCC32XX_convertToMicroVolts)
                  01006220    00000020                      : PowerCC32XX.om4 (.text.Power_unregisterNotify)
                  01006240    00000020     sysbios.am4 : m3_Hwi.o (.text.ti_sysbios_family_arm_m3_Hwi_setPriority__E)
                  01006260    00000020                 : m3_TaskSupport_asm_gnu.obj (.text.ti_sysbios_family_arm_m3_TaskSupport_swap__E)
                  01006280    00000020     release_pm4.om4 (.text.ti_sysbios_gates_GateHwi_Object__delete__S)
                  010062a0    00000020     sysbios.am4 : hal_Hwi_stack.o (.text.ti_sysbios_hal_Hwi_initStack)
                  010062c0    00000020     release_pm4.om4 (.text.ti_sysbios_heaps_HeapMem_Object__delete__S)
                  010062e0    00000020     sysbios.am4 : knl_Clock.o (.text.ti_sysbios_knl_Clock_Module_startup__E)
                  01006300    00000020     release_pm4.om4 (.text.ti_sysbios_knl_Clock_destruct)
                  01006320    00000020     sysbios.am4 : knl_Idle.o (.text.ti_sysbios_knl_Idle_run__E)
                  01006340    00000020     release_pm4.om4 (.text.ti_sysbios_knl_Semaphore_destruct)
                  01006360    00000020     release_pm4.om4 (.text.ti_sysbios_knl_Task_Object__delete__S)
                  01006380    00000020     sysbios.am4 : runtime_Error.o (.text.xdc_runtime_Error_policyMin__E)
                  010063a0    00000020                 : runtime_Error.o (.text.xdc_runtime_Error_raiseX__E)
                  010063c0    00000020     startup.am4 : boot_cortex_m.om4 (.text:_c_int00_noargs)
                  010063e0    00000020     libclang_rt.builtins.a : floatunsidf.S.obj (.text)
                  01006400    0000001e     driverlib.a : uart.obj (.text.UARTEnable)
                  0100641e    0000001e     sysbios.am4 : m3_Hwi_asm_switch_gnu.obj (.text.ti_sysbios_family_xxx_Hwi_switchAndRunFunc)
                  0100643c    0000001e     driverlib.a : udma.obj (.text.uDMAChannelIsEnabled)
                  0100645a    0000001e     sysbios.am4 : runtime_Memory.o (.text.xdc_runtime_Memory_valloc__E)
                  01006478    0000001c     drivers_cc32xx.a : ADCCC32XX.om4 (.text.ADCCC32XX_convertChain)
                  01006494    0000001c     sysbios.am4 : tirtos_pthread.o (.text.pthread_attr_init)
                  010064b0    0000001c     release_pm4.om4 (.text.ti_sysbios_BIOS_rtsLock__I)
                  010064cc    0000001c     release_pm4.om4 (.text.ti_sysbios_family_arm_m3_Hwi_Object__get__S)
                  010064e8    0000001c     release_pm4.om4 (.text.ti_sysbios_family_arm_m3_Hwi_destruct)
                  01006504    0000001c     sysbios.am4 : m3_Hwi.o (.text.ti_sysbios_family_arm_m3_Hwi_excHandler__I)
                  01006520    0000001c                 : m3_Timer.o (.text.ti_sysbios_family_arm_m3_Timer_Module_startup__E)
                  0100653c    0000001c                 : gates_GateMutex.o (.text.ti_sysbios_gates_GateMutex_Instance_init__E)
                  01006558    0000001c     release_pm4.om4 (.text.ti_sysbios_heaps_HeapMem_Object__get__S)
                  01006574    0000001c     release_pm4.om4 (.text.ti_sysbios_knl_Queue_destruct)
                  01006590    0000001c     sysbios.am4 : knl_Queue.o (.text.ti_sysbios_knl_Queue_put__E)
                  010065ac    0000001c     release_pm4.om4 (.text.ti_sysbios_knl_Swi_Object__get__S)
                  010065c8    0000001c     release_pm4.om4 (.text.ti_sysbios_knl_Task_Object__get__S)
                  010065e4    0000001c     sysbios.am4 : runtime_Error.o (.text.xdc_runtime_Error_check__E)
                  01006600    0000001c                 : runtime_System.o (.text.xdc_runtime_System_abort__E)
                  0100661c    0000001c     startup.am4 : boot_cortex_m.om4 (.text:_c_int00_noinit)
                  01006638    0000001c                 : boot_cortex_m.om4 (.text:_c_int00_noinit_noargs)
                  01006654    0000001a     driverlib.a : prcm.obj (.text.PRCMHIBRegRead)
                  0100666e    0000001a                 : prcm.obj (.text.PRCMHIBRegWrite)
                  01006688    0000001a                 : pin.obj (.text.PinToPadGet)
                  010066a2    0000001a     drivers_cc32xx.a : UDMACC32XX.om4 (.text.postNotifyFxn)
                  010066bc    0000001a     sysbios.am4 : knl_Task.o (.text.ti_sysbios_knl_Task_sleepTimeout__I)
                  010066d6    00000018     display_cc32xx.a : DisplayUart2.om4 (.text.DisplayUart2Min_close)
                  010066ee    00000018     release_pm4.om4 (.text.ti_sysbios_BIOS_exitFunc__I)
                  01006706    00000002     sysbios.am4 : runtime_SysCallback.o (.text.xdc_runtime_SysCallback_defaultPutch)
                  01006708    00000018     release_pm4.om4 (.text.ti_sysbios_BIOS_rtsUnlock__I)
                  01006720    00000018     release_pm4.om4 (.text.ti_sysbios_family_arm_m3_Hwi_Params__init__S)
                  01006738    00000018     sysbios.am4 : m3_TaskSupport_asm_gnu.obj (.text.ti_sysbios_family_arm_m3_TaskSupport_glue)
                  01006750    00000018                 : m3_Timer.o (.text.ti_sysbios_family_arm_m3_Timer_stop__E)
                  01006768    00000018     release_pm4.om4 (.text.ti_sysbios_gates_GateHwi_Handle__label__S)
                  01006780    00000018     release_pm4.om4 (.text.ti_sysbios_gates_GateMutex_Handle__label__S)
                  01006798    00000018     sysbios.am4 : gates_GateMutex.o (.text.ti_sysbios_gates_GateMutex_leave__E)
                  010067b0    00000018     release_pm4.om4 (.text.ti_sysbios_heaps_HeapMem_Handle__label__S)
                  010067c8    00000018     release_pm4.om4 (.text.ti_sysbios_knl_Clock_Params__init__S)
                  010067e0    00000018     release_pm4.om4 (.text.ti_sysbios_knl_Semaphore_Params__init__S)
                  010067f8    00000018     release_pm4.om4 (.text.ti_sysbios_knl_Task_Params__init__S)
                  01006810    00000018     sysbios.am4 : knl_Task.o (.text.ti_sysbios_knl_Task_unblock__E)
                  01006828    00000018                 : runtime_Error.o (.text.xdc_runtime_Error_init__E)
                  01006840    00000018                 : runtime_System.o (.text.xdc_runtime_System_exit__E)
                  01006858    00000016     ti_drivers_config.o (.text.Board_init)
                  0100686e    00000016     display_cc32xx.a : Display.om4 (.text.Display_doPrintf)
                  01006884    00000016     drivers_cc32xx.a : UART2CC32XX.om4 (.text.UART2Support_txDone)
                  0100689a    00000016     driverlib.a : uart.obj (.text.UARTDMADisable)
                  010068b0    00000016                 : uart.obj (.text.UARTIntDisable)
                  010068c6    00000016     sysbios.am4 : tirtos_pthread.o (.text._pthread_runStub)
                  010068dc    00000016                 : knl_Clock.o (.text.ti_sysbios_knl_Clock_Instance_finalize__E)
                  010068f2    00000014     dpl_cc32xx.a : HwiP_tirtos.om4 (.text.HwiP_interruptsEnabled)
                  01006906    00000002     sysbios.am4 : runtime_System.o (.text.xdc_runtime_System_abortSpin__E)
                  01006908    00000014     drivers_cc32xx.a : PowerCC32XX.om4 (.text.Power_getTransitionLatency)
                  0100691c    00000014                      : PowerCC32XX.om4 (.text.Power_idleFunc)
                  01006930    00000014     dpl_cc32xx.a : SemaphoreP_tirtos.om4 (.text.SemaphoreP_pend)
                  01006944    00000014     drivers_cc32xx.a : UART2CC32XX.om4 (.text.UART2CC32XX_readTimeout)
                  01006958    00000014     driverlib.a : uart.obj (.text.UARTIntEnable)
                  0100696c    00000014     libc.a : args_main.c.obj (.text._args_main)
                  01006980    00000014     release_pm4.om4 (.text.free)
                  01006994    00000014     sysbios.am4 : tirtos_pthread.o (.text.pthread_attr_setschedparam)
                  010069a8    00000014                 : m3_Hwi.o (.text.ti_sysbios_family_arm_m3_Hwi_switchFromBootStack__E)
                  010069bc    00000014     release_pm4.om4 (.text.ti_sysbios_family_arm_m3_Timer_Module__startupDone__S)
                  010069d0    00000014     sysbios.am4 : m3_Timer.o (.text.ti_sysbios_family_arm_m3_Timer_getFreq__E)
                  010069e4    00000014     release_pm4.om4 (.text.ti_sysbios_hal_Hwi_HwiProxy_Module__startupDone__S)
                  010069f8    00000014     release_pm4.om4 (.text.ti_sysbios_knl_Clock_TimerProxy_Module__startupDone__S)
                  01006a0c    00000014     sysbios.am4 : knl_Clock.o (.text.ti_sysbios_knl_Clock_startI__E)
                  01006a20    00000014                 : knl_Clock.o (.text.ti_sysbios_knl_Clock_tickReconfig__E)
                  01006a34    00000014                 : runtime_Memory.o (.text.xdc_runtime_Memory_free__E)
                  01006a48    00000014     libclang_rt.builtins.a : aeabi_memset.S.obj (.text)
                  01006a5c    00000014                            : aeabi_uldivmod.S.obj (.text)
                  01006a70    00000012     drivers_cc32xx.a : GPIOCC32XX.om4 (.text.OUTLINED_FUNCTION_0)
                  01006a82    00000012     libc.a : memcpy_t2.S.obj (.text:TI_memcpy_small)
                  01006a94    00000010     drivers_cc32xx.a : ADC.om4 (.text.ADC_Params_init)
                  01006aa4    00000010     dpl_cc32xx.a : HwiP_tirtos.om4 (.text.HwiP_Params_init)
                  01006ab4    00000010     drivers_cc32xx.a : RingBuf.om4 (.text.RingBuf_construct)
                  01006ac4    00000010     driverlib.a : uart.obj (.text.UARTIntClear)
                  01006ad4    00000010                 : uart.obj (.text.UARTRxErrorGet)
                  01006ae4    00000010     sysbios.am4 : _BIOS.o (.text.ti_sysbios_BIOS_getCpuFreq__E)
                  01006af4    00000010                 : _BIOS.o (.text.ti_sysbios_BIOS_setThreadType__E)
                  01006b04    00000010                 : gates_GateMutex.o (.text.ti_sysbios_gates_GateMutex_Instance_finalize__E)
                  01006b14    00000010                 : hal_Hwi.o (.text.ti_sysbios_hal_Hwi_Module_startup__E)
                  01006b24    00000010                 : knl_Semaphore.o (.text.ti_sysbios_knl_Semaphore_Instance_finalize__E)
                  01006b34    00000010                 : knl_Swi.o (.text.ti_sysbios_knl_Swi_disable__E)
                  01006b44    00000010                 : knl_Swi.o (.text.ti_sysbios_knl_Swi_enabled__E)
                  01006b54    00000010                 : knl_Task.o (.text.ti_sysbios_knl_Task_disable__E)
                  01006b64    00000010                 : runtime_Gate.o (.text.xdc_runtime_Gate_leaveSystem__E)
                  01006b74    00000010     release_pm4.om4 (.text.xdc_runtime_Startup_exec__I)
                  01006b84    00000010     sysbios.am4 : runtime_System.o (.text.xdc_runtime_System_vsnprintf__E)
                  01006b94    00000010     libc.a : copy_zero_init.c.obj (.text:decompress:ZI)
                  01006ba4    0000000e     drivers_cc32xx.a : UART2.om4 (.text.UART2_write)
                  01006bb2    0000000e     sysbios.am4 : tirtos_pthread.o (.text.pthread_self)
                  01006bc0    0000000e     dpl_cc32xx.a : HwiP_tirtos.om4 (.text.ti_sysbios_family_arm_m3_Hwi_Params_init)
                  01006bce    0000000e     sysbios.am4 : m3_Hwi.o (.text.ti_sysbios_family_arm_m3_Hwi_startup__E)
                  01006bdc    0000000e     dpl_cc32xx.a : ClockP_tirtos.om4 (.text.ti_sysbios_knl_Clock_Params_init)
                  01006bea    0000000e     release_pm4.om4 (.text.ti_sysbios_knl_Mailbox_Object__get__S)
                  01006bf8    0000000e     sysbios.am4 : knl_Queue.o (.text.ti_sysbios_knl_Queue_remove__E)
                  01006c06    0000000e     dpl_cc32xx.a : SemaphoreP_tirtos.om4 (.text.ti_sysbios_knl_Semaphore_Params_init)
                  01006c14    0000000e     driverlib.a : udma.obj (.text.uDMAErrorStatusClear)
                  01006c22    0000000e     release_pm4.om4 (.text.xdc_runtime_Memory_HeapProxy_alloc__E)
                  01006c30    0000000e     libc.a : memset_t2.S.obj (.text:TI_memset_small)
                  01006c3e    0000000e            : copy_decompress_none.c.obj (.text:decompress:none)
                  01006c4c    0000000c     sysbios.am4 : runtime_System.o (.text.OUTLINED_FUNCTION_0)
                  01006c58    0000000c     drivers_cc32xx.a : PowerCC32XX.om4 (.text.Power_getConstraintMask)
                  01006c64    0000000c     dpl_cc32xx.a : SemaphoreP_tirtos.om4 (.text.SemaphoreP_delete)
                  01006c70    0000000c     drivers_cc32xx.a : UART2CC32XX.om4 (.text.UART2CC32XX_postNotifyFxn)
                  01006c7c    0000000c                      : UART2CC32XX.om4 (.text.UART2Support_disableTx)
                  01006c88    0000000c                      : UART2CC32XX.om4 (.text.UART2Support_enableTx)
                  01006c94    0000000c                      : UART2.om4 (.text.UART2_Params_init)
                  01006ca0    0000000c     libc.a : _lock.c.obj (.text._register_lock)
                  01006cac    0000000c            : _lock.c.obj (.text._register_unlock)
                  01006cb8    0000000c     sysbios.am4 : tirtos_pthread.o (.text.pthread_attr_setdetachstate)
                  01006cc4    0000000c                 : _BIOS.o (.text.ti_sysbios_BIOS_exit__E)
                  01006cd0    0000000c                 : _BIOS.o (.text.ti_sysbios_BIOS_start__E)
                  01006cdc    0000000c                 : m3_Hwi.o (.text.ti_sysbios_family_arm_m3_Hwi_disableFxn__E)
                  01006ce8    0000000c                 : m3_TaskSupport.o (.text.ti_sysbios_family_arm_m3_TaskSupport_getStackAlignment__E)
                  01006cf4    0000000c                 : m3_Timer.o (.text.ti_sysbios_family_arm_m3_Timer_getHandle__E)
                  01006d00    0000000c                 : gates_GateHwi.o (.text.ti_sysbios_gates_GateHwi_enter__E)
                  01006d0c    0000000c                 : knl_Clock.o (.text.ti_sysbios_knl_Clock_getTicks__E)
                  01006d18    0000000c                 : knl_Clock.o (.text.ti_sysbios_knl_Clock_setTicks__E)
                  01006d24    0000000c                 : knl_Clock.o (.text.ti_sysbios_knl_Clock_tickStart__E)
                  01006d30    0000000c                 : knl_Clock.o (.text.ti_sysbios_knl_Clock_tickStop__E)
                  01006d3c    0000000c                 : knl_Queue.o (.text.ti_sysbios_knl_Queue_dequeue__E)
                  01006d48    0000000c                 : knl_Queue.o (.text.ti_sysbios_knl_Queue_empty__E)
                  01006d54    0000000c                 : knl_Queue.o (.text.ti_sysbios_knl_Queue_enqueue__E)
                  01006d60    0000000c                 : knl_Queue.o (.text.ti_sysbios_knl_Queue_insert__E)
                  01006d6c    0000000c                 : knl_Task.o (.text.ti_sysbios_knl_Task_self__E)
                  01006d78    0000000c                 : ti_ReentSupport.o (.text.ti_sysbios_rts_ti_ReentSupport_taskRegHook__I)
                  01006d84    0000000c     driverlib.a : udma.obj (.text.uDMAErrorStatusGet)
                  01006d90    0000000c     sysbios.am4 : runtime_Gate.o (.text.xdc_runtime_Gate_enterSystem__E)
                  01006d9c    0000000c                 : runtime_Memory.o (.text.xdc_runtime_Memory_calloc__E)
                  01006da8    0000000c                 : runtime_Startup.o (.text.xdc_runtime_Startup_rtsDone__E)
                  01006db4    0000000c                 : runtime_SysCallback.o (.text.xdc_runtime_SysCallback_abort__E)
                  01006dc0    0000000c                 : runtime_SysCallback.o (.text.xdc_runtime_SysCallback_exit__E)
                  01006dcc    0000000c                 : runtime_SysCallback.o (.text.xdc_runtime_SysCallback_putch__E)
                  01006dd8    0000000c                 : runtime_SysCallback.o (.text.xdc_runtime_SysCallback_ready__E)
                  01006de4    0000000a     dpl_cc32xx.a : ClockP_tirtos.om4 (.text.ClockP_Params_init)
                  01006dee    0000000a     adcsinglechannel.o (.text.OUTLINED_FUNCTION_0)
                  01006df8    0000000a     drivers_cc32xx.a : UART2CC32XX.om4 (.text.OUTLINED_FUNCTION_0)
                  01006e02    0000000a                      : UART2.om4 (.text.OUTLINED_FUNCTION_1)
                  01006e0c    0000000a                      : UART2CC32XX.om4 (.text.OUTLINED_FUNCTION_1)
                  01006e16    0000000a     sysbios.am4 : runtime_System.o (.text.OUTLINED_FUNCTION_1)
                  01006e20    0000000a     startup.am4 : clang_startup.om4 (.text._system_pre_init)
                  01006e2a    0000000a     ti_drivers_config.o (.text.dmaErrorFxn)
                  01006e34    0000000a     release_pm4.om4 (.text.ti_sysbios_knl_Queue_Object__get__S)
                  01006e3e    00000008     drivers_cc32xx.a : ADCCC32XX.om4 (.text.ADCCC32XX_init)
                  01006e46    00000008     driverlib.a : utils.obj (.text.UtilsDelay)
                  01006e4e    00000008     sysbios.am4 : heaps_HeapMem.o (.text.ti_sysbios_heaps_HeapMem_Object_get)
                  01006e56    00000006     drivers_cc32xx.a : ADC.om4 (.text.ADC_close)
                  01006e5c    00000006                      : ADC.om4 (.text.ADC_convert)
                  01006e62    00000006                      : ADC.om4 (.text.ADC_convertToMicroVolts)
                  01006e68    00000006     display_cc32xx.a : DisplayUart2.om4 (.text.DisplayUart2Min_control)
                  01006e6e    00000006                      : DisplayUart2.om4 (.text.DisplayUart2Min_getType)
                  01006e74    00000006     drivers_cc32xx.a : UART2.om4 (.text.OUTLINED_FUNCTION_0)
                  01006e7a    00000006                      : UART2CC32XX.om4 (.text.UART2Support_powerRelConstraint)
                  01006e80    00000006     sysbios.am4 : runtime_xdc_noinit.o (.text.__xdc__init)
                  01006e86    00000006                 : tirtos_pthread.o (.text.pthread_attr_setstacksize)
                  01006e8c    00000006                 : m3_Hwi.o (.text.ti_sysbios_family_arm_m3_Hwi_doSwiRestore__I)
                  01006e92    00000006                 : m3_Hwi.o (.text.ti_sysbios_family_arm_m3_Hwi_doTaskRestore__I)
                  01006e98    00000006                 : m3_Hwi.o (.text.ti_sysbios_family_arm_m3_Hwi_restoreFxn__E)
                  01006e9e    00000006                 : gates_GateHwi.o (.text.ti_sysbios_gates_GateHwi_leave__E)
                  01006ea4    00000006                 : heaps_HeapMem.o (.text.ti_sysbios_heaps_HeapMem_isBlocking__E)
                  01006eaa    00000006                 : knl_Clock.o (.text.ti_sysbios_knl_Clock_stop__E)
                  01006eb0    00000006                 : knl_Idle.o (.text.ti_sysbios_knl_Idle_loop__E)
                  01006eb6    00000006                 : knl_Queue.o (.text.ti_sysbios_knl_Queue_Instance_init__E)
                  01006ebc    00000006                 : knl_Queue.o (.text.ti_sysbios_knl_Queue_elemClear__E)
                  01006ec2    00000006                 : knl_Swi.o (.text.ti_sysbios_knl_Swi_startup__E)
                  01006ec8    00000006     release_pm4.om4 (.text.xdc_runtime_Memory_HeapProxy_free__E)
                  01006ece    00000006     sysbios.am4 : runtime_System.o (.text.xdc_runtime_System_Module_startup__E)
                  01006ed4    00000004     dpl_cc32xx.a : ClockP_tirtos.om4 (.text.ClockP_destruct)
                  01006ed8    00000004                  : ClockP_tirtos.om4 (.text.ClockP_getCpuFreq)
                  01006edc    00000004                  : ClockP_tirtos.om4 (.text.ClockP_setTimeout)
                  01006ee0    00000004                  : ClockP_tirtos.om4 (.text.ClockP_start)
                  01006ee4    00000004                  : ClockP_tirtos.om4 (.text.ClockP_stop)
                  01006ee8    00000004                  : HwiP_tirtos.om4 (.text.HwiP_clearInterrupt)
                  01006eec    00000004                  : HwiP_tirtos.om4 (.text.HwiP_destruct)
                  01006ef0    00000004                  : HwiP_tirtos.om4 (.text.HwiP_disable)
                  01006ef4    00000004                  : HwiP_tirtos.om4 (.text.HwiP_restore)
                  01006ef8    00000004                  : SemaphoreP_tirtos.om4 (.text.SemaphoreP_destruct)
                  01006efc    00000004                  : SemaphoreP_tirtos.om4 (.text.SemaphoreP_post)
                  01006f00    00000004                  : SystemP_tirtos.om4 (.text.SystemP_vsnprintf)
                  01006f04    00000004     startup.am4 : clang_startup.om4 (.text._system_post_cinit)
                  01006f08    00000004     release_pm4.om4 (.text.aligned_alloc)
                  01006f0c    00000004     release_pm4.om4 (.text.malloc)
                  01006f10    00000004     sysbios.am4 : m3_Timer.o (.text.ti_sysbios_family_arm_m3_Timer_getMaxTicks__E)
                  01006f14    00000004                 : gates_GateHwi.o (.text.ti_sysbios_gates_GateHwi_query__E)
                  01006f18    00000004                 : gates_GateMutex.o (.text.ti_sysbios_gates_GateMutex_query__E)
                  01006f1c    00000004     release_pm4.om4 (.text.ti_sysbios_hal_Hwi_HwiProxy_getStackInfo__E)
                  01006f20    00000004     release_pm4.om4 (.text.ti_sysbios_hal_Hwi_HwiProxy_startup__E)
                  01006f24    00000004     release_pm4.om4 (.text.ti_sysbios_hal_Hwi_HwiProxy_switchFromBootStack__E)
                  01006f28    00000004     sysbios.am4 : hal_Hwi.o (.text.ti_sysbios_hal_Hwi_getStackInfo__E)
                  01006f2c    00000004                 : hal_Hwi_startup.o (.text.ti_sysbios_hal_Hwi_startup__E)
                  01006f30    00000004                 : hal_Hwi.o (.text.ti_sysbios_hal_Hwi_switchFromBootStack__E)
                  01006f34    00000004     release_pm4.om4 (.text.ti_sysbios_heaps_HeapMem_Module_GateProxy_enter__E)
                  01006f38    00000004     release_pm4.om4 (.text.ti_sysbios_heaps_HeapMem_Module_GateProxy_leave__E)
                  01006f3c    00000004     release_pm4.om4 (.text.ti_sysbios_heaps_HeapMem_Module_GateProxy_query__E)
                  01006f40    00000004     release_pm4.om4 (.text.ti_sysbios_knl_Clock_TimerProxy_getMaxTicks__E)
                  01006f44    00000004     release_pm4.om4 (.text.ti_sysbios_knl_Clock_TimerProxy_setPeriodMicroSecs__E)
                  01006f48    00000004     release_pm4.om4 (.text.ti_sysbios_knl_Clock_TimerProxy_start__E)
                  01006f4c    00000004     release_pm4.om4 (.text.ti_sysbios_knl_Clock_TimerProxy_stop__E)
                  01006f50    00000004     sysbios.am4 : knl_Clock.o (.text.ti_sysbios_knl_Clock_getTicksUntilTimeout__E)
                  01006f54    00000004                 : knl_Clock.o (.text.ti_sysbios_knl_Clock_removeI__E)
                  01006f58    00000004                 : knl_Clock.o (.text.ti_sysbios_knl_Clock_setTimeout__E)
                  01006f5c    00000004                 : knl_Queue.o (.text.ti_sysbios_knl_Queue_head__E)
                  01006f60    00000004                 : knl_Queue.o (.text.ti_sysbios_knl_Queue_next__E)
                  01006f64    00000004                 : knl_Queue.o (.text.ti_sysbios_knl_Queue_prev__E)
                  01006f68    00000004     release_pm4.om4 (.text.ti_sysbios_knl_Semaphore_delete)
                  01006f6c    00000004     release_pm4.om4 (.text.ti_sysbios_knl_Task_SupportProxy_Module__startupDone__S)
                  01006f70    00000004     release_pm4.om4 (.text.ti_sysbios_knl_Task_SupportProxy_getStackAlignment__E)
                  01006f74    00000004     release_pm4.om4 (.text.ti_sysbios_knl_Task_SupportProxy_start__E)
                  01006f78    00000004     release_pm4.om4 (.text.ti_sysbios_knl_Task_SupportProxy_swap__E)
                  01006f7c    00000004     release_pm4.om4 (.text.ti_sysbios_knl_Task_delete)
                  01006f80    00000004     sysbios.am4 : knl_Task.o (.text.ti_sysbios_knl_Task_getArg1__E)
                  01006f84    00000004                 : knl_Task.o (.text.ti_sysbios_knl_Task_getEnv__E)
                  01006f88    00000004                 : knl_Task.o (.text.ti_sysbios_knl_Task_startup__E)
                  01006f8c    00000004                 : runtime_SysCallback.o (.text.xdc_runtime_SysCallback_defaultReady)
                  01006f90    00000004     release_pm4.om4 (.text.xdc_runtime_System_Module_GateProxy_enter__E)
                  01006f94    00000004     release_pm4.om4 (.text.xdc_runtime_System_Module_GateProxy_leave__E)
                  01006f98    00000004     release_pm4.om4 (.text.xdc_runtime_System_SupportProxy_abort__E)
                  01006f9c    00000004     release_pm4.om4 (.text.xdc_runtime_System_SupportProxy_exit__E)
                  01006fa0    00000004     release_pm4.om4 (.text.xdc_runtime_System_SupportProxy_putch__E)
                  01006fa4    00000004     release_pm4.om4 (.text.xdc_runtime_System_SupportProxy_ready__E)
                  01006fa8    00000004     libclang_rt.builtins.a : aeabi_memcpy.S.obj (.text)
                  01006fac    00000002     sysbios.am4 : runtime_System.o (.text.xdc_runtime_System_exitSpin__E)

.rodata    0    01006fb0    000004b4     
                  01006fb0    00000100     driverlib.a : pin.obj (.rodata.g_ulPinToPadMap)
                  010070b0    000000c7     adcsinglechannel.o (.rodata.str1.1)
                  01007177    00000001     ti_drivers_config.o (.rodata.ADC_count)
                  01007178    000000a8     driverlib.a : prcm.obj (.rodata.PRCM_PeriphRegsList)
                  01007220    0000004d     release_pm4.om4 (.rodata.str1.1)
                  0100726d    00000002     drivers_cc32xx.a : UART2CC32XX.om4 (.rodata.stopBits)
                  0100726f    00000001     ti_drivers_config.o (.rodata.Display_count)
                  01007270    00000044     ti_drivers_config.o (.rodata.PowerCC32XX_config)
                  010072b4    0000003c     ti_drivers_config.o (.rodata.uart2CC32XXHWAttrs0)
                  010072f0    0000002a     sysbios.am4 : runtime_Startup.o (.rodata.str1.1)
                  0100731a    00000001     display_cc32xx.a : Display.om4 (.rodata.Display_defaultParams)
                  0100731b    00000001     ti_drivers_config.o (.rodata.GPIO_pinUpperBound)
                  0100731c    00000028     drivers_cc32xx.a : GPIOCC32XX.om4 (.rodata.portConfigs)
                  01007344    00000024                      : UART2.om4 (.rodata.UART2_defaultParams)
                  01007368    00000021                      : GPIOCC32XX.om4 (.rodata.pinTable)
                  01007389    00000001     ti_drivers_config.o (.rodata.UART2_count)
                  0100738a    00000002     --HOLE-- [fill = 0]
                  0100738c    00000020     display_cc32xx.a : DisplayUart2.om4 (.rodata.DisplayUart2Min_fxnTable)
                  010073ac    0000001c     drivers_cc32xx.a : ADCCC32XX.om4 (.rodata.ADCCC32XX_fxnTable)
                  010073c8    00000018     ti_drivers_config.o (.rodata.ADC_config)
                  010073e0    00000018     sysbios.am4 : runtime_System.o (.rodata.str1.1)
                  010073f8    00000014     ti_drivers_config.o (.rodata.displayUart2HWAttrs)
                  0100740c    00000010     ti_drivers_config.o (.rodata.GPIO_config)
                  0100741c    0000000c     ti_drivers_config.o (.rodata.Display_config)
                  01007428    0000000c     ti_drivers_config.o (.rodata.udmaCC3220SHWAttrs)
                  01007434    00000004     drivers_cc32xx.a : UART2CC32XX.om4 (.rodata.cst4)
                  01007438    00000008                      : ADC.om4 (.rodata.ADC_defaultParams)
                  01007440    00000008     ti_drivers_config.o (.rodata.UART2_config)
                  01007448    00000008     ti_drivers_config.o (.rodata.UDMACC32XX_config)
                  01007450    00000008     ti_drivers_config.o (.rodata.adcCC32XXHWAttrs)
                  01007458    00000005     drivers_cc32xx.a : UART2CC32XX.om4 (.rodata.parityType)
                  0100745d    00000003     --HOLE-- [fill = 0]
                  01007460    00000004     release_pm4.om4 (.rodata.heap0)

.const     0    01007464    000003f1     
                  01007464    0000003c     release_pm4.om4 (.const:ti_sysbios_knl_Task_Object__PARAMS__C)
                  010074a0    00000030     release_pm4.om4 (.const:ti_sysbios_family_arm_m3_Hwi_Object__PARAMS__C)
                  010074d0    00000028     release_pm4.om4 (.const:ti_sysbios_heaps_HeapMem_Module__FXNS__C)
                  010074f8    00000024     release_pm4.om4 (.const:ti_sysbios_gates_GateHwi_Module__FXNS__C)
                  0100751c    00000024     release_pm4.om4 (.const:ti_sysbios_gates_GateMutex_Module__FXNS__C)
                  01007540    00000024     release_pm4.om4 (.const:ti_sysbios_heaps_HeapMem_Object__PARAMS__C)
                  01007564    00000024     release_pm4.om4 (.const:ti_sysbios_knl_Clock_Object__PARAMS__C)
                  01007588    00000024     release_pm4.om4 (.const:ti_sysbios_knl_Semaphore_Object__PARAMS__C)
                  010075ac    00000024     release_pm4.om4 (.const:xdc_runtime_Startup_sfxnTab__A)
                  010075d0    00000020     release_pm4.om4 (.const:ti_sysbios_family_arm_m3_Hwi_Object__DESC__C)
                  010075f0    00000020     release_pm4.om4 (.const:ti_sysbios_gates_GateHwi_Object__DESC__C)
                  01007610    00000020     release_pm4.om4 (.const:ti_sysbios_gates_GateMutex_Object__DESC__C)
                  01007630    00000020     release_pm4.om4 (.const:ti_sysbios_heaps_HeapMem_Object__DESC__C)
                  01007650    00000020     release_pm4.om4 (.const:ti_sysbios_knl_Clock_Object__DESC__C)
                  01007670    00000020     release_pm4.om4 (.const:ti_sysbios_knl_Queue_Object__DESC__C)
                  01007690    00000020     release_pm4.om4 (.const:ti_sysbios_knl_Semaphore_Object__DESC__C)
                  010076b0    00000020     release_pm4.om4 (.const:ti_sysbios_knl_Task_Object__DESC__C)
                  010076d0    00000018     release_pm4.om4 (.const:ti_sysbios_gates_GateHwi_Object__PARAMS__C)
                  010076e8    00000018     release_pm4.om4 (.const:ti_sysbios_gates_GateMutex_Object__PARAMS__C)
                  01007700    00000018     release_pm4.om4 (.const:ti_sysbios_knl_Queue_Object__PARAMS__C)
                  01007718    00000018     release_pm4.om4 (.const:ti_sysbios_knl_Task_hooks__A)
                  01007730    00000012     release_pm4.om4 (.const:xdc_runtime_Startup_sfxnRts__A)
                  01007742    00000002     release_pm4.om4 (.const:ti_sysbios_family_arm_m3_Hwi_Module__id__C)
                  01007744    0000000c     release_pm4.om4 (.const:xdc_runtime_Startup_firstFxns__A)
                  01007750    00000008     release_pm4.om4 (.const:ti_sysbios_knl_Idle_funcList__A)
                  01007758    00000008     release_pm4.om4 (.const:ti_sysbios_knl_Idle_funcList__C)
                  01007760    00000008     release_pm4.om4 (.const:ti_sysbios_knl_Task_hooks__C)
                  01007768    00000008     release_pm4.om4 (.const:xdc_runtime_Startup_firstFxns__C)
                  01007770    00000008     release_pm4.om4 (.const:xdc_runtime_Startup_lastFxns__C)
                  01007778    00000004     release_pm4.om4 (.const:ti_sysbios_family_arm_m3_Hwi_E_alreadyDefined__C)
                  0100777c    00000004     release_pm4.om4 (.const:ti_sysbios_family_arm_m3_Hwi_E_badIntNum__C)
                  01007780    00000004     release_pm4.om4 (.const:ti_sysbios_family_arm_m3_Hwi_NUM_INTERRUPTS__C)
                  01007784    00000004     release_pm4.om4 (.const:ti_sysbios_family_arm_m3_Hwi_Object__count__C)
                  01007788    00000004     release_pm4.om4 (.const:ti_sysbios_family_arm_m3_Hwi_ccr__C)
                  0100778c    00000004     release_pm4.om4 (.const:ti_sysbios_family_arm_m3_Hwi_excHandlerFunc__C)
                  01007790    00000004     release_pm4.om4 (.const:ti_sysbios_family_arm_m3_Hwi_nullIsrFunc__C)
                  01007794    00000004     release_pm4.om4 (.const:ti_sysbios_family_arm_m3_Hwi_priGroup__C)
                  01007798    00000004     release_pm4.om4 (.const:ti_sysbios_family_arm_m3_Hwi_swiDisable__C)
                  0100779c    00000004     release_pm4.om4 (.const:ti_sysbios_family_arm_m3_Hwi_swiRestore__C)
                  010077a0    00000004     release_pm4.om4 (.const:ti_sysbios_family_arm_m3_TaskSupport_stackAlignment__C)
                  010077a4    00000004     release_pm4.om4 (.const:ti_sysbios_family_arm_m3_Timer_E_cannotSupport__C)
                  010077a8    00000004     release_pm4.om4 (.const:ti_sysbios_family_arm_m3_Timer_startupNeeded__C)
                  010077ac    00000004     release_pm4.om4 (.const:ti_sysbios_gates_GateMutex_Instance_State_sem__O)
                  010077b0    00000004     release_pm4.om4 (.const:ti_sysbios_heaps_HeapMem_E_memory__C)
                  010077b4    00000004     release_pm4.om4 (.const:ti_sysbios_heaps_HeapMem_Module__gateObj__C)
                  010077b8    00000004     release_pm4.om4 (.const:ti_sysbios_heaps_HeapMem_Object__count__C)
                  010077bc    00000004     release_pm4.om4 (.const:ti_sysbios_heaps_HeapMem_primaryHeapBaseAddr__C)
                  010077c0    00000004     release_pm4.om4 (.const:ti_sysbios_heaps_HeapMem_primaryHeapEndAddr__C)
                  010077c4    00000004     release_pm4.om4 (.const:ti_sysbios_heaps_HeapMem_reqAlign__C)
                  010077c8    00000004     release_pm4.om4 (.const:ti_sysbios_knl_Clock_Module_State_clockQ__O)
                  010077cc    00000004     release_pm4.om4 (.const:ti_sysbios_knl_Clock_tickPeriod__C)
                  010077d0    00000004     release_pm4.om4 (.const:ti_sysbios_knl_Mailbox_Instance_State_freeQue__O)
                  010077d4    00000004     release_pm4.om4 (.const:ti_sysbios_knl_Mailbox_Object__count__C)
                  010077d8    00000004     release_pm4.om4 (.const:ti_sysbios_knl_Mailbox_maxTypeAlign__C)
                  010077dc    00000004     release_pm4.om4 (.const:ti_sysbios_knl_Semaphore_Instance_State_pendQ__O)
                  010077e0    00000004     release_pm4.om4 (.const:ti_sysbios_knl_Swi_Object__count__C)
                  010077e4    00000004     release_pm4.om4 (.const:ti_sysbios_knl_Task_Module_State_inactiveQ__O)
                  010077e8    00000004     release_pm4.om4 (.const:ti_sysbios_knl_Task_Object__count__C)
                  010077ec    00000004     release_pm4.om4 (.const:ti_sysbios_knl_Task_Object__heap__C)
                  010077f0    00000004     release_pm4.om4 (.const:ti_sysbios_knl_Task_allBlockedFunc__C)
                  010077f4    00000004     release_pm4.om4 (.const:ti_sysbios_knl_Task_defaultStackHeap__C)
                  010077f8    00000004     release_pm4.om4 (.const:ti_sysbios_knl_Task_defaultStackSize__C)
                  010077fc    00000004     release_pm4.om4 (.const:ti_sysbios_knl_Task_numConstructedTasks__C)
                  01007800    00000004     release_pm4.om4 (.const:xdc_runtime_Error_E_memory__C)
                  01007804    00000004     release_pm4.om4 (.const:xdc_runtime_Error_policyFxn__C)
                  01007808    00000004     release_pm4.om4 (.const:xdc_runtime_IGateProvider_Interface__BASE__C)
                  0100780c    00000004     release_pm4.om4 (.const:xdc_runtime_IHeap_Interface__BASE__C)
                  01007810    00000004     release_pm4.om4 (.const:xdc_runtime_IModule_Interface__BASE__C)
                  01007814    00000004     release_pm4.om4 (.const:xdc_runtime_Memory_defaultHeapInstance__C)
                  01007818    00000004     release_pm4.om4 (.const:xdc_runtime_Startup_execImpl__C)
                  0100781c    00000004     release_pm4.om4 (.const:xdc_runtime_Startup_maxPasses__C)
                  01007820    00000004     release_pm4.om4 (.const:xdc_runtime_Startup_sfxnRts__C)
                  01007824    00000004     release_pm4.om4 (.const:xdc_runtime_Startup_sfxnTab__C)
                  01007828    00000004     release_pm4.om4 (.const:xdc_runtime_SysCallback_abortFxn__C)
                  0100782c    00000004     release_pm4.om4 (.const:xdc_runtime_SysCallback_exitFxn__C)
                  01007830    00000004     release_pm4.om4 (.const:xdc_runtime_SysCallback_putchFxn__C)
                  01007834    00000004     release_pm4.om4 (.const:xdc_runtime_SysCallback_readyFxn__C)
                  01007838    00000004     release_pm4.om4 (.const:xdc_runtime_System_Module__gateObj__C)
                  0100783c    00000004     release_pm4.om4 (.const:xdc_runtime_System_abortFxn__C)
                  01007840    00000004     release_pm4.om4 (.const:xdc_runtime_System_exitFxn__C)
                  01007844    00000004     release_pm4.om4 (.const:xdc_runtime_System_extendFxn__C)
                  01007848    00000004     release_pm4.om4 (.const:xdc_runtime_System_maxAtexitHandlers__C)
                  0100784c    00000002     release_pm4.om4 (.const:ti_sysbios_family_arm_m3_Timer_Module__id__C)
                  0100784e    00000002     release_pm4.om4 (.const:ti_sysbios_heaps_HeapMem_Module__id__C)
                  01007850    00000002     release_pm4.om4 (.const:xdc_runtime_Memory_Module__id__C)
                  01007852    00000001     release_pm4.om4 (.const:ti_sysbios_knl_Clock_tickMode__C)
                  01007853    00000001     release_pm4.om4 (.const:ti_sysbios_knl_Clock_tickSource__C)
                  01007854    00000001     release_pm4.om4 (.const:xdc_runtime_Error_policy__C)

.cinit     0    01007858    00000268     
                  01007858    00000231     (.cinit..data.load) [load image, compression = lzss]
                  01007a89    00000003     --HOLE-- [fill = 0]
                  01007a8c    0000000c     (__TI_handler_table)
                  01007a98    00000008     (.cinit..bss.load) [load image, compression = zero_init]
                  01007aa0    00000008     (.cinit..vecs.load) [load image, compression = zero_init]
                  01007aa8    00000018     (__TI_cinit_table)

.init_array 
*          0    01000800    00000000     UNINITIALIZED

.vecs      0    20000000    0000030c     UNINITIALIZED
                  20000000    0000030c     release_pm4.om4 (.vecs)

.bss       0    20008400    000011f4     UNINITIALIZED
                  20008400    00000400     ti_drivers_config.o (.bss.displayUART2Buffer)
                  20008800    00000400     ti_drivers_config.o (.bss.dmaControlTable)
                  20008c00    0000030c     (.common:ti_sysbios_family_arm_m3_Hwi_dispatchTable)
                  20008f0c    00000004     adcsinglechannel.o (.bss.display)
                  20008f10    00000200     release_pm4.om4 (.bss:taskStackSection)
                  20009110    000001f8     (.common:uart2CC32XXObjects0)
                  20009308    0000012c     (.common:PowerCC32XX_contextSave)
                  20009434    00000084     (.common:gpioCallbackFunctions)
                  200094b8    00000084     (.common:gpioUserArgs)
                  2000953c    00000020     ti_drivers_config.o (.bss.uart2RxRingBuffer0)
                  2000955c    00000020     ti_drivers_config.o (.bss.uart2TxRingBuffer0)
                  2000957c    0000001c     sysbios.am4 : tirtos_pthread_key.o (.bss.sem)
                  20009598    00000014     drivers_cc32xx.a : UDMACC32XX.om4 (.bss.postNotifyObj)
                  200095ac    00000014                      : GPIOCC32XX.om4 (.bss.powerNotifyObj)
                  200095c0    00000014     (.common:adcValue1)
                  200095d4    0000000c     (.common:displayUart2Object)
                  200095e0    00000008     (.common:udmaCC3220SObject)
                  200095e8    00000004     (.common:adcValue0MicroVolt)
                  200095ec    00000004     (.common:ti_sysbios_knl_Task_Instance_State_0_hookEnv__A)
                  200095f0    00000002     (.common:adcCC32XXObjects)
                  200095f2    00000002     (.common:adcValue0)

.data      0    200095f4    000006b9     UNINITIALIZED
                  200095f4    0000016c     drivers_cc32xx.a : PowerCC32XX.om4 (.data.PowerCC32XX_module)
                  20009760    000000f8     ti_drivers_config.o (.data.parkInfo)
                  20009858    00000084     ti_drivers_config.o (.data.gpioPinConfigs)
                  200098dc    00000080     release_pm4.om4 (.data.ti_sysbios_knl_Swi_Module_State_0_readyQ__A)
                  2000995c    00000080     release_pm4.om4 (.data.ti_sysbios_knl_Task_Module_State_0_readyQ__A)
                  200099dc    0000004c     release_pm4.om4 (.data.ti_sysbios_knl_Task_Object__table__V)
                  20009a28    00000044     release_pm4.om4 (.data:ti_sysbios_knl_Task_Module__state__V)
                  20009a6c    00000038     release_pm4.om4 (.data.ti_sysbios_gates_GateMutex_Object__table__V)
                  20009aa4    00000034     release_pm4.om4 (.data:ti_sysbios_family_arm_m3_Hwi_Module__state__V)
                  20009ad8    00000030     release_pm4.om4 (.data.ti_sysbios_family_arm_m3_Timer_Object__table__V)
                  20009b08    00000030     release_pm4.om4 (.data.ti_sysbios_knl_Swi_Object__table__V)
                  20009b38    0000002c     release_pm4.om4 (.data:ti_sysbios_knl_Clock_Module__state__V)
                  20009b64    00000024     release_pm4.om4 (.data:ti_sysbios_BIOS_Module__state__V)
                  20009b88    00000020     release_pm4.om4 (.data.xdc_runtime_Error_IgnoreBlock)
                  20009ba8    0000001c     release_pm4.om4 (.data:ti_sysbios_knl_Swi_Module__state__V)
                  20009bc4    00000018     release_pm4.om4 (.data.ti_sysbios_family_arm_m3_Hwi_Object__table__V)
                  20009bdc    00000018     release_pm4.om4 (.data.ti_sysbios_heaps_HeapMem_Object__table__V)
                  20009bf4    00000014     sysbios.am4 : tirtos_pthread.o (.data.defaultPthreadAttrs)
                  20009c08    0000000c     release_pm4.om4 (.data:ti_sysbios_family_arm_m3_Timer_Module__state__V)
                  20009c14    00000008     drivers_cc32xx.a : GPIOCC32XX.om4 (.data..L_MergedGlobals)
                  20009c1c    00000008                      : UDMACC32XX.om4 (.data..L_MergedGlobals)
                  20009c24    00000008     release_pm4.om4 (.data.ti_sysbios_family_arm_m3_Hwi_Module__root__V)
                  20009c2c    00000008     release_pm4.om4 (.data.ti_sysbios_gates_GateHwi_Module__root__V)
                  20009c34    00000008     release_pm4.om4 (.data.ti_sysbios_gates_GateMutex_Module__root__V)
                  20009c3c    00000008     release_pm4.om4 (.data.ti_sysbios_heaps_HeapMem_Module__root__V)
                  20009c44    00000008     release_pm4.om4 (.data.ti_sysbios_knl_Clock_Module__root__V)
                  20009c4c    00000008     release_pm4.om4 (.data.ti_sysbios_knl_Queue_Module__root__V)
                  20009c54    00000008     release_pm4.om4 (.data.ti_sysbios_knl_Semaphore_Module__root__V)
                  20009c5c    00000008     release_pm4.om4 (.data.ti_sysbios_knl_Task_Module__root__V)
                  20009c64    00000008     release_pm4.om4 (.data.xdc_runtime_System_Module_State_0_atexitHandlers__A)
                  20009c6c    00000008     release_pm4.om4 (.data:xdc_runtime_Startup_Module__state__V)
                  20009c74    00000008     release_pm4.om4 (.data:xdc_runtime_System_Module__state__V)
                  20009c7c    00000004     release_pm4.om4 (.data.__xdc__init__addr)
                  20009c80    00000004     libc.a : _lock.c.obj (.data._lock)
                  20009c84    00000004            : _lock.c.obj (.data._unlock)
                  20009c88    00000004     sysbios.am4 : tirtos_pthread.o (.data.terminatedList)
                  20009c8c    00000004     release_pm4.om4 (.data.ti_sysbios_family_arm_m3_Hwi_Module_State_0_excContext__A)
                  20009c90    00000004     release_pm4.om4 (.data.ti_sysbios_family_arm_m3_Hwi_Module_State_0_excStack__A)
                  20009c94    00000004     release_pm4.om4 (.data.ti_sysbios_gates_GateHwi_Object__table__V)
                  20009c98    00000004     release_pm4.om4 (.data.ti_sysbios_knl_Task_Module_State_0_idleTask__A)
                  20009c9c    00000004     release_pm4.om4 (.data:ti_sysbios_family_arm_m3_TimestampProvider_Module__state__V)
                  20009ca0    00000004     release_pm4.om4 (.data:ti_sysbios_rts_ti_ReentSupport_Module__state__V)
                  20009ca4    00000004     release_pm4.om4 (.data:xdc_runtime_Memory_Module__state__V)
                  20009ca8    00000002     release_pm4.om4 (.data.ti_sysbios_family_arm_m3_Hwi_Module_State_0_excActive__A)
                  20009caa    00000001     drivers_cc32xx.a : ADC.om4 (.data.isInitialized)
                  20009cab    00000001                      : GPIOCC32XX.om4 (.data.portHwiCreatedBitMask)
                  20009cac    00000001                      : ADCCC32XX.om4 (.data.state.1)

.priheap   0    20000310    00008000     UNINITIALIZED
                  20000310    00008000     --HOLE--

.stack     0    2003fc00    00000400     UNINITIALIZED
                  2003fc00    00000004     startup.am4 : boot_cortex_m.om4 (.stack)
                  2003fc04    000003fc     --HOLE--

.log_data 
*          0    90000000    00000000     COPY SECTION

.bootVecs 
*          0    00000000    00000000     DSECT

xdc.meta   0    00000000    000000f4     COPY SECTION
                  00000000    000000f4     release_pm4.om4 (xdc.meta)

xdc.noload 
*          0    00000000    00000000     COPY SECTION

__llvm_prf_cnts 
*          0    20000000    00000000     UNINITIALIZED

__llvm_prf_bits 
*          0    20000000    00000000     UNINITIALIZED

.binit     0    01000000    00000000     

MODULE SUMMARY

       Module                       code    ro data   rw data
       ------                       ----    -------   -------
    .\
       adcsinglechannel.o           414     199       30     
       main_tirtos.o                88      0         0      
    +--+----------------------------+-------+---------+---------+
       Total:                       502     199       30     
                                                             
    .\syscfg\
       ti_drivers_config.o          34      240       3282   
    +--+----------------------------+-------+---------+---------+
       Total:                       34      240       3282   
                                                             
    D:\344\workspace_v12\tirtos_builds_cc32xx_release_ticlang\Debug\configPkg\package\cfg\
       release_pm4.om4              2306    1870      3002   
    +--+----------------------------+-------+---------+---------+
       Total:                       2306    1870      3002   
                                                             
    D:/ti/simplelink_cc32xx_sdk_6_10_00_05/kernel/tirtos/packages/ti/dpl/lib/ticlang/m4/dpl_cc32xx.a
       PowerCC32XX_tirtos.om4       414     0         0      
       HwiP_tirtos.om4              196     0         0      
       SemaphoreP_tirtos.om4        186     0         0      
       ClockP_tirtos.om4            114     0         0      
       SystemP_tirtos.om4           4       0         0      
    +--+----------------------------+-------+---------+---------+
       Total:                       914     0         0      
                                                             
    D:/ti/simplelink_cc32xx_sdk_6_10_00_05/source/ti/devices/cc32xx/driverlib/ticlang/Release/driverlib.a
       prcm.obj                     1872    168       0      
       pin.obj                      306     256       0      
       udma.obj                     202     0         0      
       uart.obj                     172     0         0      
       flash.obj                    92      0         0      
       utils.obj                    8       0         0      
    +--+----------------------------+-------+---------+---------+
       Total:                       2652    424       0      
                                                             
    D:/ti/simplelink_cc32xx_sdk_6_10_00_05/source/ti/display/lib/ticlang/m4/display_cc32xx.a
       DisplayUart2.om4             184     32        0      
       Display.om4                  138     1         0      
    +--+----------------------------+-------+---------+---------+
       Total:                       322     33        0      
                                                             
    D:/ti/simplelink_cc32xx_sdk_6_10_00_05/source/ti/drivers/lib/ticlang/m4/drivers_cc32xx.a
       PowerCC32XX.om4              2124    0         664    
       UART2CC32XX.om4              2524    11        0      
       GPIOCC32XX.om4               1022    73        29     
       UART2.om4                    812     36        0      
       ADCCC32XX.om4                402     28        1      
       UDMACC32XX.om4               270     0         28     
       RingBuf.om4                  268     0         0      
       ADC.om4                      166     8         1      
       PowerCC32XX_asm.om4          150     0         0      
       List.om4                     76      0         0      
    +--+----------------------------+-------+---------+---------+
       Total:                       7814    156       723    
                                                             
    D:\344\workspace_v12\tirtos_builds_cc32xx_release_ticlang\src\sysbios\sysbios.am4
       knl_Task.o                   1886    0         0      
       runtime_System.o             1096    24        0      
       m3_Hwi.o                     1044    0         0      
       knl_Swi.o                    598     0         0      
       heaps_HeapMem.o              560     0         0      
       tirtos_pthread.o             522     0         24     
       knl_Clock.o                  518     0         0      
       m3_Timer.o                   460     0         0      
       knl_Semaphore.o              400     0         0      
       runtime_Startup.o            276     42        0      
       m3_Hwi_asm_gnu.obj           272     0         0      
       runtime_Core-mem.o           192     0         0      
       runtime_Memory.o             174     0         0      
       tirtos_pthread_key.o         132     0         28     
       m3_TaskSupport_asm_gnu.obj   132     0         0      
       gates_GateMutex.o            120     0         0      
       knl_Mailbox.o                120     0         0      
       runtime_Error.o              116     0         0      
       knl_Queue.o                  114     0         0      
       m3_Hwi_asm_switch_gnu.obj    102     0         0      
       runtime_Core-smem.o          70      0         0      
       runtime_Core-params.o        64      0         0      
       _BIOS.o                      58      0         0      
       runtime_SysCallback.o        58      0         0      
       m3_TaskSupport.o             56      0         0      
       m3_TimestampProvider.o       40      0         0      
       knl_Idle.o                   38      0         0      
       hal_Hwi_stack.o              32      0         0      
       runtime_Gate.o               28      0         0      
       gates_GateHwi.o              24      0         0      
       hal_Hwi.o                    24      0         0      
       ti_ReentSupport.o            12      0         0      
       runtime_xdc_noinit.o         6       0         0      
       hal_Hwi_startup.o            4       0         0      
    +--+----------------------------+-------+---------+---------+
       Total:                       9348    66        52     
                                                             
    D:\ti\ccs1220\ccs\tools\compiler\ti-cgt-armllvm_2.1.2.LTS\lib\armv7em-ti-none-eabi/c/libc.a
       copy_decompress_lzss.c.obj   106     0         0      
       autoinit.c.obj               56      0         0      
       _lock.c.obj                  26      0         8      
       args_main.c.obj              20      0         0      
       memcpy_t2.S.obj              18      0         0      
       copy_zero_init.c.obj         16      0         0      
       copy_decompress_none.c.obj   14      0         0      
       memset_t2.S.obj              14      0         0      
    +--+----------------------------+-------+---------+---------+
       Total:                       270     0         8      
                                                             
    D:\ti\ccs1220\ccs\tools\compiler\ti-cgt-armllvm_2.1.2.LTS\lib\clang/14.0.6/lib/armv7em-ti-none-eabi/libclang_rt.builtins.a
       adddf3.S.obj                 438     0         0      
       muldf3.S.obj                 252     0         0      
       comparedf2.c.obj             220     0         0      
       udivmoddi4.S.obj             176     0         0      
       aeabi_dcmp.S.obj             98      0         0      
       fixdfsi.S.obj                72      0         0      
       fixunsdfsi.S.obj             68      0         0      
       extendsfdf2.S.obj            56      0         0      
       floatunsidf.S.obj            32      0         0      
       aeabi_memset.S.obj           20      0         0      
       aeabi_uldivmod.S.obj         20      0         0      
       aeabi_memcpy.S.obj           4       0         0      
       aeabi_div0.c.obj             2       0         0      
    +--+----------------------------+-------+---------+---------+
       Total:                       1458    0         0      
                                                             
    D:\ti\simplelink_cc32xx_sdk_6_10_00_05\kernel\tirtos\packages\ti\targets\arm\rtsarm\lib\startup.am4
       boot_cortex_m.om4            124     0         0      
       clang_startup.om4            14      0         0      
    +--+----------------------------+-------+---------+---------+
       Total:                       138     0         0      
                                                             
       Stack:                       0       0         1024   
       Linker Generated:            0       613       0      
    +--+----------------------------+-------+---------+---------+
[...]
01006e21  _system_pre_init                                                
01006e35  ti_sysbios_knl_Queue_Object__get__S                             
01006e3f  ADCCC32XX_init                                                  
01006e47  UtilsDelay                                                      
01006e57  ADC_close                                                       
01006e5d  ADC_convert                                                     
01006e63  ADC_convertToMicroVolts                                         
01006e69  DisplayUart2Min_control                                         
01006e6f  DisplayUart2Min_getType                                         
01006e7b  UART2Support_powerRelConstraint                                 
01006e81  __xdc__init                                                     
01006e87  pthread_attr_setstacksize                                       
01006e8d  ti_sysbios_family_arm_m3_Hwi_doSwiRestore__I                    
01006e93  ti_sysbios_family_arm_m3_Hwi_doTaskRestore__I                   
01006e99  ti_sysbios_family_arm_m3_Hwi_restoreFxn__E                      
01006e9f  ti_sysbios_gates_GateHwi_leave__E                               
01006ea5  ti_sysbios_heaps_HeapMem_isBlocking__E                          
01006eab  ti_sysbios_knl_Clock_stop__E                                    
01006eb1  ti_sysbios_knl_Idle_loop__E                                     
01006eb7  ti_sysbios_knl_Queue_Instance_init__E                           
01006ebd  ti_sysbios_knl_Queue_elemClear__E                               
01006ec3  ti_sysbios_knl_Swi_startup__E                                   
01006ec9  xdc_runtime_Memory_HeapProxy_free__E                            
01006ecf  xdc_runtime_System_Module_startup__E                            
01006ed5  ClockP_destruct                                                 
01006ed9  ClockP_getCpuFreq                                               
01006edd  ClockP_setTimeout                                               
01006ee1  ClockP_start                                                    
01006ee5  ClockP_stop                                                     
01006ee9  HwiP_clearInterrupt                                             
01006eed  HwiP_destruct                                                   
01006ef1  HwiP_disable                                                    
01006ef5  HwiP_restore                                                    
01006ef9  SemaphoreP_destruct                                             
01006efd  SemaphoreP_post                                                 
01006f01  SystemP_vsnprintf                                               
01006f05  _system_post_cinit                                              
01006f09  aligned_alloc                                                   
01006f0d  malloc                                                          
01006f11  ti_sysbios_family_arm_m3_Timer_getMaxTicks__E                   
01006f15  ti_sysbios_gates_GateHwi_query__E                               
01006f19  ti_sysbios_gates_GateMutex_query__E                             
01006f1d  ti_sysbios_hal_Hwi_HwiProxy_getStackInfo__E                     
01006f21  ti_sysbios_hal_Hwi_HwiProxy_startup__E                          
01006f25  ti_sysbios_hal_Hwi_HwiProxy_switchFromBootStack__E              
01006f29  ti_sysbios_hal_Hwi_getStackInfo__E                              
01006f2d  ti_sysbios_hal_Hwi_startup__E                                   
01006f31  ti_sysbios_hal_Hwi_switchFromBootStack__E                       
01006f35  ti_sysbios_heaps_HeapMem_Module_GateProxy_enter__E              
01006f39  ti_sysbios_heaps_HeapMem_Module_GateProxy_leave__E              
01006f3d  ti_sysbios_heaps_HeapMem_Module_GateProxy_query__E              
01006f41  ti_sysbios_knl_Clock_TimerProxy_getMaxTicks__E                  
01006f45  ti_sysbios_knl_Clock_TimerProxy_setPeriodMicroSecs__E           
01006f49  ti_sysbios_knl_Clock_TimerProxy_start__E                        
01006f4d  ti_sysbios_knl_Clock_TimerProxy_stop__E                         
01006f51  ti_sysbios_knl_Clock_getTicksUntilTimeout__E                    
01006f55  ti_sysbios_knl_Clock_removeI__E                                 
01006f59  ti_sysbios_knl_Clock_setTimeout__E                              
01006f5d  ti_sysbios_knl_Queue_head__E                                    
01006f61  ti_sysbios_knl_Queue_next__E                                    
01006f65  ti_sysbios_knl_Queue_prev__E                                    
01006f69  ti_sysbios_knl_Semaphore_delete                                 
01006f6d  ti_sysbios_knl_Task_SupportProxy_Module__startupDone__S         
01006f71  ti_sysbios_knl_Task_SupportProxy_getStackAlignment__E           
01006f75  ti_sysbios_knl_Task_SupportProxy_start__E                       
01006f79  ti_sysbios_knl_Task_SupportProxy_swap__E                        
01006f7d  ti_sysbios_knl_Task_delete                                      
01006f81  ti_sysbios_knl_Task_getArg1__E                                  
01006f85  ti_sysbios_knl_Task_getEnv__E                                   
01006f89  ti_sysbios_knl_Task_startup__E                                  
01006f8d  xdc_runtime_SysCallback_defaultReady                            
01006f91  xdc_runtime_System_Module_GateProxy_enter__E                    
01006f95  xdc_runtime_System_Module_GateProxy_leave__E                    
01006f99  xdc_runtime_System_SupportProxy_abort__E                        
01006f9d  xdc_runtime_System_SupportProxy_exit__E                         
01006fa1  xdc_runtime_System_SupportProxy_putch__E                        
01006fa5  xdc_runtime_System_SupportProxy_ready__E                        
01006fa9  __aeabi_memcpy                                                  
01006fa9  __aeabi_memcpy4                                                 
01006fa9  __aeabi_memcpy8                                                 
01006fad  xdc_runtime_System_exitSpin__E                                  
01007177  ADC_count                                                       
0100726f  Display_count                                                   
01007270  PowerCC32XX_config                                              
0100731a  Display_defaultParams                                           
0100731b  GPIO_pinUpperBound                                              
01007344  UART2_defaultParams                                             
01007389  UART2_count                                                     
0100738c  DisplayUart2Min_fxnTable                                        
010073ac  ADCCC32XX_fxnTable                                              
010073c8  ADC_config                                                      
010073f8  displayUart2HWAttrs                                             
0100740c  GPIO_config                                                     
0100741c  Display_config                                                  
01007428  udmaCC3220SHWAttrs                                              
01007438  ADC_defaultParams                                               
01007440  UART2_config                                                    
01007448  UDMACC32XX_config                                               
01007450  adcCC32XXHWAttrs                                                
01007460  heap0                                                           
01007464  ti_sysbios_knl_Task_Object__PARAMS__C                           
010074a0  ti_sysbios_family_arm_m3_Hwi_Object__PARAMS__C                  
010074d0  ti_sysbios_heaps_HeapMem_Module__FXNS__C                        
010074f8  ti_sysbios_gates_GateHwi_Module__FXNS__C                        
0100751c  ti_sysbios_gates_GateMutex_Module__FXNS__C                      
01007540  ti_sysbios_heaps_HeapMem_Object__PARAMS__C                      
01007564  ti_sysbios_knl_Clock_Object__PARAMS__C                          
01007588  ti_sysbios_knl_Semaphore_Object__PARAMS__C                      
010075ac  xdc_runtime_Startup_sfxnTab__A                                  
010075d0  ti_sysbios_family_arm_m3_Hwi_Object__DESC__C                    
010075f0  ti_sysbios_gates_GateHwi_Object__DESC__C                        
01007610  ti_sysbios_gates_GateMutex_Object__DESC__C                      
01007630  ti_sysbios_heaps_HeapMem_Object__DESC__C                        
01007650  ti_sysbios_knl_Clock_Object__DESC__C                            
01007670  ti_sysbios_knl_Queue_Object__DESC__C                            
01007690  ti_sysbios_knl_Semaphore_Object__DESC__C                        
010076b0  ti_sysbios_knl_Task_Object__DESC__C                             
010076d0  ti_sysbios_gates_GateHwi_Object__PARAMS__C                      
010076e8  ti_sysbios_gates_GateMutex_Object__PARAMS__C                    
01007700  ti_sysbios_knl_Queue_Object__PARAMS__C                          
01007718  ti_sysbios_knl_Task_hooks__A                                    
01007730  xdc_runtime_Startup_sfxnRts__A                                  
01007742  ti_sysbios_family_arm_m3_Hwi_Module__id__C                      
01007744  xdc_runtime_Startup_firstFxns__A                                
01007750  ti_sysbios_knl_Idle_funcList__A                                 
01007758  ti_sysbios_knl_Idle_funcList__C                                 
01007760  ti_sysbios_knl_Task_hooks__C                                    
01007768  xdc_runtime_Startup_firstFxns__C                                
01007770  xdc_runtime_Startup_lastFxns__C                                 
01007778  ti_sysbios_family_arm_m3_Hwi_E_alreadyDefined__C                
0100777c  ti_sysbios_family_arm_m3_Hwi_E_badIntNum__C                     
01007780  ti_sysbios_family_arm_m3_Hwi_NUM_INTERRUPTS__C                  
01007784  ti_sysbios_family_arm_m3_Hwi_Object__count__C                   
01007788  ti_sysbios_family_arm_m3_Hwi_ccr__C                             
0100778c  ti_sysbios_family_arm_m3_Hwi_excHandlerFunc__C                  
01007790  ti_sysbios_family_arm_m3_Hwi_nullIsrFunc__C                     
01007794  ti_sysbios_family_arm_m3_Hwi_priGroup__C                        
01007798  ti_sysbios_family_arm_m3_Hwi_swiDisable__C                      
0100779c  ti_sysbios_family_arm_m3_Hwi_swiRestore__C                      
010077a0  ti_sysbios_family_arm_m3_TaskSupport_stackAlignment__C          
010077a4  ti_sysbios_family_arm_m3_Timer_E_cannotSupport__C               
010077a8  ti_sysbios_family_arm_m3_Timer_startupNeeded__C                 
010077ac  ti_sysbios_gates_GateMutex_Instance_State_sem__O                
010077b0  ti_sysbios_heaps_HeapMem_E_memory__C                            
010077b4  ti_sysbios_heaps_HeapMem_Module__gateObj__C                     
010077b8  ti_sysbios_heaps_HeapMem_Object__count__C                       
010077bc  ti_sysbios_heaps_HeapMem_primaryHeapBaseAddr__C                 
010077c0  ti_sysbios_heaps_HeapMem_primaryHeapEndAddr__C                  
010077c4  ti_sysbios_heaps_HeapMem_reqAlign__C                            
010077c8  ti_sysbios_knl_Clock_Module_State_clockQ__O                     
010077cc  ti_sysbios_knl_Clock_tickPeriod__C                              
010077d0  ti_sysbios_knl_Mailbox_Instance_State_freeQue__O                
010077d4  ti_sysbios_knl_Mailbox_Object__count__C                         
010077d8  ti_sysbios_knl_Mailbox_maxTypeAlign__C                          
010077dc  ti_sysbios_knl_Semaphore_Instance_State_pendQ__O                
010077e0  ti_sysbios_knl_Swi_Object__count__C                             
010077e4  ti_sysbios_knl_Task_Module_State_inactiveQ__O                   
010077e8  ti_sysbios_knl_Task_Object__count__C                            
010077ec  ti_sysbios_knl_Task_Object__heap__C                             
010077f0  ti_sysbios_knl_Task_allBlockedFunc__C                           
010077f4  ti_sysbios_knl_Task_defaultStackHeap__C                         
010077f8  ti_sysbios_knl_Task_defaultStackSize__C                         
010077fc  ti_sysbios_knl_Task_numConstructedTasks__C                      
01007800  xdc_runtime_Error_E_memory__C                                   
01007804  xdc_runtime_Error_policyFxn__C                                  
01007808  xdc_runtime_IGateProvider_Interface__BASE__C                    
0100780c  xdc_runtime_IHeap_Interface__BASE__C                            
01007810  xdc_runtime_IModule_Interface__BASE__C                          
01007814  xdc_runtime_Memory_defaultHeapInstance__C                       
01007818  xdc_runtime_Startup_execImpl__C                                 
0100781c  xdc_runtime_Startup_maxPasses__C                                
01007820  xdc_runtime_Startup_sfxnRts__C                                  
01007824  xdc_runtime_Startup_sfxnTab__C                                  
01007828  xdc_runtime_SysCallback_abortFxn__C                             
0100782c  xdc_runtime_SysCallback_exitFxn__C                              
01007830  xdc_runtime_SysCallback_putchFxn__C                             
01007834  xdc_runtime_SysCallback_readyFxn__C                             
01007838  xdc_runtime_System_Module__gateObj__C                           
0100783c  xdc_runtime_System_abortFxn__C                                  
01007840  xdc_runtime_System_exitFxn__C                                   
01007844  xdc_runtime_System_extendFxn__C                                 
01007848  xdc_runtime_System_maxAtexitHandlers__C                         
0100784c  ti_sysbios_family_arm_m3_Timer_Module__id__C                    
0100784e  ti_sysbios_heaps_HeapMem_Module__id__C                          
01007850  xdc_runtime_Memory_Module__id__C                                
01007852  ti_sysbios_knl_Clock_tickMode__C                                
01007853  ti_sysbios_knl_Clock_tickSource__C                              
01007854  xdc_runtime_Error_policy__C                                     
01007858  __TI_static_base__                                              
01007a8c  __TI_Handler_Table_Base                                         
01007a98  __TI_Handler_Table_Limit                                        
01007aa8  __TI_CINIT_Base                                                 
01007ac0  __TI_CINIT_Limit                                                
01007ac0  __TI_CINIT_Warm                                                 
20000000  __start___llvm_prf_bits                                         
20000000  __start___llvm_prf_cnts                                         
20000000  __stop___llvm_prf_bits                                          
20000000  __stop___llvm_prf_cnts                                          
20000000  ti_sysbios_family_arm_m3_Hwi_ramVectors                         
20000310  __primary_heap_start__                                          
20008310  __primary_heap_end__                                            
20008c00  ti_sysbios_family_arm_m3_Hwi_dispatchTable                      
20008f10  ti_sysbios_knl_Task_Instance_State_0_stack__A                   
20009110  uart2CC32XXObjects0                                             
20009308  PowerCC32XX_contextSave                                         
20009434  gpioCallbackFunctions                                           
200094b8  gpioUserArgs                                                    
200095c0  adcValue1                                                       
200095d4  displayUart2Object                                              
200095e0  udmaCC3220SObject                                               
200095e8  adcValue0MicroVolt                                              
200095ec  ti_sysbios_knl_Task_Instance_State_0_hookEnv__A                 
200095f0  adcCC32XXObjects                                                
200095f2  adcValue0                                                       
200095f4  PowerCC32XX_module                                              
20009760  parkInfo                                                        
20009858  gpioPinConfigs                                                  
200098dc  ti_sysbios_knl_Swi_Module_State_0_readyQ__A                     
2000995c  ti_sysbios_knl_Task_Module_State_0_readyQ__A                    
200099dc  ti_sysbios_knl_Task_Object__table__V                            
20009a28  ti_sysbios_knl_Task_Module__state__V                            
20009a6c  ti_sysbios_gates_GateMutex_Object__table__V                     
20009aa4  ti_sysbios_family_arm_m3_Hwi_Module__state__V                   
20009ad8  ti_sysbios_family_arm_m3_Timer_Object__table__V                 
20009b08  ti_sysbios_knl_Swi_Object__table__V                             
20009b38  ti_sysbios_knl_Clock_Module__state__V                           
20009b64  ti_sysbios_BIOS_Module__state__V                                
20009b88  xdc_runtime_Error_IgnoreBlock                                   
20009ba8  ti_sysbios_knl_Swi_Module__state__V                             
20009bc4  ti_sysbios_family_arm_m3_Hwi_Object__table__V                   
20009bdc  ti_sysbios_heaps_HeapMem_Object__table__V                       
20009c08  ti_sysbios_family_arm_m3_Timer_Module__state__V                 
20009c24  ti_sysbios_family_arm_m3_Hwi_Module__root__V                    
20009c2c  ti_sysbios_gates_GateHwi_Module__root__V                        
20009c34  ti_sysbios_gates_GateMutex_Module__root__V                      
20009c3c  ti_sysbios_heaps_HeapMem_Module__root__V                        
20009c44  ti_sysbios_knl_Clock_Module__root__V                            
20009c4c  ti_sysbios_knl_Queue_Module__root__V                            
20009c54  ti_sysbios_knl_Semaphore_Module__root__V                        
20009c5c  ti_sysbios_knl_Task_Module__root__V                             
20009c64  xdc_runtime_System_Module_State_0_atexitHandlers__A             
20009c6c  xdc_runtime_Startup_Module__state__V                            
20009c74  xdc_runtime_System_Module__state__V                             
20009c7c  __xdc__init__addr                                               
20009c80  _lock                                                           
20009c84  _unlock                                                         
20009c8c  ti_sysbios_family_arm_m3_Hwi_Module_State_0_excContext__A       
20009c90  ti_sysbios_family_arm_m3_Hwi_Module_State_0_excStack__A         
20009c94  ti_sysbios_gates_GateHwi_Object__table__V                       
20009c98  ti_sysbios_knl_Task_Module_State_0_idleTask__A                  
20009c9c  ti_sysbios_family_arm_m3_TimestampProvider_Module__state__V     
20009ca0  ti_sysbios_rts_ti_ReentSupport_Module__state__V                 
20009ca4  xdc_runtime_Memory_Module__state__V                             
20009ca8  ti_sysbios_family_arm_m3_Hwi_Module_State_0_excActive__A        
2003fc00  __stack                                                         
20040000  __STACK_END                                                     
e000e000  ti_sysbios_family_arm_m3_Hwi_nvic                               
ffffffff  __TI_pprof_out_hndl                                             
ffffffff  __TI_prof_data_size                                             
ffffffff  __TI_prof_data_start                                            
ffffffff  __binit__                                                       
ffffffff  binit                                                           
UNDEFED   ITM_flush                                                       
UNDEFED   ITM_restore                                                     
UNDEFED   __c_args__                                                      
UNDEFED   __mpu_init                                                      

[653 symbols]
