<?xml version="1.0" encoding="ISO-8859-1" ?>
<link_info>
   <banner>TI ARM Clang Linker PC v2.1.2.LTS</banner>
   <copyright>Copyright (c) 1996-2018 Texas Instruments Incorporated</copyright>
   <link_time>0x64365ac6</link_time>
   <link_errors>0x0</link_errors>
   <output_file>adcsinglechannel_CC3235SF_LAUNCHXL_tirtos_ticlang.out</output_file>
   <entry_point>
      <name>_c_int00</name>
      <address>0x10061b9</address>
   </entry_point>
   <input_file_list>
      <input_file id="fl-1">
         <path>.\</path>
         <kind>object</kind>
         <file>adcsinglechannel.o</file>
         <name>adcsinglechannel.o</name>
      </input_file>
      <input_file id="fl-2">
         <path>.\syscfg\</path>
         <kind>object</kind>
         <file>ti_drivers_config.o</file>
         <name>ti_drivers_config.o</name>
      </input_file>
      <input_file id="fl-3">
         <path>.\</path>
         <kind>object</kind>
         <file>main_tirtos.o</file>
         <name>main_tirtos.o</name>
      </input_file>
      <input_file id="fl-b">
         <path>D:\344\workspace_v12\tirtos_builds_cc32xx_release_ticlang\Debug\configPkg\package\cfg\</path>
         <kind>object</kind>
         <file>release_pm4.om4</file>
         <name>release_pm4.om4</name>
      </input_file>
      <input_file id="fl-18">
         <kind>object</kind>
         <file>&lt;internal&gt;</file>
         <name>&lt;internal&gt;</name>
      </input_file>
      <input_file id="fl-19">
         <path>D:\ti\simplelink_cc32xx_sdk_6_10_00_05\source\ti\display\lib\ticlang\m4\</path>
         <kind>archive</kind>
         <file>display_cc32xx.a</file>
         <name>Display.om4</name>
      </input_file>
      <input_file id="fl-1a">
         <path>D:\ti\simplelink_cc32xx_sdk_6_10_00_05\source\ti\display\lib\ticlang\m4\</path>
         <kind>archive</kind>
         <file>display_cc32xx.a</file>
         <name>DisplayUart2.om4</name>
      </input_file>
      <input_file id="fl-1b">
         <path>D:\ti\simplelink_cc32xx_sdk_6_10_00_05\source\ti\drivers\lib\ticlang\m4\</path>
         <kind>archive</kind>
         <file>drivers_cc32xx.a</file>
         <name>ADC.om4</name>
      </input_file>
      <input_file id="fl-1c">
         <path>D:\ti\simplelink_cc32xx_sdk_6_10_00_05\source\ti\drivers\lib\ticlang\m4\</path>
         <kind>archive</kind>
         <file>drivers_cc32xx.a</file>
         <name>UART2.om4</name>
      </input_file>
      <input_file id="fl-1d">
         <path>D:\ti\simplelink_cc32xx_sdk_6_10_00_05\source\ti\drivers\lib\ticlang\m4\</path>
         <kind>archive</kind>
         <file>drivers_cc32xx.a</file>
         <name>RingBuf.om4</name>
      </input_file>
      <input_file id="fl-1e">
         <path>D:\ti\simplelink_cc32xx_sdk_6_10_00_05\source\ti\drivers\lib\ticlang\m4\</path>
         <kind>archive</kind>
         <file>drivers_cc32xx.a</file>
         <name>ADCCC32XX.om4</name>
      </input_file>
      <input_file id="fl-1f">
         <path>D:\ti\simplelink_cc32xx_sdk_6_10_00_05\source\ti\drivers\lib\ticlang\m4\</path>
         <kind>archive</kind>
         <file>drivers_cc32xx.a</file>
         <name>GPIOCC32XX.om4</name>
      </input_file>
      <input_file id="fl-20">
         <path>D:\ti\simplelink_cc32xx_sdk_6_10_00_05\source\ti\drivers\lib\ticlang\m4\</path>
         <kind>archive</kind>
         <file>drivers_cc32xx.a</file>
         <name>PowerCC32XX.om4</name>
      </input_file>
      <input_file id="fl-21">
         <path>D:\ti\simplelink_cc32xx_sdk_6_10_00_05\source\ti\drivers\lib\ticlang\m4\</path>
         <kind>archive</kind>
         <file>drivers_cc32xx.a</file>
         <name>PowerCC32XX_asm.om4</name>
      </input_file>
      <input_file id="fl-22">
         <path>D:\ti\simplelink_cc32xx_sdk_6_10_00_05\source\ti\drivers\lib\ticlang\m4\</path>
         <kind>archive</kind>
         <file>drivers_cc32xx.a</file>
         <name>UART2CC32XX.om4</name>
      </input_file>
      <input_file id="fl-23">
         <path>D:\ti\simplelink_cc32xx_sdk_6_10_00_05\source\ti\drivers\lib\ticlang\m4\</path>
         <kind>archive</kind>
         <file>drivers_cc32xx.a</file>
         <name>List.om4</name>
      </input_file>
      <input_file id="fl-24">
         <path>D:\ti\simplelink_cc32xx_sdk_6_10_00_05\source\ti\drivers\lib\ticlang\m4\</path>
         <kind>archive</kind>
         <file>drivers_cc32xx.a</file>
         <name>UDMACC32XX.om4</name>
      </input_file>
      <input_file id="fl-25">
         <path>D:\ti\simplelink_cc32xx_sdk_6_10_00_05\kernel\tirtos\packages\ti\dpl\lib\ticlang\m4\</path>
         <kind>archive</kind>
         <file>dpl_cc32xx.a</file>
         <name>ClockP_tirtos.om4</name>
      </input_file>
      <input_file id="fl-26">
         <path>D:\ti\simplelink_cc32xx_sdk_6_10_00_05\kernel\tirtos\packages\ti\dpl\lib\ticlang\m4\</path>
         <kind>archive</kind>
         <file>dpl_cc32xx.a</file>
         <name>HwiP_tirtos.om4</name>
      </input_file>
      <input_file id="fl-27">
         <path>D:\ti\simplelink_cc32xx_sdk_6_10_00_05\kernel\tirtos\packages\ti\dpl\lib\ticlang\m4\</path>
         <kind>archive</kind>
         <file>dpl_cc32xx.a</file>
         <name>SemaphoreP_tirtos.om4</name>
      </input_file>
      <input_file id="fl-28">
         <path>D:\ti\simplelink_cc32xx_sdk_6_10_00_05\kernel\tirtos\packages\ti\dpl\lib\ticlang\m4\</path>
         <kind>archive</kind>
         <file>dpl_cc32xx.a</file>
         <name>SystemP_tirtos.om4</name>
      </input_file>
      <input_file id="fl-29">
         <path>D:\ti\simplelink_cc32xx_sdk_6_10_00_05\kernel\tirtos\packages\ti\dpl\lib\ticlang\m4\</path>
         <kind>archive</kind>
         <file>dpl_cc32xx.a</file>
         <name>PowerCC32XX_tirtos.om4</name>
      </input_file>
      <input_file id="fl-2a">
         <path>D:\344\workspace_v12\tirtos_builds_cc32xx_release_ticlang\src\sysbios\</path>
         <kind>archive</kind>
         <file>sysbios.am4</file>
         <name>m3_Hwi_asm_gnu.obj</name>
      </input_file>
      <input_file id="fl-2b">
         <path>D:\344\workspace_v12\tirtos_builds_cc32xx_release_ticlang\src\sysbios\</path>
         <kind>archive</kind>
         <file>sysbios.am4</file>
         <name>m3_Hwi_asm_switch_gnu.obj</name>
      </input_file>
      <input_file id="fl-2c">
         <path>D:\344\workspace_v12\tirtos_builds_cc32xx_release_ticlang\src\sysbios\</path>
         <kind>archive</kind>
         <file>sysbios.am4</file>
         <name>m3_TaskSupport_asm_gnu.obj</name>
      </input_file>
      <input_file id="fl-2d">
         <path>D:\344\workspace_v12\tirtos_builds_cc32xx_release_ticlang\src\sysbios\</path>
         <kind>archive</kind>
         <file>sysbios.am4</file>
         <name>_BIOS.o</name>
      </input_file>
      <input_file id="fl-2e">
         <path>D:\344\workspace_v12\tirtos_builds_cc32xx_release_ticlang\src\sysbios\</path>
         <kind>archive</kind>
         <file>sysbios.am4</file>
         <name>knl_Clock.o</name>
      </input_file>
      <input_file id="fl-2f">
         <path>D:\344\workspace_v12\tirtos_builds_cc32xx_release_ticlang\src\sysbios\</path>
         <kind>archive</kind>
         <file>sysbios.am4</file>
         <name>knl_Idle.o</name>
      </input_file>
      <input_file id="fl-30">
         <path>D:\344\workspace_v12\tirtos_builds_cc32xx_release_ticlang\src\sysbios\</path>
         <kind>archive</kind>
         <file>sysbios.am4</file>
         <name>knl_Event.o</name>
      </input_file>
      <input_file id="fl-31">
         <path>D:\344\workspace_v12\tirtos_builds_cc32xx_release_ticlang\src\sysbios\</path>
         <kind>archive</kind>
         <file>sysbios.am4</file>
         <name>knl_Mailbox.o</name>
      </input_file>
      <input_file id="fl-32">
         <path>D:\344\workspace_v12\tirtos_builds_cc32xx_release_ticlang\src\sysbios\</path>
         <kind>archive</kind>
         <file>sysbios.am4</file>
         <name>knl_Queue.o</name>
      </input_file>
      <input_file id="fl-33">
         <path>D:\344\workspace_v12\tirtos_builds_cc32xx_release_ticlang\src\sysbios\</path>
         <kind>archive</kind>
         <file>sysbios.am4</file>
         <name>knl_Semaphore.o</name>
      </input_file>
      <input_file id="fl-34">
         <path>D:\344\workspace_v12\tirtos_builds_cc32xx_release_ticlang\src\sysbios\</path>
         <kind>archive</kind>
         <file>sysbios.am4</file>
         <name>knl_Swi.o</name>
      </input_file>
      <input_file id="fl-35">
         <path>D:\344\workspace_v12\tirtos_builds_cc32xx_release_ticlang\src\sysbios\</path>
         <kind>archive</kind>
         <file>sysbios.am4</file>
         <name>knl_Task.o</name>
      </input_file>
      <input_file id="fl-36">
         <path>D:\344\workspace_v12\tirtos_builds_cc32xx_release_ticlang\src\sysbios\</path>
         <kind>archive</kind>
         <file>sysbios.am4</file>
         <name>hal_Hwi.o</name>
      </input_file>
      <input_file id="fl-37">
         <path>D:\344\workspace_v12\tirtos_builds_cc32xx_release_ticlang\src\sysbios\</path>
         <kind>archive</kind>
         <file>sysbios.am4</file>
         <name>hal_Hwi_stack.o</name>
      </input_file>
      <input_file id="fl-38">
         <path>D:\344\workspace_v12\tirtos_builds_cc32xx_release_ticlang\src\sysbios\</path>
         <kind>archive</kind>
         <file>sysbios.am4</file>
         <name>hal_Hwi_startup.o</name>
      </input_file>
      <input_file id="fl-39">
         <path>D:\344\workspace_v12\tirtos_builds_cc32xx_release_ticlang\src\sysbios\</path>
         <kind>archive</kind>
         <file>sysbios.am4</file>
         <name>hal_Seconds.o</name>
      </input_file>
      <input_file id="fl-3a">
         <path>D:\344\workspace_v12\tirtos_builds_cc32xx_release_ticlang\src\sysbios\</path>
         <kind>archive</kind>
         <file>sysbios.am4</file>
         <name>m3_Hwi.o</name>
      </input_file>
      <input_file id="fl-3b">
         <path>D:\344\workspace_v12\tirtos_builds_cc32xx_release_ticlang\src\sysbios\</path>
         <kind>archive</kind>
         <file>sysbios.am4</file>
         <name>m3_TaskSupport.o</name>
      </input_file>
      <input_file id="fl-3c">
         <path>D:\344\workspace_v12\tirtos_builds_cc32xx_release_ticlang\src\sysbios\</path>
         <kind>archive</kind>
         <file>sysbios.am4</file>
         <name>m3_Timer.o</name>
      </input_file>
      <input_file id="fl-3d">
         <path>D:\344\workspace_v12\tirtos_builds_cc32xx_release_ticlang\src\sysbios\</path>
         <kind>archive</kind>
         <file>sysbios.am4</file>
         <name>m3_TimestampProvider.o</name>
      </input_file>
      <input_file id="fl-3e">
         <path>D:\344\workspace_v12\tirtos_builds_cc32xx_release_ticlang\src\sysbios\</path>
         <kind>archive</kind>
         <file>sysbios.am4</file>
         <name>heaps_HeapMem.o</name>
      </input_file>
      <input_file id="fl-3f">
         <path>D:\344\workspace_v12\tirtos_builds_cc32xx_release_ticlang\src\sysbios\</path>
         <kind>archive</kind>
         <file>sysbios.am4</file>
         <name>gates_GateHwi.o</name>
      </input_file>
      <input_file id="fl-40">
         <path>D:\344\workspace_v12\tirtos_builds_cc32xx_release_ticlang\src\sysbios\</path>
         <kind>archive</kind>
         <file>sysbios.am4</file>
         <name>gates_GateMutex.o</name>
      </input_file>
      <input_file id="fl-41">
         <path>D:\344\workspace_v12\tirtos_builds_cc32xx_release_ticlang\src\sysbios\</path>
         <kind>archive</kind>
         <file>sysbios.am4</file>
         <name>cc32xx_Seconds.o</name>
      </input_file>
      <input_file id="fl-42">
         <path>D:\344\workspace_v12\tirtos_builds_cc32xx_release_ticlang\src\sysbios\</path>
         <kind>archive</kind>
         <file>sysbios.am4</file>
         <name>ti_ReentSupport.o</name>
      </input_file>
      <input_file id="fl-43">
         <path>D:\344\workspace_v12\tirtos_builds_cc32xx_release_ticlang\src\sysbios\</path>
         <kind>archive</kind>
         <file>sysbios.am4</file>
         <name>runtime_xdc_noinit.o</name>
      </input_file>
      <input_file id="fl-44">
         <path>D:\344\workspace_v12\tirtos_builds_cc32xx_release_ticlang\src\sysbios\</path>
         <kind>archive</kind>
         <file>sysbios.am4</file>
         <name>runtime_Core-mem.o</name>
      </input_file>
      <input_file id="fl-45">
         <path>D:\344\workspace_v12\tirtos_builds_cc32xx_release_ticlang\src\sysbios\</path>
         <kind>archive</kind>
         <file>sysbios.am4</file>
         <name>runtime_Core-smem.o</name>
      </input_file>
      <input_file id="fl-46">
         <path>D:\344\workspace_v12\tirtos_builds_cc32xx_release_ticlang\src\sysbios\</path>
         <kind>archive</kind>
         <file>sysbios.am4</file>
         <name>runtime_Core-params.o</name>
      </input_file>
      <input_file id="fl-47">
         <path>D:\344\workspace_v12\tirtos_builds_cc32xx_release_ticlang\src\sysbios\</path>
         <kind>archive</kind>
         <file>sysbios.am4</file>
         <name>runtime_Error.o</name>
      </input_file>
      <input_file id="fl-48">
         <path>D:\344\workspace_v12\tirtos_builds_cc32xx_release_ticlang\src\sysbios\</path>
         <kind>archive</kind>
         <file>sysbios.am4</file>
         <name>runtime_Gate.o</name>
      </input_file>
      <input_file id="fl-49">
         <path>D:\344\workspace_v12\tirtos_builds_cc32xx_release_ticlang\src\sysbios\</path>
         <kind>archive</kind>
         <file>sysbios.am4</file>
         <name>runtime_Memory.o</name>
      </input_file>
      <input_file id="fl-4a">
         <path>D:\344\workspace_v12\tirtos_builds_cc32xx_release_ticlang\src\sysbios\</path>
         <kind>archive</kind>
         <file>sysbios.am4</file>
         <name>runtime_Startup.o</name>
      </input_file>
      <input_file id="fl-4b">
         <path>D:\344\workspace_v12\tirtos_builds_cc32xx_release_ticlang\src\sysbios\</path>
         <kind>archive</kind>
         <file>sysbios.am4</file>
         <name>runtime_System.o</name>
      </input_file>
      <input_file id="fl-4c">
         <path>D:\344\workspace_v12\tirtos_builds_cc32xx_release_ticlang\src\sysbios\</path>
         <kind>archive</kind>
         <file>sysbios.am4</file>
         <name>runtime_SysCallback.o</name>
      </input_file>
      <input_file id="fl-4d">
         <path>D:\344\workspace_v12\tirtos_builds_cc32xx_release_ticlang\src\sysbios\</path>
         <kind>archive</kind>
         <file>sysbios.am4</file>
         <name>runtime_Text.o</name>
      </input_file>
      <input_file id="fl-4e">
         <path>D:\344\workspace_v12\tirtos_builds_cc32xx_release_ticlang\src\sysbios\</path>
         <kind>archive</kind>
         <file>sysbios.am4</file>
         <name>runtime_Timestamp.o</name>
      </input_file>
      <input_file id="fl-4f">
         <path>D:\344\workspace_v12\tirtos_builds_cc32xx_release_ticlang\src\sysbios\</path>
         <kind>archive</kind>
         <file>sysbios.am4</file>
         <name>tirtos_pthread.o</name>
      </input_file>
      <input_file id="fl-50">
         <path>D:\344\workspace_v12\tirtos_builds_cc32xx_release_ticlang\src\sysbios\</path>
         <kind>archive</kind>
         <file>sysbios.am4</file>
         <name>tirtos_pthread_key.o</name>
      </input_file>
      <input_file id="fl-51">
         <path>D:\344\workspace_v12\tirtos_builds_cc32xx_release_ticlang\src\sysbios\</path>
         <kind>archive</kind>
         <file>sysbios.am4</file>
         <name>runtime_Registry.o</name>
      </input_file>
      <input_file id="fl-52">
         <path>D:\ti\simplelink_cc32xx_sdk_6_10_00_05\kernel\tirtos\packages\ti\targets\arm\rtsarm\lib\</path>
         <kind>archive</kind>
         <file>startup.am4</file>
         <name>boot_cortex_m.om4</name>
      </input_file>
      <input_file id="fl-53">
         <path>D:\ti\simplelink_cc32xx_sdk_6_10_00_05\kernel\tirtos\packages\ti\targets\arm\rtsarm\lib\</path>
         <kind>archive</kind>
         <file>startup.am4</file>
         <name>clang_startup.om4</name>
      </input_file>
      <input_file id="fl-54">
         <path>D:\ti\simplelink_cc32xx_sdk_6_10_00_05\source\ti\devices\cc32xx\driverlib\ticlang\Release\</path>
         <kind>archive</kind>
         <file>driverlib.a</file>
         <name>pin.obj</name>
      </input_file>
      <input_file id="fl-55">
         <path>D:\ti\simplelink_cc32xx_sdk_6_10_00_05\source\ti\devices\cc32xx\driverlib\ticlang\Release\</path>
         <kind>archive</kind>
         <file>driverlib.a</file>
         <name>prcm.obj</name>
      </input_file>
      <input_file id="fl-56">
         <path>D:\ti\simplelink_cc32xx_sdk_6_10_00_05\source\ti\devices\cc32xx\driverlib\ticlang\Release\</path>
         <kind>archive</kind>
         <file>driverlib.a</file>
         <name>uart.obj</name>
      </input_file>
      <input_file id="fl-57">
         <path>D:\ti\simplelink_cc32xx_sdk_6_10_00_05\source\ti\devices\cc32xx\driverlib\ticlang\Release\</path>
         <kind>archive</kind>
         <file>driverlib.a</file>
         <name>udma.obj</name>
      </input_file>
      <input_file id="fl-58">
         <path>D:\ti\simplelink_cc32xx_sdk_6_10_00_05\source\ti\devices\cc32xx\driverlib\ticlang\Release\</path>
         <kind>archive</kind>
         <file>driverlib.a</file>
         <name>utils.obj</name>
      </input_file>
      <input_file id="fl-59">
         <path>D:\ti\simplelink_cc32xx_sdk_6_10_00_05\source\ti\devices\cc32xx\driverlib\ticlang\Release\</path>
         <kind>archive</kind>
         <file>driverlib.a</file>
         <name>cpu.obj</name>
      </input_file>
      <input_file id="fl-5a">
         <path>D:\ti\simplelink_cc32xx_sdk_6_10_00_05\source\ti\devices\cc32xx\driverlib\ticlang\Release\</path>
         <kind>archive</kind>
         <file>driverlib.a</file>
         <name>flash.obj</name>
      </input_file>
      <input_file id="fl-5b">
         <path>D:\ti\simplelink_cc32xx_sdk_6_10_00_05\source\ti\devices\cc32xx\driverlib\ticlang\Release\</path>
         <kind>archive</kind>
         <file>driverlib.a</file>
         <name>interrupt.obj</name>
      </input_file>
      <input_file id="fl-67">
         <path>D:\ti\ccs1220\ccs\tools\compiler\ti-cgt-armllvm_2.1.2.LTS\lib\armv7em-ti-none-eabi\c\</path>
         <kind>archive</kind>
         <file>libc.a</file>
         <name>exit.c.obj</name>
      </input_file>
      <input_file id="fl-68">
         <path>D:\ti\ccs1220\ccs\tools\compiler\ti-cgt-armllvm_2.1.2.LTS\lib\armv7em-ti-none-eabi\c\</path>
         <kind>archive</kind>
         <file>libc.a</file>
         <name>_lock.c.obj</name>
      </input_file>
      <input_file id="fl-69">
         <path>D:\ti\ccs1220\ccs\tools\compiler\ti-cgt-armllvm_2.1.2.LTS\lib\armv7em-ti-none-eabi\c\</path>
         <kind>archive</kind>
         <file>libc.a</file>
         <name>args_main.c.obj</name>
      </input_file>
      <input_file id="fl-6a">
         <path>D:\ti\ccs1220\ccs\tools\compiler\ti-cgt-armllvm_2.1.2.LTS\lib\armv7em-ti-none-eabi\c\</path>
         <kind>archive</kind>
         <file>libc.a</file>
         <name>autoinit.c.obj</name>
      </input_file>
      <input_file id="fl-6b">
         <path>D:\ti\ccs1220\ccs\tools\compiler\ti-cgt-armllvm_2.1.2.LTS\lib\armv7em-ti-none-eabi\c\</path>
         <kind>archive</kind>
         <file>libc.a</file>
         <name>cpy_tbl.c.obj</name>
      </input_file>
      <input_file id="fl-6c">
         <path>D:\ti\ccs1220\ccs\tools\compiler\ti-cgt-armllvm_2.1.2.LTS\lib\armv7em-ti-none-eabi\c\</path>
         <kind>archive</kind>
         <file>libc.a</file>
         <name>copy_zero_init.c.obj</name>
      </input_file>
      <input_file id="fl-6d">
         <path>D:\ti\ccs1220\ccs\tools\compiler\ti-cgt-armllvm_2.1.2.LTS\lib\armv7em-ti-none-eabi\c\</path>
         <kind>archive</kind>
         <file>libc.a</file>
         <name>copy_decompress_none.c.obj</name>
      </input_file>
      <input_file id="fl-6e">
         <path>D:\ti\ccs1220\ccs\tools\compiler\ti-cgt-armllvm_2.1.2.LTS\lib\armv7em-ti-none-eabi\c\</path>
         <kind>archive</kind>
         <file>libc.a</file>
         <name>copy_decompress_lzss.c.obj</name>
      </input_file>
      <input_file id="fl-a7">
         <path>D:\ti\ccs1220\ccs\tools\compiler\ti-cgt-armllvm_2.1.2.LTS\lib\clang\14.0.6\lib\armv7em-ti-none-eabi\</path>
         <kind>archive</kind>
         <file>libclang_rt.builtins.a</file>
         <name>adddf3.S.obj</name>
      </input_file>
      <input_file id="fl-a8">
         <path>D:\ti\ccs1220\ccs\tools\compiler\ti-cgt-armllvm_2.1.2.LTS\lib\clang\14.0.6\lib\armv7em-ti-none-eabi\</path>
         <kind>archive</kind>
         <file>libclang_rt.builtins.a</file>
         <name>muldf3.S.obj</name>
      </input_file>
      <input_file id="fl-a9">
         <path>D:\ti\ccs1220\ccs\tools\compiler\ti-cgt-armllvm_2.1.2.LTS\lib\clang\14.0.6\lib\armv7em-ti-none-eabi\</path>
         <kind>archive</kind>
         <file>libclang_rt.builtins.a</file>
         <name>extendsfdf2.S.obj</name>
      </input_file>
      <input_file id="fl-aa">
         <path>D:\ti\ccs1220\ccs\tools\compiler\ti-cgt-armllvm_2.1.2.LTS\lib\clang\14.0.6\lib\armv7em-ti-none-eabi\</path>
         <kind>archive</kind>
         <file>libclang_rt.builtins.a</file>
         <name>fixdfsi.S.obj</name>
      </input_file>
      <input_file id="fl-ab">
         <path>D:\ti\ccs1220\ccs\tools\compiler\ti-cgt-armllvm_2.1.2.LTS\lib\clang\14.0.6\lib\armv7em-ti-none-eabi\</path>
         <kind>archive</kind>
         <file>libclang_rt.builtins.a</file>
         <name>fixunsdfsi.S.obj</name>
      </input_file>
      <input_file id="fl-ac">
         <path>D:\ti\ccs1220\ccs\tools\compiler\ti-cgt-armllvm_2.1.2.LTS\lib\clang\14.0.6\lib\armv7em-ti-none-eabi\</path>
         <kind>archive</kind>
         <file>libclang_rt.builtins.a</file>
         <name>floatunsidf.S.obj</name>
      </input_file>
      <input_file id="fl-ad">
         <path>D:\ti\ccs1220\ccs\tools\compiler\ti-cgt-armllvm_2.1.2.LTS\lib\clang\14.0.6\lib\armv7em-ti-none-eabi\</path>
         <kind>archive</kind>
         <file>libclang_rt.builtins.a</file>
         <name>aeabi_dcmp.S.obj</name>
      </input_file>
      <input_file id="fl-ae">
         <path>D:\ti\ccs1220\ccs\tools\compiler\ti-cgt-armllvm_2.1.2.LTS\lib\clang\14.0.6\lib\armv7em-ti-none-eabi\</path>
         <kind>archive</kind>
         <file>libclang_rt.builtins.a</file>
         <name>aeabi_memcpy.S.obj</name>
      </input_file>
      <input_file id="fl-af">
         <path>D:\ti\ccs1220\ccs\tools\compiler\ti-cgt-armllvm_2.1.2.LTS\lib\clang\14.0.6\lib\armv7em-ti-none-eabi\</path>
         <kind>archive</kind>
         <file>libclang_rt.builtins.a</file>
         <name>aeabi_memset.S.obj</name>
      </input_file>
      <input_file id="fl-b0">
         <path>D:\ti\ccs1220\ccs\tools\compiler\ti-cgt-armllvm_2.1.2.LTS\lib\clang\14.0.6\lib\armv7em-ti-none-eabi\</path>
         <kind>archive</kind>
         <file>libclang_rt.builtins.a</file>
         <name>aeabi_uldivmod.S.obj</name>
      </input_file>
      <input_file id="fl-b1">
         <path>D:\ti\ccs1220\ccs\tools\compiler\ti-cgt-armllvm_2.1.2.LTS\lib\clang\14.0.6\lib\armv7em-ti-none-eabi\</path>
         <kind>archive</kind>
         <file>libclang_rt.builtins.a</file>
         <name>udivmoddi4.S.obj</name>
      </input_file>
      <input_file id="fl-b2">
         <path>D:\ti\ccs1220\ccs\tools\compiler\ti-cgt-armllvm_2.1.2.LTS\lib\clang\14.0.6\lib\armv7em-ti-none-eabi\</path>
         <kind>archive</kind>
         <file>libclang_rt.builtins.a</file>
         <name>comparedf2.c.obj</name>
      </input_file>
      <input_file id="fl-b3">
         <path>D:\ti\ccs1220\ccs\tools\compiler\ti-cgt-armllvm_2.1.2.LTS\lib\clang\14.0.6\lib\armv7em-ti-none-eabi\</path>
         <kind>archive</kind>
         <file>libclang_rt.builtins.a</file>
         <name>aeabi_div0.c.obj</name>
      </input_file>
      <input_file id="fl-b4">
         <path>D:\ti\ccs1220\ccs\tools\compiler\ti-cgt-armllvm_2.1.2.LTS\lib\armv7em-ti-none-eabi\c\</path>
         <kind>archive</kind>
         <file>libc.a</file>
         <name>memcpy_t2.S.obj</name>
      </input_file>
      <input_file id="fl-b5">
         <path>D:\ti\ccs1220\ccs\tools\compiler\ti-cgt-armllvm_2.1.2.LTS\lib\armv7em-ti-none-eabi\c\</path>
         <kind>archive</kind>
         <file>libc.a</file>
         <name>memset_t2.S.obj</name>
      </input_file>
   </input_file_list>
   <object_component_list>
      <object_component id="oc-4d">
         <name>.resetVecs</name>
         <load_address>0x1000800</load_address>
         <run_address>0x1000800</run_address>
         <size>0x30c</size>
         <input_file_ref idref="fl-b"/>
      </object_component>
      <object_component id="oc-12c">
         <name>.text.PRCMCC3200MCUInit</name>
         <load_address>0x1000b10</load_address>
         <run_address>0x1000b10</run_address>
         <size>0x4b8</size>
         <input_file_ref idref="fl-55"/>
      </object_component>
      <object_component id="oc-313">
         <name>.text.Power_sleep</name>
         <load_address>0x1000fc8</load_address>
         <run_address>0x1000fc8</run_address>
         <size>0x410</size>
         <input_file_ref idref="fl-20"/>
      </object_component>
      <object_component id="oc-472">
         <name>.text.xdc_runtime_System_doPrint__I</name>
         <load_address>0x10013d8</load_address>
         <run_address>0x10013d8</run_address>
         <size>0x2e0</size>
         <input_file_ref idref="fl-4b"/>
      </object_component>
      <object_component id="oc-42d">
         <name>.text.UART2_writeTimeout</name>
         <load_address>0x10016b8</load_address>
         <run_address>0x10016b8</run_address>
         <size>0x2c6</size>
         <input_file_ref idref="fl-1c"/>
      </object_component>
      <object_component id="oc-424">
         <name>.text.UART2CC32XX_hwiIntFxn</name>
         <load_address>0x100197e</load_address>
         <run_address>0x100197e</run_address>
         <size>0x290</size>
         <input_file_ref idref="fl-22"/>
      </object_component>
      <object_component id="oc-13c">
         <name>.text.Board_initHook</name>
         <load_address>0x1001c0e</load_address>
         <run_address>0x1001c0e</run_address>
         <size>0x2</size>
         <input_file_ref idref="fl-2"/>
      </object_component>
      <object_component id="oc-3bd">
         <name>.text.UART2_open</name>
         <load_address>0x1001c10</load_address>
         <run_address>0x1001c10</run_address>
         <size>0x244</size>
         <input_file_ref idref="fl-22"/>
      </object_component>
      <object_component id="oc-4b0">
         <name>.text</name>
         <load_address>0x1001e54</load_address>
         <run_address>0x1001e54</run_address>
         <size>0x1b6</size>
         <input_file_ref idref="fl-a7"/>
      </object_component>
      <object_component id="oc-355">
         <name>.text.DisplayUart2Min_clear</name>
         <load_address>0x100200a</load_address>
         <run_address>0x100200a</run_address>
         <size>0x2</size>
         <input_file_ref idref="fl-1a"/>
      </object_component>
      <object_component id="oc-4a3">
         <name>.text.xdc_runtime_System_printfExtend__I</name>
         <load_address>0x100200c</load_address>
         <run_address>0x100200c</run_address>
         <size>0x160</size>
         <input_file_ref idref="fl-b"/>
      </object_component>
      <object_component id="oc-1ea">
         <name>.text.GPIO_setConfig</name>
         <load_address>0x100216c</load_address>
         <run_address>0x100216c</run_address>
         <size>0x15c</size>
         <input_file_ref idref="fl-1f"/>
      </object_component>
      <object_component id="oc-288">
         <name>.text.PowerCC32XX_sleepPolicy</name>
         <load_address>0x10022c8</load_address>
         <run_address>0x10022c8</run_address>
         <size>0x12c</size>
         <input_file_ref idref="fl-29"/>
      </object_component>
      <object_component id="oc-3b0">
         <name>.text</name>
         <load_address>0x10023f4</load_address>
         <run_address>0x10023f4</run_address>
         <size>0xfc</size>
         <input_file_ref idref="fl-a8"/>
      </object_component>
      <object_component id="oc-3ca">
         <name>.text.UART2_close</name>
         <load_address>0x10024f0</load_address>
         <run_address>0x10024f0</run_address>
         <size>0xf8</size>
         <input_file_ref idref="fl-22"/>
      </object_component>
      <object_component id="oc-e4">
         <name>.text.pthread_create</name>
         <load_address>0x10025e8</load_address>
         <run_address>0x10025e8</run_address>
         <size>0xf0</size>
         <input_file_ref idref="fl-4f"/>
      </object_component>
      <object_component id="oc-20f">
         <name>.text.ti_sysbios_knl_Task_Instance_finalize__E</name>
         <load_address>0x10026d8</load_address>
         <run_address>0x10026d8</run_address>
         <size>0xec</size>
         <input_file_ref idref="fl-35"/>
      </object_component>
      <object_component id="oc-9e">
         <name>.text.ti_sysbios_family_arm_m3_Hwi_dispatch__I</name>
         <load_address>0x10027c4</load_address>
         <run_address>0x10027c4</run_address>
         <size>0xe8</size>
         <input_file_ref idref="fl-2a"/>
      </object_component>
      <object_component id="oc-414">
         <name>.text.UART2CC32XX_initHw</name>
         <load_address>0x10028ac</load_address>
         <run_address>0x10028ac</run_address>
         <size>0xdc</size>
         <input_file_ref idref="fl-22"/>
      </object_component>
      <object_component id="oc-20d">
         <name>.text.ti_sysbios_knl_Task_Instance_init__E</name>
         <load_address>0x1002988</load_address>
         <run_address>0x1002988</run_address>
         <size>0xdc</size>
         <input_file_ref idref="fl-35"/>
      </object_component>
      <object_component id="oc-256">
         <name>.text.ti_sysbios_knl_Task_postInit__I</name>
         <load_address>0x1002a64</load_address>
         <run_address>0x1002a64</run_address>
         <size>0xdc</size>
         <input_file_ref idref="fl-35"/>
      </object_component>
      <object_component id="oc-295">
         <name>.text.ti_sysbios_knl_Semaphore_pend__E</name>
         <load_address>0x1002b40</load_address>
         <run_address>0x1002b40</run_address>
         <size>0xcc</size>
         <input_file_ref idref="fl-33"/>
      </object_component>
      <object_component id="oc-46a">
         <name>.text.UART2Support_dmaStartRx</name>
         <load_address>0x1002c0c</load_address>
         <run_address>0x1002c0c</run_address>
         <size>0xbc</size>
         <input_file_ref idref="fl-22"/>
      </object_component>
      <object_component id="oc-149">
         <name>.text.ti_sysbios_knl_Task_setPri__E</name>
         <load_address>0x1002cc8</load_address>
         <run_address>0x1002cc8</run_address>
         <size>0xbc</size>
         <input_file_ref idref="fl-35"/>
      </object_component>
      <object_component id="oc-46e">
         <name>.text.UART2Support_dmaStartTx</name>
         <load_address>0x1002d84</load_address>
         <run_address>0x1002d84</run_address>
         <size>0xb8</size>
         <input_file_ref idref="fl-22"/>
      </object_component>
      <object_component id="oc-4f">
         <name>.text.xdc_runtime_Startup_startMods__I</name>
         <load_address>0x1002e3c</load_address>
         <run_address>0x1002e3c</run_address>
         <size>0xb8</size>
         <input_file_ref idref="fl-4a"/>
      </object_component>
      <object_component id="oc-389">
         <name>.text</name>
         <load_address>0x1002ef4</load_address>
         <run_address>0x1002ef4</run_address>
         <size>0xb0</size>
         <input_file_ref idref="fl-b1"/>
      </object_component>
      <object_component id="oc-167">
         <name>.text.threadFxn1</name>
         <load_address>0x1002fa4</load_address>
         <run_address>0x1002fa4</run_address>
         <size>0xa4</size>
         <input_file_ref idref="fl-1"/>
      </object_component>
      <object_component id="oc-296">
         <name>.text.PinConfigSet</name>
         <load_address>0x1003048</load_address>
         <run_address>0x1003048</run_address>
         <size>0xa2</size>
         <input_file_ref idref="fl-54"/>
      </object_component>
      <object_component id="oc-347">
         <name>.text.ADCCC32XX_control</name>
         <load_address>0x10030ea</load_address>
         <run_address>0x10030ea</run_address>
         <size>0x6</size>
         <input_file_ref idref="fl-1e"/>
      </object_component>
      <object_component id="oc-392">
         <name>.text</name>
         <load_address>0x10030f0</load_address>
         <run_address>0x10030f0</run_address>
         <size>0x96</size>
         <input_file_ref idref="fl-21"/>
      </object_component>
      <object_component id="oc-356">
         <name>.text.DisplayUart2Min_clearLines</name>
         <load_address>0x1003186</load_address>
         <run_address>0x1003186</run_address>
         <size>0x2</size>
         <input_file_ref idref="fl-1a"/>
      </object_component>
      <object_component id="oc-1d6">
         <name>.text.PowerCC32XX_configureWakeup</name>
         <load_address>0x1003188</load_address>
         <run_address>0x1003188</run_address>
         <size>0x94</size>
         <input_file_ref idref="fl-20"/>
      </object_component>
      <object_component id="oc-39c">
         <name>.text.ti_sysbios_family_arm_m3_Hwi_Instance_init__E</name>
         <load_address>0x100321c</load_address>
         <run_address>0x100321c</run_address>
         <size>0x94</size>
         <input_file_ref idref="fl-3a"/>
      </object_component>
      <object_component id="oc-457">
         <name>.text.uDMAChannelAttributeDisable</name>
         <load_address>0x10032b0</load_address>
         <run_address>0x10032b0</run_address>
         <size>0x92</size>
         <input_file_ref idref="fl-57"/>
      </object_component>
      <object_component id="oc-34f">
         <name>.text.DisplayUart2Min_init</name>
         <load_address>0x1003342</load_address>
         <run_address>0x1003342</run_address>
         <size>0x2</size>
         <input_file_ref idref="fl-1a"/>
      </object_component>
      <object_component id="oc-ea">
         <name>.text.mainThread</name>
         <load_address>0x1003344</load_address>
         <run_address>0x1003344</run_address>
         <size>0x90</size>
         <input_file_ref idref="fl-1"/>
      </object_component>
      <object_component id="oc-1c4">
         <name>.text.PRCMSysResetCauseGet</name>
         <load_address>0x10033d4</load_address>
         <run_address>0x10033d4</run_address>
         <size>0x8e</size>
         <input_file_ref idref="fl-55"/>
      </object_component>
      <object_component id="oc-422">
         <name>.text.UART2CC32XX_eventCallback</name>
         <load_address>0x1003462</load_address>
         <run_address>0x1003462</run_address>
         <size>0x2</size>
         <input_file_ref idref="fl-22"/>
      </object_component>
      <object_component id="oc-370">
         <name>.text.ti_sysbios_knl_Clock_workFunc__E</name>
         <load_address>0x1003464</load_address>
         <run_address>0x1003464</run_address>
         <size>0x88</size>
         <input_file_ref idref="fl-2e"/>
      </object_component>
      <object_component id="oc-34c">
         <name>.text.ADCCC32XX_open</name>
         <load_address>0x10034ec</load_address>
         <run_address>0x10034ec</run_address>
         <size>0x84</size>
         <input_file_ref idref="fl-1e"/>
      </object_component>
      <object_component id="oc-136">
         <name>.text.GPIO_init</name>
         <load_address>0x1003570</load_address>
         <run_address>0x1003570</run_address>
         <size>0x84</size>
         <input_file_ref idref="fl-1f"/>
      </object_component>
      <object_component id="oc-2c2">
         <name>.text._pthread_removeThreadKeys</name>
         <load_address>0x10035f4</load_address>
         <run_address>0x10035f4</run_address>
         <size>0x84</size>
         <input_file_ref idref="fl-50"/>
      </object_component>
      <object_component id="oc-412">
         <name>.text.UDMACC32XX_open</name>
         <load_address>0x1003678</load_address>
         <run_address>0x1003678</run_address>
         <size>0x80</size>
         <input_file_ref idref="fl-24"/>
      </object_component>
      <object_component id="oc-387">
         <name>.text.ti_sysbios_family_arm_m3_Hwi_initNVIC__E</name>
         <load_address>0x10036f8</load_address>
         <run_address>0x10036f8</run_address>
         <size>0x80</size>
         <input_file_ref idref="fl-3a"/>
      </object_component>
      <object_component id="oc-131">
         <name>.text.Power_init</name>
         <load_address>0x1003778</load_address>
         <run_address>0x1003778</run_address>
         <size>0x78</size>
         <input_file_ref idref="fl-20"/>
      </object_component>
      <object_component id="oc-173">
         <name>.text.ti_sysbios_knl_Swi_restoreHwi__E</name>
         <load_address>0x10037f0</load_address>
         <run_address>0x10037f0</run_address>
         <size>0x78</size>
         <input_file_ref idref="fl-34"/>
      </object_component>
      <object_component id="oc-234">
         <name>.text.ti_sysbios_knl_Task_sleep__E</name>
         <load_address>0x1003868</load_address>
         <run_address>0x1003868</run_address>
         <size>0x78</size>
         <input_file_ref idref="fl-35"/>
      </object_component>
      <object_component id="oc-297">
         <name>.text.Power_setDependency</name>
         <load_address>0x10038e0</load_address>
         <run_address>0x10038e0</run_address>
         <size>0x74</size>
         <input_file_ref idref="fl-20"/>
      </object_component>
      <object_component id="oc-192">
         <name>.text.ti_sysbios_knl_Task_Module_startup__E</name>
         <load_address>0x1003954</load_address>
         <run_address>0x1003954</run_address>
         <size>0x74</size>
         <input_file_ref idref="fl-35"/>
      </object_component>
      <object_component id="oc-342">
         <name>.text.ADCCC32XX_close</name>
         <load_address>0x10039c8</load_address>
         <run_address>0x10039c8</run_address>
         <size>0x70</size>
         <input_file_ref idref="fl-1e"/>
      </object_component>
      <object_component id="oc-5e">
         <name>.text.xdc_runtime_Memory_alloc__E</name>
         <load_address>0x1003a38</load_address>
         <run_address>0x1003a38</run_address>
         <size>0x70</size>
         <input_file_ref idref="fl-49"/>
      </object_component>
      <object_component id="oc-496">
         <name>.text.xdc_runtime_System_formatNum__I</name>
         <load_address>0x1003aa8</load_address>
         <run_address>0x1003aa8</run_address>
         <size>0x70</size>
         <input_file_ref idref="fl-4b"/>
      </object_component>
      <object_component id="oc-4c1">
         <name>.text.__gedf2</name>
         <load_address>0x1003b18</load_address>
         <run_address>0x1003b18</run_address>
         <size>0x6e</size>
         <input_file_ref idref="fl-b2"/>
      </object_component>
      <object_component id="oc-3e2">
         <name>.text.__aeabi_ldiv0</name>
         <load_address>0x1003b86</load_address>
         <run_address>0x1003b86</run_address>
         <size>0x2</size>
         <input_file_ref idref="fl-b3"/>
      </object_component>
      <object_component id="oc-4bb">
         <name>.text.__ledf2</name>
         <load_address>0x1003b88</load_address>
         <run_address>0x1003b88</run_address>
         <size>0x6e</size>
         <input_file_ref idref="fl-b2"/>
      </object_component>
      <object_component id="oc-340">
         <name>.text._nop</name>
         <load_address>0x1003bf6</load_address>
         <run_address>0x1003bf6</run_address>
         <size>0x2</size>
         <input_file_ref idref="fl-68"/>
      </object_component>
      <object_component id="oc-1f1">
         <name>.text.powerNotifyFxn</name>
         <load_address>0x1003bf8</load_address>
         <run_address>0x1003bf8</run_address>
         <size>0x6c</size>
         <input_file_ref idref="fl-1f"/>
      </object_component>
      <object_component id="oc-25e">
         <name>.text.ti_sysbios_family_arm_m3_Hwi_postInit__I</name>
         <load_address>0x1003c64</load_address>
         <run_address>0x1003c64</run_address>
         <size>0x6c</size>
         <input_file_ref idref="fl-3a"/>
      </object_component>
      <object_component id="oc-23a">
         <name>.text.ti_sysbios_knl_Swi_run__I</name>
         <load_address>0x1003cd0</load_address>
         <run_address>0x1003cd0</run_address>
         <size>0x6c</size>
         <input_file_ref idref="fl-34"/>
      </object_component>
      <object_component id="oc-2f4">
         <name>.text.ti_sysbios_knl_Task_exit__E</name>
         <load_address>0x1003d3c</load_address>
         <run_address>0x1003d3c</run_address>
         <size>0x6c</size>
         <input_file_ref idref="fl-35"/>
      </object_component>
      <object_component id="oc-33f">
         <name>.text.ti_sysbios_knl_Task_startCore__E</name>
         <load_address>0x1003da8</load_address>
         <run_address>0x1003da8</run_address>
         <size>0x6c</size>
         <input_file_ref idref="fl-35"/>
      </object_component>
      <object_component id="oc-1cc">
         <name>.text.PRCMPeripheralReset</name>
         <load_address>0x1003e14</load_address>
         <run_address>0x1003e14</run_address>
         <size>0x6a</size>
         <input_file_ref idref="fl-55"/>
      </object_component>
      <object_component id="oc-3b">
         <name>.text:decompress:lzss</name>
         <load_address>0x1003e7e</load_address>
         <run_address>0x1003e7e</run_address>
         <size>0x6a</size>
         <input_file_ref idref="fl-6e"/>
      </object_component>
      <object_component id="oc-f7">
         <name>.text.ti_sysbios_family_arm_m3_Hwi_dispatchC__I</name>
         <load_address>0x1003ee8</load_address>
         <run_address>0x1003ee8</run_address>
         <size>0x68</size>
         <input_file_ref idref="fl-3a"/>
      </object_component>
      <object_component id="oc-2e3">
         <name>.text.ti_sysbios_knl_Task_allBlockedFunction__I</name>
         <load_address>0x1003f50</load_address>
         <run_address>0x1003f50</run_address>
         <size>0x68</size>
         <input_file_ref idref="fl-35"/>
      </object_component>
      <object_component id="oc-25">
         <name>.text.memalign</name>
         <load_address>0x1003fb8</load_address>
         <run_address>0x1003fb8</run_address>
         <size>0x66</size>
         <input_file_ref idref="fl-b"/>
      </object_component>
      <object_component id="oc-1b4">
         <name>.text.xdc_runtime_Core_createObject__I</name>
         <load_address>0x100401e</load_address>
         <run_address>0x100401e</run_address>
         <size>0x66</size>
         <input_file_ref idref="fl-44"/>
      </object_component>
      <object_component id="oc-380">
         <name>.text.ti_sysbios_heaps_HeapMem_initPrimary__I</name>
         <load_address>0x1004084</load_address>
         <run_address>0x1004084</run_address>
         <size>0x64</size>
         <input_file_ref idref="fl-3e"/>
      </object_component>
      <object_component id="oc-2a6">
         <name>.text.ti_sysbios_knl_Semaphore_post__E</name>
         <load_address>0x10040e8</load_address>
         <run_address>0x10040e8</run_address>
         <size>0x64</size>
         <input_file_ref idref="fl-33"/>
      </object_component>
      <object_component id="oc-4ac">
         <name>.text</name>
         <load_address>0x100414c</load_address>
         <run_address>0x100414c</run_address>
         <size>0x62</size>
         <input_file_ref idref="fl-ad"/>
      </object_component>
      <object_component id="oc-2cb">
         <name>.text.ti_sysbios_BIOS_linkedWithIncorrectBootLibrary__E</name>
         <load_address>0x10041ae</load_address>
         <run_address>0x10041ae</run_address>
         <size>0x2</size>
         <input_file_ref idref="fl-2d"/>
      </object_component>
      <object_component id="oc-233">
         <name>.text.GPIO_write</name>
         <load_address>0x10041b0</load_address>
         <run_address>0x10041b0</run_address>
         <size>0x60</size>
         <input_file_ref idref="fl-1f"/>
      </object_component>
      <object_component id="oc-166">
         <name>.text.threadFxn0</name>
         <load_address>0x1004210</load_address>
         <run_address>0x1004210</run_address>
         <size>0x60</size>
         <input_file_ref idref="fl-1"/>
      </object_component>
      <object_component id="oc-1ab">
         <name>.text.ti_sysbios_heaps_HeapMem_allocUnprotected__E</name>
         <load_address>0x1004270</load_address>
         <run_address>0x1004270</run_address>
         <size>0x60</size>
         <input_file_ref idref="fl-3e"/>
      </object_component>
      <object_component id="oc-3ea">
         <name>.text.FlashDisable</name>
         <load_address>0x10042d0</load_address>
         <run_address>0x10042d0</run_address>
         <size>0x5c</size>
         <input_file_ref idref="fl-5a"/>
      </object_component>
      <object_component id="oc-46d">
         <name>.text.UART2Support_dmaStopTx</name>
         <load_address>0x100432c</load_address>
         <run_address>0x100432c</run_address>
         <size>0x5c</size>
         <input_file_ref idref="fl-22"/>
      </object_component>
      <object_component id="oc-21d">
         <name>.text.pthread_exit</name>
         <load_address>0x1004388</load_address>
         <run_address>0x1004388</run_address>
         <size>0x5c</size>
         <input_file_ref idref="fl-4f"/>
      </object_component>
      <object_component id="oc-1cb">
         <name>.text.PRCMPeripheralClkEnable</name>
         <load_address>0x10043e4</load_address>
         <run_address>0x10043e4</run_address>
         <size>0x5a</size>
         <input_file_ref idref="fl-55"/>
      </object_component>
      <object_component id="oc-1bc">
         <name>.text.xdc_runtime_Core_deleteObject__I</name>
         <load_address>0x100443e</load_address>
         <run_address>0x100443e</run_address>
         <size>0x5a</size>
         <input_file_ref idref="fl-44"/>
      </object_component>
      <object_component id="oc-29f">
         <name>.text.GPIO_hwiIntFxn</name>
         <load_address>0x1004498</load_address>
         <run_address>0x1004498</run_address>
         <size>0x58</size>
         <input_file_ref idref="fl-1f"/>
      </object_component>
      <object_component id="oc-29a">
         <name>.text.GPIO_setInterruptConfig</name>
         <load_address>0x10044f0</load_address>
         <run_address>0x10044f0</run_address>
         <size>0x58</size>
         <input_file_ref idref="fl-1f"/>
      </object_component>
      <object_component id="oc-43b">
         <name>.text.Power_releaseDependency</name>
         <load_address>0x1004548</load_address>
         <run_address>0x1004548</run_address>
         <size>0x58</size>
         <input_file_ref idref="fl-20"/>
      </object_component>
      <object_component id="oc-87">
         <name>.text.main</name>
         <load_address>0x10045a0</load_address>
         <run_address>0x10045a0</run_address>
         <size>0x58</size>
         <input_file_ref idref="fl-3"/>
      </object_component>
      <object_component id="oc-114">
         <name>.text.ti_sysbios_heaps_HeapMem_alloc__E</name>
         <load_address>0x10045f8</load_address>
         <run_address>0x10045f8</run_address>
         <size>0x58</size>
         <input_file_ref idref="fl-3e"/>
      </object_component>
      <object_component id="oc-396">
         <name>.text.PRCMLPDSEnter</name>
         <load_address>0x1004650</load_address>
         <run_address>0x1004650</run_address>
         <size>0x56</size>
         <input_file_ref idref="fl-55"/>
      </object_component>
      <object_component id="oc-341">
         <name>.text.ti_sysbios_BIOS_nullFunc__I</name>
         <load_address>0x10046a6</load_address>
         <run_address>0x10046a6</run_address>
         <size>0x2</size>
         <input_file_ref idref="fl-b"/>
      </object_component>
      <object_component id="oc-348">
         <name>.text.ADCCC32XX_convert</name>
         <load_address>0x10046a8</load_address>
         <run_address>0x10046a8</run_address>
         <size>0x54</size>
         <input_file_ref idref="fl-1e"/>
      </object_component>
      <object_component id="oc-2aa">
         <name>.text.PowerCC32XX_setParkState</name>
         <load_address>0x10046fc</load_address>
         <run_address>0x10046fc</run_address>
         <size>0x54</size>
         <input_file_ref idref="fl-20"/>
      </object_component>
      <object_component id="oc-48d">
         <name>.text.ti_sysbios_family_arm_m3_Hwi_construct</name>
         <load_address>0x1004750</load_address>
         <run_address>0x1004750</run_address>
         <size>0x54</size>
         <input_file_ref idref="fl-b"/>
      </object_component>
      <object_component id="oc-31e">
         <name>.text.ti_sysbios_family_arm_m3_Hwi_create</name>
         <load_address>0x10047a4</load_address>
         <run_address>0x10047a4</run_address>
         <size>0x54</size>
         <input_file_ref idref="fl-b"/>
      </object_component>
      <object_component id="oc-3fc">
         <name>.text.ti_sysbios_knl_Swi_runLoop__I</name>
         <load_address>0x10047f8</load_address>
         <run_address>0x10047f8</run_address>
         <size>0x54</size>
         <input_file_ref idref="fl-34"/>
      </object_component>
      <object_component id="oc-3a9">
         <name>.text.ti_sysbios_knl_Swi_schedule__I</name>
         <load_address>0x100484c</load_address>
         <run_address>0x100484c</run_address>
         <size>0x54</size>
         <input_file_ref idref="fl-34"/>
      </object_component>
      <object_component id="oc-357">
         <name>.text.DisplayUart2Min_vprintf</name>
         <load_address>0x10048a0</load_address>
         <run_address>0x10048a0</run_address>
         <size>0x52</size>
         <input_file_ref idref="fl-1a"/>
      </object_component>
      <object_component id="oc-3cf">
         <name>.text.ti_sysbios_gates_GateHwi_Instance_init__E</name>
         <load_address>0x10048f2</load_address>
         <run_address>0x10048f2</run_address>
         <size>0x2</size>
         <input_file_ref idref="fl-3f"/>
      </object_component>
      <object_component id="oc-162">
         <name>.text.Display_doOpen</name>
         <load_address>0x10048f4</load_address>
         <run_address>0x10048f4</run_address>
         <size>0x50</size>
         <input_file_ref idref="fl-19"/>
      </object_component>
      <object_component id="oc-388">
         <name>.text.ti_sysbios_knl_Clock_walkQueuePeriodic__E</name>
         <load_address>0x1004944</load_address>
         <run_address>0x1004944</run_address>
         <size>0x50</size>
         <input_file_ref idref="fl-2e"/>
      </object_component>
      <object_component id="oc-1be">
         <name>.text.xdc_runtime_Startup_exec__E</name>
         <load_address>0x1004994</load_address>
         <run_address>0x1004994</run_address>
         <size>0x50</size>
         <input_file_ref idref="fl-4a"/>
      </object_component>
      <object_component id="oc-1b2">
         <name>.text.ti_sysbios_heaps_HeapMem_freeUnprotected__E</name>
         <load_address>0x10049e4</load_address>
         <run_address>0x10049e4</run_address>
         <size>0x4e</size>
         <input_file_ref idref="fl-3e"/>
      </object_component>
      <object_component id="oc-3e9">
         <name>.text.PRCMLPDSRestoreInfoSet</name>
         <load_address>0x1004a32</load_address>
         <run_address>0x1004a32</run_address>
         <size>0x4c</size>
         <input_file_ref idref="fl-55"/>
      </object_component>
      <object_component id="oc-399">
         <name>.text.ti_sysbios_knl_Clock_logTick__E</name>
         <load_address>0x1004a7e</load_address>
         <run_address>0x1004a7e</run_address>
         <size>0x2</size>
         <input_file_ref idref="fl-2e"/>
      </object_component>
      <object_component id="oc-199">
         <name>.text.ti_sysbios_family_arm_m3_Hwi_Module_startup__E</name>
         <load_address>0x1004a80</load_address>
         <run_address>0x1004a80</run_address>
         <size>0x4c</size>
         <input_file_ref idref="fl-3a"/>
      </object_component>
      <object_component id="oc-3d2">
         <name>.text.ti_sysbios_family_arm_m3_TaskSupport_buildTaskStack</name>
         <load_address>0x1004acc</load_address>
         <run_address>0x1004acc</run_address>
         <size>0x4c</size>
         <input_file_ref idref="fl-2c"/>
      </object_component>
      <object_component id="oc-2fa">
         <name>.text.ti_sysbios_family_arm_m3_Timer_setPeriod__E</name>
         <load_address>0x1004b18</load_address>
         <run_address>0x1004b18</run_address>
         <size>0x4c</size>
         <input_file_ref idref="fl-3c"/>
      </object_component>
      <object_component id="oc-148">
         <name>.text.ti_sysbios_knl_Task_create</name>
         <load_address>0x1004b64</load_address>
         <run_address>0x1004b64</run_address>
         <size>0x4c</size>
         <input_file_ref idref="fl-b"/>
      </object_component>
      <object_component id="oc-23c">
         <name>.text.ti_sysbios_knl_Task_schedule__I</name>
         <load_address>0x1004bb0</load_address>
         <run_address>0x1004bb0</run_address>
         <size>0x4c</size>
         <input_file_ref idref="fl-35"/>
      </object_component>
      <object_component id="oc-391">
         <name>.text.PowerCC32XX_parkPin</name>
         <load_address>0x1004bfc</load_address>
         <run_address>0x1004bfc</run_address>
         <size>0x4a</size>
         <input_file_ref idref="fl-20"/>
      </object_component>
      <object_component id="oc-311">
         <name>.text.getCountsRTC</name>
         <load_address>0x1004c46</load_address>
         <run_address>0x1004c46</run_address>
         <size>0x4a</size>
         <input_file_ref idref="fl-29"/>
      </object_component>
      <object_component id="oc-31f">
         <name>.text.GPIO_disableInt</name>
         <load_address>0x1004c90</load_address>
         <run_address>0x1004c90</run_address>
         <size>0x48</size>
         <input_file_ref idref="fl-1f"/>
      </object_component>
      <object_component id="oc-29b">
         <name>.text.GPIO_enableInt</name>
         <load_address>0x1004cd8</load_address>
         <run_address>0x1004cd8</run_address>
         <size>0x48</size>
         <input_file_ref idref="fl-1f"/>
      </object_component>
      <object_component id="oc-469">
         <name>.text.UART2Support_dmaStopRx</name>
         <load_address>0x1004d20</load_address>
         <run_address>0x1004d20</run_address>
         <size>0x48</size>
         <input_file_ref idref="fl-22"/>
      </object_component>
      <object_component id="oc-29">
         <name>.text.realloc</name>
         <load_address>0x1004d68</load_address>
         <run_address>0x1004d68</run_address>
         <size>0x48</size>
         <input_file_ref idref="fl-b"/>
      </object_component>
      <object_component id="oc-488">
         <name>.text.ti_sysbios_family_arm_m3_Hwi_initStacks__E</name>
         <load_address>0x1004db0</load_address>
         <run_address>0x1004db0</run_address>
         <size>0x48</size>
         <input_file_ref idref="fl-2b"/>
      </object_component>
      <object_component id="oc-39a">
         <name>.text.ti_sysbios_knl_Swi_post__E</name>
         <load_address>0x1004df8</load_address>
         <run_address>0x1004df8</run_address>
         <size>0x48</size>
         <input_file_ref idref="fl-34"/>
      </object_component>
      <object_component id="oc-4b4">
         <name>.text</name>
         <load_address>0x1004e40</load_address>
         <run_address>0x1004e40</run_address>
         <size>0x48</size>
         <input_file_ref idref="fl-aa"/>
      </object_component>
      <object_component id="oc-41e">
         <name>.text.ClockP_construct</name>
         <load_address>0x1004e88</load_address>
         <run_address>0x1004e88</run_address>
         <size>0x46</size>
         <input_file_ref idref="fl-25"/>
      </object_component>
      <object_component id="oc-395">
         <name>.text.PRCMLPDSEnterKeepDebugIf</name>
         <load_address>0x1004ece</load_address>
         <run_address>0x1004ece</run_address>
         <size>0x46</size>
         <input_file_ref idref="fl-55"/>
      </object_component>
      <object_component id="oc-493">
         <name>.text.RingBuf_put</name>
         <load_address>0x1004f14</load_address>
         <run_address>0x1004f14</run_address>
         <size>0x46</size>
         <input_file_ref idref="fl-1d"/>
      </object_component>
      <object_component id="oc-1f9">
         <name>.text.xdc_runtime_Core_constructObject__I</name>
         <load_address>0x1004f5a</load_address>
         <run_address>0x1004f5a</run_address>
         <size>0x46</size>
         <input_file_ref idref="fl-45"/>
      </object_component>
      <object_component id="oc-156">
         <name>.text.ADC_init</name>
         <load_address>0x1004fa0</load_address>
         <run_address>0x1004fa0</run_address>
         <size>0x44</size>
         <input_file_ref idref="fl-1b"/>
      </object_component>
      <object_component id="oc-471">
         <name>.text.Power_releaseConstraint</name>
         <load_address>0x1004fe4</load_address>
         <run_address>0x1004fe4</run_address>
         <size>0x44</size>
         <input_file_ref idref="fl-20"/>
      </object_component>
      <object_component id="oc-39e">
         <name>.text.ti_sysbios_family_arm_m3_Hwi_Instance_finalize__E</name>
         <load_address>0x1005028</load_address>
         <run_address>0x1005028</run_address>
         <size>0x44</size>
         <input_file_ref idref="fl-3a"/>
      </object_component>
      <object_component id="oc-37c">
         <name>.text.ti_sysbios_family_arm_m3_Hwi_disableInterrupt__E</name>
         <load_address>0x100506c</load_address>
         <run_address>0x100506c</run_address>
         <size>0x44</size>
         <input_file_ref idref="fl-3a"/>
      </object_component>
      <object_component id="oc-2f8">
         <name>.text.ti_sysbios_family_arm_m3_Hwi_enableInterrupt__E</name>
         <load_address>0x10050b0</load_address>
         <run_address>0x10050b0</run_address>
         <size>0x44</size>
         <input_file_ref idref="fl-3a"/>
      </object_component>
      <object_component id="oc-1ba">
         <name>.text.ti_sysbios_heaps_HeapMem_Instance_init__E</name>
         <load_address>0x10050f4</load_address>
         <run_address>0x10050f4</run_address>
         <size>0x44</size>
         <input_file_ref idref="fl-3e"/>
      </object_component>
      <object_component id="oc-11c">
         <name>.text.ti_sysbios_heaps_HeapMem_getStats__E</name>
         <load_address>0x1005138</load_address>
         <run_address>0x1005138</run_address>
         <size>0x44</size>
         <input_file_ref idref="fl-3e"/>
      </object_component>
      <object_component id="oc-18b">
         <name>.text.ti_sysbios_knl_Mailbox_Module_startup__E</name>
         <load_address>0x100517c</load_address>
         <run_address>0x100517c</run_address>
         <size>0x44</size>
         <input_file_ref idref="fl-31"/>
      </object_component>
      <object_component id="oc-3b4">
         <name>.text</name>
         <load_address>0x10051c0</load_address>
         <run_address>0x10051c0</run_address>
         <size>0x44</size>
         <input_file_ref idref="fl-ab"/>
      </object_component>
      <object_component id="oc-416">
         <name>.text.HwiP_construct</name>
         <load_address>0x1005204</load_address>
         <run_address>0x1005204</run_address>
         <size>0x42</size>
         <input_file_ref idref="fl-26"/>
      </object_component>
      <object_component id="oc-1d3">
         <name>.text.PinModeSet</name>
         <load_address>0x1005246</load_address>
         <run_address>0x1005246</run_address>
         <size>0x42</size>
         <input_file_ref idref="fl-54"/>
      </object_component>
      <object_component id="oc-22c">
         <name>.text.ADC_open</name>
         <load_address>0x1005288</load_address>
         <run_address>0x1005288</run_address>
         <size>0x40</size>
         <input_file_ref idref="fl-1b"/>
      </object_component>
      <object_component id="oc-299">
         <name>.text.HwiP_create</name>
         <load_address>0x10052c8</load_address>
         <run_address>0x10052c8</run_address>
         <size>0x40</size>
         <input_file_ref idref="fl-26"/>
      </object_component>
      <object_component id="oc-45f">
         <name>.text.ti_sysbios_family_arm_m3_Hwi_construct2__E</name>
         <load_address>0x1005308</load_address>
         <run_address>0x1005308</run_address>
         <size>0x40</size>
         <input_file_ref idref="fl-3a"/>
      </object_component>
      <object_component id="oc-266">
         <name>.text.ti_sysbios_family_arm_m3_Timer_start__E</name>
         <load_address>0x1005348</load_address>
         <run_address>0x1005348</run_address>
         <size>0x40</size>
         <input_file_ref idref="fl-3c"/>
      </object_component>
      <object_component id="oc-1f4">
         <name>.text.xdc_runtime_Core_assignParams__I</name>
         <load_address>0x1005388</load_address>
         <run_address>0x1005388</run_address>
         <size>0x40</size>
         <input_file_ref idref="fl-46"/>
      </object_component>
      <object_component id="oc-353">
         <name>.text.DisplayUart2Min_open</name>
         <load_address>0x10053c8</load_address>
         <run_address>0x10053c8</run_address>
         <size>0x3c</size>
         <input_file_ref idref="fl-1a"/>
      </object_component>
      <object_component id="oc-434">
         <name>.text.UART2_rxDisable</name>
         <load_address>0x1005404</load_address>
         <run_address>0x1005404</run_address>
         <size>0x3c</size>
         <input_file_ref idref="fl-1c"/>
      </object_component>
      <object_component id="oc-40d">
         <name>.text.UDMACC32XX_init</name>
         <load_address>0x1005440</load_address>
         <run_address>0x1005440</run_address>
         <size>0x3c</size>
         <input_file_ref idref="fl-24"/>
      </object_component>
      <object_component id="oc-3ef">
         <name>.text.ti_sysbios_family_arm_m3_Timer_setPeriodMicroSecs__E</name>
         <load_address>0x100547c</load_address>
         <run_address>0x100547c</run_address>
         <size>0x3c</size>
         <input_file_ref idref="fl-3c"/>
      </object_component>
      <object_component id="oc-48f">
         <name>.text.ti_sysbios_knl_Clock_Instance_init__E</name>
         <load_address>0x10054b8</load_address>
         <run_address>0x10054b8</run_address>
         <size>0x3c</size>
         <input_file_ref idref="fl-2e"/>
      </object_component>
      <object_component id="oc-2de">
         <name>.text.ti_sysbios_knl_Task_blockI__E</name>
         <load_address>0x10054f4</load_address>
         <run_address>0x10054f4</run_address>
         <size>0x3c</size>
         <input_file_ref idref="fl-35"/>
      </object_component>
      <object_component id="oc-215">
         <name>.text.ti_sysbios_knl_Task_restore__E</name>
         <load_address>0x1005530</load_address>
         <run_address>0x1005530</run_address>
         <size>0x3c</size>
         <input_file_ref idref="fl-35"/>
      </object_component>
      <object_component id="oc-304">
         <name>.text.Power_setConstraint</name>
         <load_address>0x100556c</load_address>
         <run_address>0x100556c</run_address>
         <size>0x38</size>
         <input_file_ref idref="fl-20"/>
      </object_component>
      <object_component id="oc-470">
         <name>.text.RingBuf_putAdvance</name>
         <load_address>0x10055a4</load_address>
         <run_address>0x10055a4</run_address>
         <size>0x38</size>
         <input_file_ref idref="fl-1d"/>
      </object_component>
      <object_component id="oc-439">
         <name>.text.UDMACC32XX_close</name>
         <load_address>0x10055dc</load_address>
         <run_address>0x10055dc</run_address>
         <size>0x38</size>
         <input_file_ref idref="fl-24"/>
      </object_component>
      <object_component id="oc-33e">
         <name>.text.ti_sysbios_knl_Swi_restore__E</name>
         <load_address>0x1005614</load_address>
         <run_address>0x1005614</run_address>
         <size>0x38</size>
         <input_file_ref idref="fl-34"/>
      </object_component>
      <object_component id="oc-323">
         <name>.text.ti_sysbios_knl_Task_unblockI__E</name>
         <load_address>0x100564c</load_address>
         <run_address>0x100564c</run_address>
         <size>0x38</size>
         <input_file_ref idref="fl-35"/>
      </object_component>
      <object_component id="oc-57">
         <name>.text.ti_sysbios_rts_MemAlloc_alloc</name>
         <load_address>0x1005684</load_address>
         <run_address>0x1005684</run_address>
         <size>0x38</size>
         <input_file_ref idref="fl-b"/>
      </object_component>
      <object_component id="oc-c2">
         <name>.text:__TI_auto_init_nobinit_nopinit</name>
         <load_address>0x10056bc</load_address>
         <run_address>0x10056bc</run_address>
         <size>0x38</size>
         <input_file_ref idref="fl-6a"/>
      </object_component>
      <object_component id="oc-4a8">
         <name>.text</name>
         <load_address>0x10056f4</load_address>
         <run_address>0x10056f4</run_address>
         <size>0x38</size>
         <input_file_ref idref="fl-a9"/>
      </object_component>
      <object_component id="oc-418">
         <name>.text.SemaphoreP_construct</name>
         <load_address>0x100572c</load_address>
         <run_address>0x100572c</run_address>
         <size>0x36</size>
         <input_file_ref idref="fl-27"/>
      </object_component>
      <object_component id="oc-1ce">
         <name>.text.PinModeGet</name>
         <load_address>0x1005762</load_address>
         <run_address>0x1005762</run_address>
         <size>0x34</size>
         <input_file_ref idref="fl-54"/>
      </object_component>
      <object_component id="oc-23">
         <name>.text.xdc_runtime_Startup_reset__I</name>
         <load_address>0x1005796</load_address>
         <run_address>0x1005796</run_address>
         <size>0x2</size>
         <input_file_ref idref="fl-b"/>
      </object_component>
      <object_component id="oc-2d1">
         <name>.text.ti_sysbios_BIOS_atExitFunc__I</name>
         <load_address>0x1005798</load_address>
         <run_address>0x1005798</run_address>
         <size>0x34</size>
         <input_file_ref idref="fl-b"/>
      </object_component>
      <object_component id="oc-486">
         <name>.text.ti_sysbios_family_arm_m3_Hwi_getStackInfo__E</name>
         <load_address>0x10057cc</load_address>
         <run_address>0x10057cc</run_address>
         <size>0x34</size>
         <input_file_ref idref="fl-3a"/>
      </object_component>
      <object_component id="oc-2f9">
         <name>.text.ti_sysbios_family_arm_m3_Timer_initDevice__I</name>
         <load_address>0x1005800</load_address>
         <run_address>0x1005800</run_address>
         <size>0x34</size>
         <input_file_ref idref="fl-3c"/>
      </object_component>
      <object_component id="oc-24d">
         <name>.text.ti_sysbios_knl_Mailbox_postInit__I</name>
         <load_address>0x1005834</load_address>
         <run_address>0x1005834</run_address>
         <size>0x34</size>
         <input_file_ref idref="fl-31"/>
      </object_component>
      <object_component id="oc-2cc">
         <name>.text.xdc_runtime_System_atexit__E</name>
         <load_address>0x1005868</load_address>
         <run_address>0x1005868</run_address>
         <size>0x34</size>
         <input_file_ref idref="fl-4b"/>
      </object_component>
      <object_component id="oc-38f">
         <name>.text.notify</name>
         <load_address>0x100589c</load_address>
         <run_address>0x100589c</run_address>
         <size>0x30</size>
         <input_file_ref idref="fl-20"/>
      </object_component>
      <object_component id="oc-21f">
         <name>.text.ti_sysbios_BIOS_startFunc__I</name>
         <load_address>0x10058cc</load_address>
         <run_address>0x10058cc</run_address>
         <size>0x30</size>
         <input_file_ref idref="fl-b"/>
      </object_component>
      <object_component id="oc-37b">
         <name>.text.ti_sysbios_family_arm_m3_Timer_periodicStub__I</name>
         <load_address>0x10058fc</load_address>
         <run_address>0x10058fc</run_address>
         <size>0x30</size>
         <input_file_ref idref="fl-3c"/>
      </object_component>
      <object_component id="oc-36d">
         <name>.text.ti_sysbios_gates_GateHwi_Object__create__S</name>
         <load_address>0x100592c</load_address>
         <run_address>0x100592c</run_address>
         <size>0x30</size>
         <input_file_ref idref="fl-b"/>
      </object_component>
      <object_component id="oc-331">
         <name>.text.ti_sysbios_gates_GateMutex_Object__create__S</name>
         <load_address>0x100595c</load_address>
         <run_address>0x100595c</run_address>
         <size>0x30</size>
         <input_file_ref idref="fl-b"/>
      </object_component>
      <object_component id="oc-26a">
         <name>.text.ti_sysbios_gates_GateMutex_enter__E</name>
         <load_address>0x100598c</load_address>
         <run_address>0x100598c</run_address>
         <size>0x30</size>
         <input_file_ref idref="fl-40"/>
      </object_component>
      <object_component id="oc-11d">
         <name>.text.ti_sysbios_heaps_HeapMem_Object__create__S</name>
         <load_address>0x10059bc</load_address>
         <run_address>0x10059bc</run_address>
         <size>0x30</size>
         <input_file_ref idref="fl-b"/>
      </object_component>
      <object_component id="oc-11a">
         <name>.text.ti_sysbios_heaps_HeapMem_free__E</name>
         <load_address>0x10059ec</load_address>
         <run_address>0x10059ec</run_address>
         <size>0x30</size>
         <input_file_ref idref="fl-3e"/>
      </object_component>
      <object_component id="oc-463">
         <name>.text.ti_sysbios_knl_Clock_construct</name>
         <load_address>0x1005a1c</load_address>
         <run_address>0x1005a1c</run_address>
         <size>0x30</size>
         <input_file_ref idref="fl-b"/>
      </object_component>
      <object_component id="oc-317">
         <name>.text.ti_sysbios_knl_Clock_doTick__I</name>
         <load_address>0x1005a4c</load_address>
         <run_address>0x1005a4c</run_address>
         <size>0x30</size>
         <input_file_ref idref="fl-b"/>
      </object_component>
      <object_component id="oc-147">
         <name>.text.ti_sysbios_knl_Semaphore_construct</name>
         <load_address>0x1005a7c</load_address>
         <run_address>0x1005a7c</run_address>
         <size>0x30</size>
         <input_file_ref idref="fl-b"/>
      </object_component>
      <object_component id="oc-28c">
         <name>.text.ti_sysbios_knl_Semaphore_create</name>
         <load_address>0x1005aac</load_address>
         <run_address>0x1005aac</run_address>
         <size>0x30</size>
         <input_file_ref idref="fl-b"/>
      </object_component>
      <object_component id="oc-2bc">
         <name>.text.ti_sysbios_knl_Task_processVitalTaskFlag__I</name>
         <load_address>0x1005adc</load_address>
         <run_address>0x1005adc</run_address>
         <size>0x30</size>
         <input_file_ref idref="fl-35"/>
      </object_component>
      <object_component id="oc-d2">
         <name>.text.xdc_runtime_System_processAtExit__E</name>
         <load_address>0x1005b0c</load_address>
         <run_address>0x1005b0c</run_address>
         <size>0x30</size>
         <input_file_ref idref="fl-4b"/>
      </object_component>
      <object_component id="oc-494">
         <name>.text.xdc_runtime_System_putchar__I</name>
         <load_address>0x1005b3c</load_address>
         <run_address>0x1005b3c</run_address>
         <size>0x30</size>
         <input_file_ref idref="fl-4b"/>
      </object_component>
      <object_component id="oc-393">
         <name>.text.PowerCC32XX_restoreParkedPin</name>
         <load_address>0x1005b6c</load_address>
         <run_address>0x1005b6c</run_address>
         <size>0x2e</size>
         <input_file_ref idref="fl-20"/>
      </object_component>
      <object_component id="oc-46c">
         <name>.text.RingBuf_getConsume</name>
         <load_address>0x1005b9a</load_address>
         <run_address>0x1005b9a</run_address>
         <size>0x2e</size>
         <input_file_ref idref="fl-1d"/>
      </object_component>
      <object_component id="oc-46f">
         <name>.text.RingBuf_putPointer</name>
         <load_address>0x1005bc8</load_address>
         <run_address>0x1005bc8</run_address>
         <size>0x2e</size>
         <input_file_ref idref="fl-1d"/>
      </object_component>
      <object_component id="oc-466">
         <name>.text.UART2CC32XX_getRxData</name>
         <load_address>0x1005bf6</load_address>
         <run_address>0x1005bf6</run_address>
         <size>0x2e</size>
         <input_file_ref idref="fl-22"/>
      </object_component>
      <object_component id="oc-479">
         <name>.text.UART2Support_sendData</name>
         <load_address>0x1005c24</load_address>
         <run_address>0x1005c24</run_address>
         <size>0x2e</size>
         <input_file_ref idref="fl-22"/>
      </object_component>
      <object_component id="oc-435">
         <name>.text.UARTDisable</name>
         <load_address>0x1005c52</load_address>
         <run_address>0x1005c52</run_address>
         <size>0x2e</size>
         <input_file_ref idref="fl-56"/>
      </object_component>
      <object_component id="oc-47f">
         <name>.text.UART2Support_disableRx</name>
         <load_address>0x1005c80</load_address>
         <run_address>0x1005c80</run_address>
         <size>0x2c</size>
         <input_file_ref idref="fl-22"/>
      </object_component>
      <object_component id="oc-485">
         <name>.text._pthread_cleanupFxn</name>
         <load_address>0x1005cac</load_address>
         <run_address>0x1005cac</run_address>
         <size>0x2c</size>
         <input_file_ref idref="fl-4f"/>
      </object_component>
      <object_component id="oc-14f">
         <name>.text._pthread_delete</name>
         <load_address>0x1005cd8</load_address>
         <run_address>0x1005cd8</run_address>
         <size>0x2c</size>
         <input_file_ref idref="fl-4f"/>
      </object_component>
      <object_component id="oc-374">
         <name>.text.ti_sysbios_family_arm_m3_TaskSupport_start__E</name>
         <load_address>0x1005d04</load_address>
         <run_address>0x1005d04</run_address>
         <size>0x2c</size>
         <input_file_ref idref="fl-3b"/>
      </object_component>
      <object_component id="oc-2dd">
         <name>.text.ti_sysbios_knl_Clock_addI__E</name>
         <load_address>0x1005d30</load_address>
         <run_address>0x1005d30</run_address>
         <size>0x2c</size>
         <input_file_ref idref="fl-2e"/>
      </object_component>
      <object_component id="oc-145">
         <name>.text.ti_sysbios_knl_Queue_construct</name>
         <load_address>0x1005d5c</load_address>
         <run_address>0x1005d5c</run_address>
         <size>0x2c</size>
         <input_file_ref idref="fl-b"/>
      </object_component>
      <object_component id="oc-31c">
         <name>.text.ti_sysbios_knl_Semaphore_pendTimeout__I</name>
         <load_address>0x1005d88</load_address>
         <run_address>0x1005d88</run_address>
         <size>0x2c</size>
         <input_file_ref idref="fl-33"/>
      </object_component>
      <object_component id="oc-1cd">
         <name>.text.PRCMPeripheralClkDisable</name>
         <load_address>0x1005db4</load_address>
         <run_address>0x1005db4</run_address>
         <size>0x2a</size>
         <input_file_ref idref="fl-55"/>
      </object_component>
      <object_component id="oc-426">
         <name>.text.UART2CC32XX_writeTimeout</name>
         <load_address>0x1005dde</load_address>
         <run_address>0x1005dde</run_address>
         <size>0x2a</size>
         <input_file_ref idref="fl-22"/>
      </object_component>
      <object_component id="oc-483">
         <name>.text.List_remove</name>
         <load_address>0x1005e08</load_address>
         <run_address>0x1005e08</run_address>
         <size>0x28</size>
         <input_file_ref idref="fl-23"/>
      </object_component>
      <object_component id="oc-40b">
         <name>.text.PowerCC32XX_getParkState</name>
         <load_address>0x1005e30</load_address>
         <run_address>0x1005e30</run_address>
         <size>0x28</size>
         <input_file_ref idref="fl-20"/>
      </object_component>
      <object_component id="oc-283">
         <name>.text.PowerCC32XX_initPolicy</name>
         <load_address>0x1005e58</load_address>
         <run_address>0x1005e58</run_address>
         <size>0x28</size>
         <input_file_ref idref="fl-29"/>
      </object_component>
      <object_component id="oc-404">
         <name>.text.PowerCC32XX_reset</name>
         <load_address>0x1005e80</load_address>
         <run_address>0x1005e80</run_address>
         <size>0x28</size>
         <input_file_ref idref="fl-20"/>
      </object_component>
      <object_component id="oc-1dc">
         <name>.text.SemaphoreP_createBinary</name>
         <load_address>0x1005ea8</load_address>
         <run_address>0x1005ea8</run_address>
         <size>0x28</size>
         <input_file_ref idref="fl-27"/>
      </object_component>
      <object_component id="oc-27">
         <name>.text.calloc</name>
         <load_address>0x1005ed0</load_address>
         <run_address>0x1005ed0</run_address>
         <size>0x28</size>
         <input_file_ref idref="fl-b"/>
      </object_component>
      <object_component id="oc-2cd">
         <name>.text.ti_sysbios_BIOS_registerRTSLock__I</name>
         <load_address>0x1005ef8</load_address>
         <run_address>0x1005ef8</run_address>
         <size>0x28</size>
         <input_file_ref idref="fl-b"/>
      </object_component>
      <object_component id="oc-99">
         <name>.text.ti_sysbios_family_arm_m3_Hwi_excHandlerAsm__I</name>
         <load_address>0x1005f20</load_address>
         <run_address>0x1005f20</run_address>
         <size>0x28</size>
         <input_file_ref idref="fl-2a"/>
      </object_component>
      <object_component id="oc-1a0">
         <name>.text.ti_sysbios_family_arm_m3_TimestampProvider_Module_startup__E</name>
         <load_address>0x1005f48</load_address>
         <run_address>0x1005f48</run_address>
         <size>0x28</size>
         <input_file_ref idref="fl-3d"/>
      </object_component>
      <object_component id="oc-174">
         <name>.text.ti_sysbios_knl_Task_restoreHwi__E</name>
         <load_address>0x1005f70</load_address>
         <run_address>0x1005f70</run_address>
         <size>0x28</size>
         <input_file_ref idref="fl-35"/>
      </object_component>
      <object_component id="oc-417">
         <name>.text.SemaphoreP_constructBinary</name>
         <load_address>0x1005f98</load_address>
         <run_address>0x1005f98</run_address>
         <size>0x26</size>
         <input_file_ref idref="fl-27"/>
      </object_component>
      <object_component id="oc-2e9">
[...]
      </symbol>
      <symbol id="sm-761">
         <name>xdc_runtime_Memory_valloc__E</name>
         <value>0x100645b</value>
         <object_component_ref idref="oc-300"/>
      </symbol>
      <symbol id="sm-762">
         <name>xdc_runtime_Memory_free__E</name>
         <value>0x1006a35</value>
         <object_component_ref idref="oc-68"/>
      </symbol>
      <symbol id="sm-774">
         <name>xdc_runtime_Startup_exec__E</name>
         <value>0x1004995</value>
         <object_component_ref idref="oc-1be"/>
      </symbol>
      <symbol id="sm-775">
         <name>xdc_runtime_Startup_rtsDone__E</name>
         <value>0x1006da9</value>
         <object_component_ref idref="oc-2ca"/>
      </symbol>
      <symbol id="sm-776">
         <name>xdc_runtime_Startup_startMods__I</name>
         <value>0x1002e3d</value>
         <object_component_ref idref="oc-4f"/>
      </symbol>
      <symbol id="sm-7a3">
         <name>xdc_runtime_System_Module_startup__E</name>
         <value>0x1006ecf</value>
         <object_component_ref idref="oc-184"/>
      </symbol>
      <symbol id="sm-7a4">
         <name>xdc_runtime_System_abort__E</name>
         <value>0x1006601</value>
         <object_component_ref idref="oc-9f"/>
      </symbol>
      <symbol id="sm-7a5">
         <name>xdc_runtime_System_atexit__E</name>
         <value>0x1005869</value>
         <object_component_ref idref="oc-2cc"/>
      </symbol>
      <symbol id="sm-7a6">
         <name>xdc_runtime_System_exit__E</name>
         <value>0x1006841</value>
         <object_component_ref idref="oc-7f"/>
      </symbol>
      <symbol id="sm-7a7">
         <name>xdc_runtime_System_processAtExit__E</name>
         <value>0x1005b0d</value>
         <object_component_ref idref="oc-d2"/>
      </symbol>
      <symbol id="sm-7a8">
         <name>xdc_runtime_System_abortSpin__E</name>
         <value>0x1006907</value>
         <object_component_ref idref="oc-183"/>
      </symbol>
      <symbol id="sm-7a9">
         <name>xdc_runtime_System_exitSpin__E</name>
         <value>0x1006fad</value>
         <object_component_ref idref="oc-12b"/>
      </symbol>
      <symbol id="sm-7aa">
         <name>xdc_runtime_System_doPrint__I</name>
         <value>0x10013d9</value>
         <object_component_ref idref="oc-472"/>
      </symbol>
      <symbol id="sm-7ab">
         <name>xdc_runtime_System_putchar__I</name>
         <value>0x1005b3d</value>
         <object_component_ref idref="oc-494"/>
      </symbol>
      <symbol id="sm-7ac">
         <name>xdc_runtime_System_formatNum__I</name>
         <value>0x1003aa9</value>
         <object_component_ref idref="oc-496"/>
      </symbol>
      <symbol id="sm-7ad">
         <name>xdc_runtime_System_vsnprintf__E</name>
         <value>0x1006b85</value>
         <object_component_ref idref="oc-429"/>
      </symbol>
      <symbol id="sm-7c8">
         <name>xdc_runtime_SysCallback_abort__E</name>
         <value>0x1006db5</value>
         <object_component_ref idref="oc-17e"/>
      </symbol>
      <symbol id="sm-7c9">
         <name>xdc_runtime_SysCallback_exit__E</name>
         <value>0x1006dc1</value>
         <object_component_ref idref="oc-1c2"/>
      </symbol>
      <symbol id="sm-7ca">
         <name>xdc_runtime_SysCallback_putch__E</name>
         <value>0x1006dcd</value>
         <object_component_ref idref="oc-4a7"/>
      </symbol>
      <symbol id="sm-7cb">
         <name>xdc_runtime_SysCallback_ready__E</name>
         <value>0x1006dd9</value>
         <object_component_ref idref="oc-4a6"/>
      </symbol>
      <symbol id="sm-7cc">
         <name>xdc_runtime_SysCallback_defaultReady</name>
         <value>0x1006f8d</value>
         <object_component_ref idref="oc-4c5"/>
      </symbol>
      <symbol id="sm-7cd">
         <name>xdc_runtime_SysCallback_defaultAbort</name>
         <value>0x1005fbf</value>
         <object_component_ref idref="oc-2e9"/>
      </symbol>
      <symbol id="sm-7ce">
         <name>xdc_runtime_SysCallback_defaultExit</name>
         <value>0x10061ff</value>
         <object_component_ref idref="oc-303"/>
      </symbol>
      <symbol id="sm-7cf">
         <name>xdc_runtime_SysCallback_defaultPutch</name>
         <value>0x1006707</value>
         <object_component_ref idref="oc-4c6"/>
      </symbol>
      <symbol id="sm-7f8">
         <name>pthread_attr_init</name>
         <value>0x1006495</value>
         <object_component_ref idref="oc-db"/>
      </symbol>
      <symbol id="sm-7f9">
         <name>pthread_attr_setdetachstate</name>
         <value>0x1006cb9</value>
         <object_component_ref idref="oc-e2"/>
      </symbol>
      <symbol id="sm-7fa">
         <name>pthread_attr_setschedparam</name>
         <value>0x1006995</value>
         <object_component_ref idref="oc-e1"/>
      </symbol>
      <symbol id="sm-7fb">
         <name>pthread_attr_setstacksize</name>
         <value>0x1006e87</value>
         <object_component_ref idref="oc-e3"/>
      </symbol>
      <symbol id="sm-7fc">
         <name>pthread_create</name>
         <value>0x10025e9</value>
         <object_component_ref idref="oc-e4"/>
      </symbol>
      <symbol id="sm-7fd">
         <name>pthread_exit</name>
         <value>0x1004389</value>
         <object_component_ref idref="oc-21d"/>
      </symbol>
      <symbol id="sm-7fe">
         <name>pthread_self</name>
         <value>0x1006bb3</value>
         <object_component_ref idref="oc-2c1"/>
      </symbol>
      <symbol id="sm-7ff">
         <name>_pthread_cleanupFxn</name>
         <value>0x1005cad</value>
         <object_component_ref idref="oc-485"/>
      </symbol>
      <symbol id="sm-80c">
         <name>_pthread_removeThreadKeys</name>
         <value>0x10035f5</value>
         <object_component_ref idref="oc-2c2"/>
      </symbol>
      <symbol id="sm-821">
         <name>__stack</name>
         <value>0x2003fc00</value>
         <object_component_ref idref="oc-4e"/>
      </symbol>
      <symbol id="sm-822">
         <name>_c_int00</name>
         <value>0x10061b9</value>
         <object_component_ref idref="oc-32"/>
      </symbol>
      <symbol id="sm-823">
         <name>_c_int00_noargs</name>
         <value>0x10063c1</value>
         <object_component_ref idref="oc-38"/>
      </symbol>
      <symbol id="sm-824">
         <name>_c_int00_noinit</name>
         <value>0x100661d</value>
         <object_component_ref idref="oc-39"/>
      </symbol>
      <symbol id="sm-825">
         <name>_c_int00_noinit_noargs</name>
         <value>0x1006639</value>
         <object_component_ref idref="oc-3a"/>
      </symbol>
      <symbol id="sm-830">
         <name>_system_post_cinit</name>
         <value>0x1006f05</value>
         <object_component_ref idref="oc-122"/>
      </symbol>
      <symbol id="sm-831">
         <name>_system_pre_init</name>
         <value>0x1006e21</value>
         <object_component_ref idref="oc-75"/>
      </symbol>
      <symbol id="sm-86b">
         <name>PinConfigSet</name>
         <value>0x1003049</value>
         <object_component_ref idref="oc-296"/>
      </symbol>
      <symbol id="sm-86c">
         <name>PinModeGet</name>
         <value>0x1005763</value>
         <object_component_ref idref="oc-1ce"/>
      </symbol>
      <symbol id="sm-86d">
         <name>PinModeSet</name>
         <value>0x1005247</value>
         <object_component_ref idref="oc-1d3"/>
      </symbol>
      <symbol id="sm-86e">
         <name>PinToPadGet</name>
         <value>0x1006689</value>
         <object_component_ref idref="oc-390"/>
      </symbol>
      <symbol id="sm-906">
         <name>PRCMCC3200MCUInit</name>
         <value>0x1000b11</value>
         <object_component_ref idref="oc-12c"/>
      </symbol>
      <symbol id="sm-907">
         <name>PRCMHIBRegRead</name>
         <value>0x1006655</value>
         <object_component_ref idref="oc-1ca"/>
      </symbol>
      <symbol id="sm-908">
         <name>PRCMHIBRegWrite</name>
         <value>0x100666f</value>
         <object_component_ref idref="oc-1c9"/>
      </symbol>
      <symbol id="sm-909">
         <name>PRCMLPDSEnter</name>
         <value>0x1004651</value>
         <object_component_ref idref="oc-396"/>
      </symbol>
      <symbol id="sm-90a">
         <name>PRCMLPDSEnterKeepDebugIf</name>
         <value>0x1004ecf</value>
         <object_component_ref idref="oc-395"/>
      </symbol>
      <symbol id="sm-90b">
         <name>PRCMLPDSRestoreInfoSet</name>
         <value>0x1004a33</value>
         <object_component_ref idref="oc-3e9"/>
      </symbol>
      <symbol id="sm-90c">
         <name>PRCMPeripheralClkDisable</name>
         <value>0x1005db5</value>
         <object_component_ref idref="oc-1cd"/>
      </symbol>
      <symbol id="sm-90d">
         <name>PRCMPeripheralClkEnable</name>
         <value>0x10043e5</value>
         <object_component_ref idref="oc-1cb"/>
      </symbol>
      <symbol id="sm-90e">
         <name>PRCMPeripheralReset</name>
         <value>0x1003e15</value>
         <object_component_ref idref="oc-1cc"/>
      </symbol>
      <symbol id="sm-90f">
         <name>PRCMSysResetCauseGet</name>
         <value>0x10033d5</value>
         <object_component_ref idref="oc-1c4"/>
      </symbol>
      <symbol id="sm-969">
         <name>UARTDMADisable</name>
         <value>0x100689b</value>
         <object_component_ref idref="oc-433"/>
      </symbol>
      <symbol id="sm-96a">
         <name>UARTDisable</name>
         <value>0x1005c53</value>
         <object_component_ref idref="oc-435"/>
      </symbol>
      <symbol id="sm-96b">
         <name>UARTEnable</name>
         <value>0x1006401</value>
         <object_component_ref idref="oc-455"/>
      </symbol>
      <symbol id="sm-96c">
         <name>UARTIntClear</name>
         <value>0x1006ac5</value>
         <object_component_ref idref="oc-454"/>
      </symbol>
      <symbol id="sm-96d">
         <name>UARTIntDisable</name>
         <value>0x10068b1</value>
         <object_component_ref idref="oc-42e"/>
      </symbol>
      <symbol id="sm-96e">
         <name>UARTIntEnable</name>
         <value>0x1006959</value>
         <object_component_ref idref="oc-456"/>
      </symbol>
      <symbol id="sm-96f">
         <name>UARTRxErrorGet</name>
         <value>0x1006ad5</value>
         <object_component_ref idref="oc-467"/>
      </symbol>
      <symbol id="sm-9b6">
         <name>uDMAChannelAttributeDisable</name>
         <value>0x10032b1</value>
         <object_component_ref idref="oc-457"/>
      </symbol>
      <symbol id="sm-9b7">
         <name>uDMAChannelIsEnabled</name>
         <value>0x100643d</value>
         <object_component_ref idref="oc-468"/>
      </symbol>
      <symbol id="sm-9b8">
         <name>uDMAErrorStatusClear</name>
         <value>0x1006c15</value>
         <object_component_ref idref="oc-4a5"/>
      </symbol>
      <symbol id="sm-9b9">
         <name>uDMAErrorStatusGet</name>
         <value>0x1006d85</value>
         <object_component_ref idref="oc-4a4"/>
      </symbol>
      <symbol id="sm-9c4">
         <name>UtilsDelay</name>
         <value>0x1006e47</value>
         <object_component_ref idref="oc-1c5"/>
      </symbol>
      <symbol id="sm-9f2">
         <name>FlashDisable</name>
         <value>0x10042d1</value>
         <object_component_ref idref="oc-3ea"/>
      </symbol>
      <symbol id="sm-a03">
         <name>_nop</name>
         <value>0x1003bf7</value>
         <object_component_ref idref="oc-340"/>
      </symbol>
      <symbol id="sm-a04">
         <name>_register_lock</name>
         <value>0x1006ca1</value>
         <object_component_ref idref="oc-335"/>
      </symbol>
      <symbol id="sm-a05">
         <name>_lock</name>
         <value>0x20009c80</value>
         <object_component_ref idref="oc-3a5"/>
      </symbol>
      <symbol id="sm-a06">
         <name>_register_unlock</name>
         <value>0x1006cad</value>
         <object_component_ref idref="oc-33a"/>
      </symbol>
      <symbol id="sm-a07">
         <name>_unlock</name>
         <value>0x20009c84</value>
         <object_component_ref idref="oc-3a8"/>
      </symbol>
      <symbol id="sm-a11">
         <name>_args_main</name>
         <value>0x100696d</value>
         <object_component_ref idref="oc-7b"/>
      </symbol>
      <symbol id="sm-a1c">
         <name>__TI_auto_init_nobinit_nopinit</name>
         <value>0x10056bd</value>
         <object_component_ref idref="oc-c2"/>
      </symbol>
      <symbol id="sm-a27">
         <name>__TI_zero_init</name>
         <value>0x1006b95</value>
         <object_component_ref idref="oc-98"/>
      </symbol>
      <symbol id="sm-a30">
         <name>__TI_decompress_none</name>
         <value>0x1006c3f</value>
         <object_component_ref idref="oc-3f"/>
      </symbol>
      <symbol id="sm-a3a">
         <name>__TI_decompress_lzss</name>
         <value>0x1003e7f</value>
         <object_component_ref idref="oc-3b"/>
      </symbol>
      <symbol id="sm-a40">
         <name>__aeabi_dadd</name>
         <value>0x1001e5f</value>
         <object_component_ref idref="oc-4b0"/>
      </symbol>
      <symbol id="sm-a41">
         <name>__adddf3</name>
         <value>0x1001e5f</value>
         <object_component_ref idref="oc-4b0"/>
      </symbol>
      <symbol id="sm-a42">
         <name>__aeabi_dsub</name>
         <value>0x1001e55</value>
         <object_component_ref idref="oc-4b0"/>
      </symbol>
      <symbol id="sm-a43">
         <name>__subdf3</name>
         <value>0x1001e55</value>
         <object_component_ref idref="oc-4b0"/>
      </symbol>
      <symbol id="sm-a49">
         <name>__aeabi_dmul</name>
         <value>0x10023f5</value>
         <object_component_ref idref="oc-3b0"/>
      </symbol>
      <symbol id="sm-a4a">
         <name>__muldf3</name>
         <value>0x10023f5</value>
         <object_component_ref idref="oc-3b0"/>
      </symbol>
      <symbol id="sm-a50">
         <name>__aeabi_f2d</name>
         <value>0x10056f5</value>
         <object_component_ref idref="oc-4a8"/>
      </symbol>
      <symbol id="sm-a51">
         <name>__extendsfdf2</name>
         <value>0x10056f5</value>
         <object_component_ref idref="oc-4a8"/>
      </symbol>
      <symbol id="sm-a57">
         <name>__aeabi_d2iz</name>
         <value>0x1004e41</value>
         <object_component_ref idref="oc-4b4"/>
      </symbol>
      <symbol id="sm-a58">
         <name>__fixdfsi</name>
         <value>0x1004e41</value>
         <object_component_ref idref="oc-4b4"/>
      </symbol>
      <symbol id="sm-a5e">
         <name>__aeabi_d2uiz</name>
         <value>0x10051c1</value>
         <object_component_ref idref="oc-3b4"/>
      </symbol>
      <symbol id="sm-a5f">
         <name>__fixunsdfsi</name>
         <value>0x10051c1</value>
         <object_component_ref idref="oc-3b4"/>
      </symbol>
      <symbol id="sm-a65">
         <name>__aeabi_ui2d</name>
         <value>0x10063e1</value>
         <object_component_ref idref="oc-3ac"/>
      </symbol>
      <symbol id="sm-a66">
         <name>__floatunsidf</name>
         <value>0x10063e1</value>
         <object_component_ref idref="oc-3ac"/>
      </symbol>
      <symbol id="sm-a6c">
         <name>__aeabi_dcmpeq</name>
         <value>0x100414d</value>
         <object_component_ref idref="oc-4ac"/>
      </symbol>
      <symbol id="sm-a6d">
         <name>__aeabi_dcmplt</name>
         <value>0x1004161</value>
         <object_component_ref idref="oc-4ac"/>
      </symbol>
      <symbol id="sm-a6e">
         <name>__aeabi_dcmple</name>
         <value>0x1004175</value>
         <object_component_ref idref="oc-4ac"/>
      </symbol>
      <symbol id="sm-a6f">
         <name>__aeabi_dcmpge</name>
         <value>0x1004189</value>
         <object_component_ref idref="oc-4ac"/>
      </symbol>
      <symbol id="sm-a70">
         <name>__aeabi_dcmpgt</name>
         <value>0x100419d</value>
         <object_component_ref idref="oc-4ac"/>
      </symbol>
      <symbol id="sm-a76">
         <name>__aeabi_memcpy</name>
         <value>0x1006fa9</value>
         <object_component_ref idref="oc-69"/>
      </symbol>
      <symbol id="sm-a77">
         <name>__aeabi_memcpy4</name>
         <value>0x1006fa9</value>
         <object_component_ref idref="oc-69"/>
      </symbol>
      <symbol id="sm-a78">
         <name>__aeabi_memcpy8</name>
         <value>0x1006fa9</value>
         <object_component_ref idref="oc-69"/>
      </symbol>
      <symbol id="sm-a7e">
         <name>__aeabi_memset</name>
         <value>0x1006a49</value>
         <object_component_ref idref="oc-64"/>
      </symbol>
      <symbol id="sm-a7f">
         <name>__aeabi_memset4</name>
         <value>0x1006a49</value>
         <object_component_ref idref="oc-64"/>
      </symbol>
      <symbol id="sm-a80">
         <name>__aeabi_memset8</name>
         <value>0x1006a49</value>
         <object_component_ref idref="oc-64"/>
      </symbol>
      <symbol id="sm-a81">
         <name>__aeabi_memclr</name>
         <value>0x1006a55</value>
         <object_component_ref idref="oc-64"/>
      </symbol>
      <symbol id="sm-a82">
         <name>__aeabi_memclr4</name>
         <value>0x1006a55</value>
         <object_component_ref idref="oc-64"/>
      </symbol>
      <symbol id="sm-a83">
         <name>__aeabi_memclr8</name>
         <value>0x1006a55</value>
         <object_component_ref idref="oc-64"/>
      </symbol>
      <symbol id="sm-a89">
         <name>__aeabi_uldivmod</name>
         <value>0x1006a5d</value>
         <object_component_ref idref="oc-30c"/>
      </symbol>
      <symbol id="sm-a8f">
         <name>__udivmoddi4</name>
         <value>0x1002ef5</value>
         <object_component_ref idref="oc-389"/>
      </symbol>
      <symbol id="sm-a9b">
         <name>__ledf2</name>
         <value>0x1003b89</value>
         <object_component_ref idref="oc-4bb"/>
      </symbol>
      <symbol id="sm-a9c">
         <name>__gedf2</name>
         <value>0x1003b19</value>
         <object_component_ref idref="oc-4c1"/>
      </symbol>
      <symbol id="sm-a9d">
         <name>__cmpdf2</name>
         <value>0x1003b89</value>
         <object_component_ref idref="oc-4bb"/>
      </symbol>
      <symbol id="sm-a9e">
         <name>__eqdf2</name>
         <value>0x1003b89</value>
         <object_component_ref idref="oc-4bb"/>
      </symbol>
      <symbol id="sm-a9f">
         <name>__ltdf2</name>
         <value>0x1003b89</value>
         <object_component_ref idref="oc-4bb"/>
      </symbol>
      <symbol id="sm-aa0">
         <name>__nedf2</name>
         <value>0x1003b89</value>
         <object_component_ref idref="oc-4bb"/>
      </symbol>
      <symbol id="sm-aa1">
         <name>__gtdf2</name>
         <value>0x1003b19</value>
         <object_component_ref idref="oc-4c1"/>
      </symbol>
      <symbol id="sm-aab">
         <name>__aeabi_ldiv0</name>
         <value>0x1003b87</value>
         <object_component_ref idref="oc-3e2"/>
      </symbol>
      <symbol id="sm-ab3">
         <name>TI_memcpy_small</name>
         <value>0x1006a83</value>
         <object_component_ref idref="oc-10d"/>
      </symbol>
      <symbol id="sm-abb">
         <name>TI_memset_small</name>
         <value>0x1006c31</value>
         <object_component_ref idref="oc-107"/>
      </symbol>
      <symbol id="sm-abc">
         <name>__TI_static_base__</name>
         <value>0x1007858</value>
      </symbol>
      <symbol id="sm-abf">
         <name>ITM_flush</name>
         <value>0x0</value>
      </symbol>
      <symbol id="sm-ac0">
         <name>ITM_restore</name>
         <value>0x0</value>
      </symbol>
      <symbol id="sm-ac1">
         <name>__mpu_init</name>
         <value>0x0</value>
      </symbol>
      <symbol id="sm-ac2">
         <name>__c_args__</name>
         <value>0x0</value>
      </symbol>
   </symbol_table>
   <title>Link successful</title>
</link_info>
