<?xml version="1.0" encoding="ISO-8859-1" ?>
<link_info>
   <banner>TI ARM Clang Linker PC v2.1.2.LTS</banner>
   <copyright>Copyright (c) 1996-2018 Texas Instruments Incorporated</copyright>
   <link_time>0x6420a29b</link_time>
   <link_errors>0x0</link_errors>
   <output_file>adcsinglechannel_CC3235SF_LAUNCHXL_tirtos_ticlang.out</output_file>
   <entry_point>
      <name>_c_int00</name>
      <address>0x10060f1</address>
   </entry_point>
   <input_file_list>
      <input_file id="fl-1">
         <path>.\</path>
         <kind>object</kind>
         <file>adcsinglechannel.o</file>
         <name>adcsinglechannel.o</name>
      </input_file>
      <input_file id="fl-2">
         <path>.\syscfg\</path>
         <kind>object</kind>
         <file>ti_drivers_config.o</file>
         <name>ti_drivers_config.o</name>
      </input_file>
      <input_file id="fl-3">
         <path>.\</path>
         <kind>object</kind>
         <file>main_tirtos.o</file>
         <name>main_tirtos.o</name>
      </input_file>
      <input_file id="fl-b">
         <path>D:\344\workspace_v12\tirtos_builds_cc32xx_release_ticlang\Debug\configPkg\package\cfg\</path>
         <kind>object</kind>
         <file>release_pm4.om4</file>
         <name>release_pm4.om4</name>
      </input_file>
      <input_file id="fl-18">
         <kind>object</kind>
         <file>&lt;internal&gt;</file>
         <name>&lt;internal&gt;</name>
      </input_file>
      <input_file id="fl-19">
         <path>D:\ti\simplelink_cc32xx_sdk_6_10_00_05\source\ti\display\lib\ticlang\m4\</path>
         <kind>archive</kind>
         <file>display_cc32xx.a</file>
         <name>Display.om4</name>
      </input_file>
      <input_file id="fl-1a">
         <path>D:\ti\simplelink_cc32xx_sdk_6_10_00_05\source\ti\display\lib\ticlang\m4\</path>
         <kind>archive</kind>
         <file>display_cc32xx.a</file>
         <name>DisplayUart2.om4</name>
      </input_file>
      <input_file id="fl-1b">
         <path>D:\ti\simplelink_cc32xx_sdk_6_10_00_05\source\ti\drivers\lib\ticlang\m4\</path>
         <kind>archive</kind>
         <file>drivers_cc32xx.a</file>
         <name>ADC.om4</name>
      </input_file>
      <input_file id="fl-1c">
         <path>D:\ti\simplelink_cc32xx_sdk_6_10_00_05\source\ti\drivers\lib\ticlang\m4\</path>
         <kind>archive</kind>
         <file>drivers_cc32xx.a</file>
         <name>UART2.om4</name>
      </input_file>
      <input_file id="fl-1d">
         <path>D:\ti\simplelink_cc32xx_sdk_6_10_00_05\source\ti\drivers\lib\ticlang\m4\</path>
         <kind>archive</kind>
         <file>drivers_cc32xx.a</file>
         <name>RingBuf.om4</name>
      </input_file>
      <input_file id="fl-1e">
         <path>D:\ti\simplelink_cc32xx_sdk_6_10_00_05\source\ti\drivers\lib\ticlang\m4\</path>
         <kind>archive</kind>
         <file>drivers_cc32xx.a</file>
         <name>ADCCC32XX.om4</name>
      </input_file>
      <input_file id="fl-1f">
         <path>D:\ti\simplelink_cc32xx_sdk_6_10_00_05\source\ti\drivers\lib\ticlang\m4\</path>
         <kind>archive</kind>
         <file>drivers_cc32xx.a</file>
         <name>GPIOCC32XX.om4</name>
      </input_file>
      <input_file id="fl-20">
         <path>D:\ti\simplelink_cc32xx_sdk_6_10_00_05\source\ti\drivers\lib\ticlang\m4\</path>
         <kind>archive</kind>
         <file>drivers_cc32xx.a</file>
         <name>PowerCC32XX.om4</name>
      </input_file>
      <input_file id="fl-21">
         <path>D:\ti\simplelink_cc32xx_sdk_6_10_00_05\source\ti\drivers\lib\ticlang\m4\</path>
         <kind>archive</kind>
         <file>drivers_cc32xx.a</file>
         <name>PowerCC32XX_asm.om4</name>
      </input_file>
      <input_file id="fl-22">
         <path>D:\ti\simplelink_cc32xx_sdk_6_10_00_05\source\ti\drivers\lib\ticlang\m4\</path>
         <kind>archive</kind>
         <file>drivers_cc32xx.a</file>
         <name>UART2CC32XX.om4</name>
      </input_file>
      <input_file id="fl-23">
         <path>D:\ti\simplelink_cc32xx_sdk_6_10_00_05\source\ti\drivers\lib\ticlang\m4\</path>
         <kind>archive</kind>
         <file>drivers_cc32xx.a</file>
         <name>List.om4</name>
      </input_file>
      <input_file id="fl-24">
         <path>D:\ti\simplelink_cc32xx_sdk_6_10_00_05\source\ti\drivers\lib\ticlang\m4\</path>
         <kind>archive</kind>
         <file>drivers_cc32xx.a</file>
         <name>UDMACC32XX.om4</name>
      </input_file>
      <input_file id="fl-25">
         <path>D:\ti\simplelink_cc32xx_sdk_6_10_00_05\kernel\tirtos\packages\ti\dpl\lib\ticlang\m4\</path>
         <kind>archive</kind>
         <file>dpl_cc32xx.a</file>
         <name>ClockP_tirtos.om4</name>
      </input_file>
      <input_file id="fl-26">
         <path>D:\ti\simplelink_cc32xx_sdk_6_10_00_05\kernel\tirtos\packages\ti\dpl\lib\ticlang\m4\</path>
         <kind>archive</kind>
         <file>dpl_cc32xx.a</file>
         <name>HwiP_tirtos.om4</name>
      </input_file>
      <input_file id="fl-27">
         <path>D:\ti\simplelink_cc32xx_sdk_6_10_00_05\kernel\tirtos\packages\ti\dpl\lib\ticlang\m4\</path>
         <kind>archive</kind>
         <file>dpl_cc32xx.a</file>
         <name>SemaphoreP_tirtos.om4</name>
      </input_file>
      <input_file id="fl-28">
         <path>D:\ti\simplelink_cc32xx_sdk_6_10_00_05\kernel\tirtos\packages\ti\dpl\lib\ticlang\m4\</path>
         <kind>archive</kind>
         <file>dpl_cc32xx.a</file>
         <name>SystemP_tirtos.om4</name>
      </input_file>
      <input_file id="fl-29">
         <path>D:\ti\simplelink_cc32xx_sdk_6_10_00_05\kernel\tirtos\packages\ti\dpl\lib\ticlang\m4\</path>
         <kind>archive</kind>
         <file>dpl_cc32xx.a</file>
         <name>PowerCC32XX_tirtos.om4</name>
      </input_file>
      <input_file id="fl-2a">
         <path>D:\344\workspace_v12\tirtos_builds_cc32xx_release_ticlang\src\sysbios\</path>
         <kind>archive</kind>
         <file>sysbios.am4</file>
         <name>m3_Hwi_asm_gnu.obj</name>
      </input_file>
      <input_file id="fl-2b">
         <path>D:\344\workspace_v12\tirtos_builds_cc32xx_release_ticlang\src\sysbios\</path>
         <kind>archive</kind>
         <file>sysbios.am4</file>
         <name>m3_Hwi_asm_switch_gnu.obj</name>
      </input_file>
      <input_file id="fl-2c">
         <path>D:\344\workspace_v12\tirtos_builds_cc32xx_release_ticlang\src\sysbios\</path>
         <kind>archive</kind>
         <file>sysbios.am4</file>
         <name>m3_TaskSupport_asm_gnu.obj</name>
      </input_file>
      <input_file id="fl-2d">
         <path>D:\344\workspace_v12\tirtos_builds_cc32xx_release_ticlang\src\sysbios\</path>
         <kind>archive</kind>
         <file>sysbios.am4</file>
         <name>_BIOS.o</name>
      </input_file>
      <input_file id="fl-2e">
         <path>D:\344\workspace_v12\tirtos_builds_cc32xx_release_ticlang\src\sysbios\</path>
         <kind>archive</kind>
         <file>sysbios.am4</file>
         <name>knl_Clock.o</name>
      </input_file>
      <input_file id="fl-2f">
         <path>D:\344\workspace_v12\tirtos_builds_cc32xx_release_ticlang\src\sysbios\</path>
         <kind>archive</kind>
         <file>sysbios.am4</file>
         <name>knl_Idle.o</name>
      </input_file>
      <input_file id="fl-30">
         <path>D:\344\workspace_v12\tirtos_builds_cc32xx_release_ticlang\src\sysbios\</path>
         <kind>archive</kind>
         <file>sysbios.am4</file>
         <name>knl_Event.o</name>
      </input_file>
      <input_file id="fl-31">
         <path>D:\344\workspace_v12\tirtos_builds_cc32xx_release_ticlang\src\sysbios\</path>
         <kind>archive</kind>
         <file>sysbios.am4</file>
         <name>knl_Mailbox.o</name>
      </input_file>
      <input_file id="fl-32">
         <path>D:\344\workspace_v12\tirtos_builds_cc32xx_release_ticlang\src\sysbios\</path>
         <kind>archive</kind>
         <file>sysbios.am4</file>
         <name>knl_Queue.o</name>
      </input_file>
      <input_file id="fl-33">
         <path>D:\344\workspace_v12\tirtos_builds_cc32xx_release_ticlang\src\sysbios\</path>
         <kind>archive</kind>
         <file>sysbios.am4</file>
         <name>knl_Semaphore.o</name>
      </input_file>
      <input_file id="fl-34">
         <path>D:\344\workspace_v12\tirtos_builds_cc32xx_release_ticlang\src\sysbios\</path>
         <kind>archive</kind>
         <file>sysbios.am4</file>
         <name>knl_Swi.o</name>
      </input_file>
      <input_file id="fl-35">
         <path>D:\344\workspace_v12\tirtos_builds_cc32xx_release_ticlang\src\sysbios\</path>
         <kind>archive</kind>
         <file>sysbios.am4</file>
         <name>knl_Task.o</name>
      </input_file>
      <input_file id="fl-36">
         <path>D:\344\workspace_v12\tirtos_builds_cc32xx_release_ticlang\src\sysbios\</path>
         <kind>archive</kind>
         <file>sysbios.am4</file>
         <name>hal_Hwi.o</name>
      </input_file>
      <input_file id="fl-37">
         <path>D:\344\workspace_v12\tirtos_builds_cc32xx_release_ticlang\src\sysbios\</path>
         <kind>archive</kind>
         <file>sysbios.am4</file>
         <name>hal_Hwi_stack.o</name>
      </input_file>
      <input_file id="fl-38">
         <path>D:\344\workspace_v12\tirtos_builds_cc32xx_release_ticlang\src\sysbios\</path>
         <kind>archive</kind>
         <file>sysbios.am4</file>
         <name>hal_Hwi_startup.o</name>
      </input_file>
      <input_file id="fl-39">
         <path>D:\344\workspace_v12\tirtos_builds_cc32xx_release_ticlang\src\sysbios\</path>
         <kind>archive</kind>
         <file>sysbios.am4</file>
         <name>hal_Seconds.o</name>
      </input_file>
      <input_file id="fl-3a">
         <path>D:\344\workspace_v12\tirtos_builds_cc32xx_release_ticlang\src\sysbios\</path>
         <kind>archive</kind>
         <file>sysbios.am4</file>
         <name>m3_Hwi.o</name>
      </input_file>
      <input_file id="fl-3b">
         <path>D:\344\workspace_v12\tirtos_builds_cc32xx_release_ticlang\src\sysbios\</path>
         <kind>archive</kind>
         <file>sysbios.am4</file>
         <name>m3_TaskSupport.o</name>
      </input_file>
      <input_file id="fl-3c">
         <path>D:\344\workspace_v12\tirtos_builds_cc32xx_release_ticlang\src\sysbios\</path>
         <kind>archive</kind>
         <file>sysbios.am4</file>
         <name>m3_Timer.o</name>
      </input_file>
      <input_file id="fl-3d">
         <path>D:\344\workspace_v12\tirtos_builds_cc32xx_release_ticlang\src\sysbios\</path>
         <kind>archive</kind>
         <file>sysbios.am4</file>
         <name>m3_TimestampProvider.o</name>
      </input_file>
      <input_file id="fl-3e">
         <path>D:\344\workspace_v12\tirtos_builds_cc32xx_release_ticlang\src\sysbios\</path>
         <kind>archive</kind>
         <file>sysbios.am4</file>
         <name>heaps_HeapMem.o</name>
      </input_file>
      <input_file id="fl-3f">
         <path>D:\344\workspace_v12\tirtos_builds_cc32xx_release_ticlang\src\sysbios\</path>
         <kind>archive</kind>
         <file>sysbios.am4</file>
         <name>gates_GateHwi.o</name>
      </input_file>
      <input_file id="fl-40">
         <path>D:\344\workspace_v12\tirtos_builds_cc32xx_release_ticlang\src\sysbios\</path>
         <kind>archive</kind>
         <file>sysbios.am4</file>
         <name>gates_GateMutex.o</name>
      </input_file>
      <input_file id="fl-41">
         <path>D:\344\workspace_v12\tirtos_builds_cc32xx_release_ticlang\src\sysbios\</path>
         <kind>archive</kind>
         <file>sysbios.am4</file>
         <name>cc32xx_Seconds.o</name>
      </input_file>
      <input_file id="fl-42">
         <path>D:\344\workspace_v12\tirtos_builds_cc32xx_release_ticlang\src\sysbios\</path>
         <kind>archive</kind>
         <file>sysbios.am4</file>
         <name>ti_ReentSupport.o</name>
      </input_file>
      <input_file id="fl-43">
         <path>D:\344\workspace_v12\tirtos_builds_cc32xx_release_ticlang\src\sysbios\</path>
         <kind>archive</kind>
         <file>sysbios.am4</file>
         <name>runtime_xdc_noinit.o</name>
      </input_file>
      <input_file id="fl-44">
         <path>D:\344\workspace_v12\tirtos_builds_cc32xx_release_ticlang\src\sysbios\</path>
         <kind>archive</kind>
         <file>sysbios.am4</file>
         <name>runtime_Core-mem.o</name>
      </input_file>
      <input_file id="fl-45">
         <path>D:\344\workspace_v12\tirtos_builds_cc32xx_release_ticlang\src\sysbios\</path>
         <kind>archive</kind>
         <file>sysbios.am4</file>
         <name>runtime_Core-smem.o</name>
      </input_file>
      <input_file id="fl-46">
         <path>D:\344\workspace_v12\tirtos_builds_cc32xx_release_ticlang\src\sysbios\</path>
         <kind>archive</kind>
         <file>sysbios.am4</file>
         <name>runtime_Core-params.o</name>
      </input_file>
      <input_file id="fl-47">
         <path>D:\344\workspace_v12\tirtos_builds_cc32xx_release_ticlang\src\sysbios\</path>
         <kind>archive</kind>
         <file>sysbios.am4</file>
         <name>runtime_Error.o</name>
      </input_file>
      <input_file id="fl-48">
         <path>D:\344\workspace_v12\tirtos_builds_cc32xx_release_ticlang\src\sysbios\</path>
         <kind>archive</kind>
         <file>sysbios.am4</file>
         <name>runtime_Gate.o</name>
      </input_file>
      <input_file id="fl-49">
         <path>D:\344\workspace_v12\tirtos_builds_cc32xx_release_ticlang\src\sysbios\</path>
         <kind>archive</kind>
         <file>sysbios.am4</file>
         <name>runtime_Memory.o</name>
      </input_file>
      <input_file id="fl-4a">
         <path>D:\344\workspace_v12\tirtos_builds_cc32xx_release_ticlang\src\sysbios\</path>
         <kind>archive</kind>
         <file>sysbios.am4</file>
         <name>runtime_Startup.o</name>
      </input_file>
      <input_file id="fl-4b">
         <path>D:\344\workspace_v12\tirtos_builds_cc32xx_release_ticlang\src\sysbios\</path>
         <kind>archive</kind>
         <file>sysbios.am4</file>
         <name>runtime_System.o</name>
      </input_file>
      <input_file id="fl-4c">
         <path>D:\344\workspace_v12\tirtos_builds_cc32xx_release_ticlang\src\sysbios\</path>
         <kind>archive</kind>
         <file>sysbios.am4</file>
         <name>runtime_SysCallback.o</name>
      </input_file>
      <input_file id="fl-4d">
         <path>D:\344\workspace_v12\tirtos_builds_cc32xx_release_ticlang\src\sysbios\</path>
         <kind>archive</kind>
         <file>sysbios.am4</file>
         <name>runtime_Text.o</name>
      </input_file>
      <input_file id="fl-4e">
         <path>D:\344\workspace_v12\tirtos_builds_cc32xx_release_ticlang\src\sysbios\</path>
         <kind>archive</kind>
         <file>sysbios.am4</file>
         <name>runtime_Timestamp.o</name>
      </input_file>
      <input_file id="fl-4f">
         <path>D:\344\workspace_v12\tirtos_builds_cc32xx_release_ticlang\src\sysbios\</path>
         <kind>archive</kind>
         <file>sysbios.am4</file>
         <name>tirtos_pthread.o</name>
      </input_file>
      <input_file id="fl-50">
         <path>D:\344\workspace_v12\tirtos_builds_cc32xx_release_ticlang\src\sysbios\</path>
         <kind>archive</kind>
         <file>sysbios.am4</file>
         <name>tirtos_pthread_key.o</name>
      </input_file>
      <input_file id="fl-51">
         <path>D:\344\workspace_v12\tirtos_builds_cc32xx_release_ticlang\src\sysbios\</path>
         <kind>archive</kind>
         <file>sysbios.am4</file>
         <name>runtime_Registry.o</name>
      </input_file>
      <input_file id="fl-52">
         <path>D:\ti\simplelink_cc32xx_sdk_6_10_00_05\kernel\tirtos\packages\ti\targets\arm\rtsarm\lib\</path>
         <kind>archive</kind>
         <file>startup.am4</file>
         <name>boot_cortex_m.om4</name>
      </input_file>
      <input_file id="fl-53">
         <path>D:\ti\simplelink_cc32xx_sdk_6_10_00_05\kernel\tirtos\packages\ti\targets\arm\rtsarm\lib\</path>
         <kind>archive</kind>
         <file>startup.am4</file>
         <name>clang_startup.om4</name>
      </input_file>
      <input_file id="fl-54">
         <path>D:\ti\simplelink_cc32xx_sdk_6_10_00_05\source\ti\devices\cc32xx\driverlib\ticlang\Release\</path>
         <kind>archive</kind>
         <file>driverlib.a</file>
         <name>pin.obj</name>
      </input_file>
      <input_file id="fl-55">
         <path>D:\ti\simplelink_cc32xx_sdk_6_10_00_05\source\ti\devices\cc32xx\driverlib\ticlang\Release\</path>
         <kind>archive</kind>
         <file>driverlib.a</file>
         <name>prcm.obj</name>
      </input_file>
      <input_file id="fl-56">
         <path>D:\ti\simplelink_cc32xx_sdk_6_10_00_05\source\ti\devices\cc32xx\driverlib\ticlang\Release\</path>
         <kind>archive</kind>
         <file>driverlib.a</file>
         <name>uart.obj</name>
      </input_file>
      <input_file id="fl-57">
         <path>D:\ti\simplelink_cc32xx_sdk_6_10_00_05\source\ti\devices\cc32xx\driverlib\ticlang\Release\</path>
         <kind>archive</kind>
         <file>driverlib.a</file>
         <name>udma.obj</name>
      </input_file>
      <input_file id="fl-58">
         <path>D:\ti\simplelink_cc32xx_sdk_6_10_00_05\source\ti\devices\cc32xx\driverlib\ticlang\Release\</path>
         <kind>archive</kind>
         <file>driverlib.a</file>
         <name>utils.obj</name>
      </input_file>
      <input_file id="fl-59">
         <path>D:\ti\simplelink_cc32xx_sdk_6_10_00_05\source\ti\devices\cc32xx\driverlib\ticlang\Release\</path>
         <kind>archive</kind>
         <file>driverlib.a</file>
         <name>cpu.obj</name>
      </input_file>
      <input_file id="fl-5a">
         <path>D:\ti\simplelink_cc32xx_sdk_6_10_00_05\source\ti\devices\cc32xx\driverlib\ticlang\Release\</path>
         <kind>archive</kind>
         <file>driverlib.a</file>
         <name>flash.obj</name>
      </input_file>
      <input_file id="fl-5b">
         <path>D:\ti\simplelink_cc32xx_sdk_6_10_00_05\source\ti\devices\cc32xx\driverlib\ticlang\Release\</path>
         <kind>archive</kind>
         <file>driverlib.a</file>
         <name>interrupt.obj</name>
      </input_file>
      <input_file id="fl-67">
         <path>D:\ti\ccs1220\ccs\tools\compiler\ti-cgt-armllvm_2.1.2.LTS\lib\armv7em-ti-none-eabi\c\</path>
         <kind>archive</kind>
         <file>libc.a</file>
         <name>exit.c.obj</name>
      </input_file>
      <input_file id="fl-68">
         <path>D:\ti\ccs1220\ccs\tools\compiler\ti-cgt-armllvm_2.1.2.LTS\lib\armv7em-ti-none-eabi\c\</path>
         <kind>archive</kind>
         <file>libc.a</file>
         <name>_lock.c.obj</name>
      </input_file>
      <input_file id="fl-69">
         <path>D:\ti\ccs1220\ccs\tools\compiler\ti-cgt-armllvm_2.1.2.LTS\lib\armv7em-ti-none-eabi\c\</path>
         <kind>archive</kind>
         <file>libc.a</file>
         <name>args_main.c.obj</name>
      </input_file>
      <input_file id="fl-6a">
         <path>D:\ti\ccs1220\ccs\tools\compiler\ti-cgt-armllvm_2.1.2.LTS\lib\armv7em-ti-none-eabi\c\</path>
         <kind>archive</kind>
         <file>libc.a</file>
         <name>autoinit.c.obj</name>
      </input_file>
      <input_file id="fl-6b">
         <path>D:\ti\ccs1220\ccs\tools\compiler\ti-cgt-armllvm_2.1.2.LTS\lib\armv7em-ti-none-eabi\c\</path>
         <kind>archive</kind>
         <file>libc.a</file>
         <name>cpy_tbl.c.obj</name>
      </input_file>
      <input_file id="fl-6c">
         <path>D:\ti\ccs1220\ccs\tools\compiler\ti-cgt-armllvm_2.1.2.LTS\lib\armv7em-ti-none-eabi\c\</path>
         <kind>archive</kind>
         <file>libc.a</file>
         <name>copy_zero_init.c.obj</name>
      </input_file>
      <input_file id="fl-6d">
         <path>D:\ti\ccs1220\ccs\tools\compiler\ti-cgt-armllvm_2.1.2.LTS\lib\armv7em-ti-none-eabi\c\</path>
         <kind>archive</kind>
         <file>libc.a</file>
         <name>copy_decompress_none.c.obj</name>
      </input_file>
      <input_file id="fl-6e">
         <path>D:\ti\ccs1220\ccs\tools\compiler\ti-cgt-armllvm_2.1.2.LTS\lib\armv7em-ti-none-eabi\c\</path>
         <kind>archive</kind>
         <file>libc.a</file>
         <name>copy_decompress_lzss.c.obj</name>
      </input_file>
      <input_file id="fl-a7">
         <path>D:\ti\ccs1220\ccs\tools\compiler\ti-cgt-armllvm_2.1.2.LTS\lib\clang\14.0.6\lib\armv7em-ti-none-eabi\</path>
         <kind>archive</kind>
         <file>libclang_rt.builtins.a</file>
         <name>adddf3.S.obj</name>
      </input_file>
      <input_file id="fl-a8">
         <path>D:\ti\ccs1220\ccs\tools\compiler\ti-cgt-armllvm_2.1.2.LTS\lib\clang\14.0.6\lib\armv7em-ti-none-eabi\</path>
         <kind>archive</kind>
         <file>libclang_rt.builtins.a</file>
         <name>muldf3.S.obj</name>
      </input_file>
      <input_file id="fl-a9">
         <path>D:\ti\ccs1220\ccs\tools\compiler\ti-cgt-armllvm_2.1.2.LTS\lib\clang\14.0.6\lib\armv7em-ti-none-eabi\</path>
         <kind>archive</kind>
         <file>libclang_rt.builtins.a</file>
         <name>extendsfdf2.S.obj</name>
      </input_file>
      <input_file id="fl-aa">
         <path>D:\ti\ccs1220\ccs\tools\compiler\ti-cgt-armllvm_2.1.2.LTS\lib\clang\14.0.6\lib\armv7em-ti-none-eabi\</path>
         <kind>archive</kind>
         <file>libclang_rt.builtins.a</file>
         <name>fixdfsi.S.obj</name>
      </input_file>
      <input_file id="fl-ab">
         <path>D:\ti\ccs1220\ccs\tools\compiler\ti-cgt-armllvm_2.1.2.LTS\lib\clang\14.0.6\lib\armv7em-ti-none-eabi\</path>
         <kind>archive</kind>
         <file>libclang_rt.builtins.a</file>
         <name>fixunsdfsi.S.obj</name>
      </input_file>
      <input_file id="fl-ac">
         <path>D:\ti\ccs1220\ccs\tools\compiler\ti-cgt-armllvm_2.1.2.LTS\lib\clang\14.0.6\lib\armv7em-ti-none-eabi\</path>
         <kind>archive</kind>
         <file>libclang_rt.builtins.a</file>
         <name>floatunsidf.S.obj</name>
      </input_file>
      <input_file id="fl-ad">
         <path>D:\ti\ccs1220\ccs\tools\compiler\ti-cgt-armllvm_2.1.2.LTS\lib\clang\14.0.6\lib\armv7em-ti-none-eabi\</path>
         <kind>archive</kind>
         <file>libclang_rt.builtins.a</file>
         <name>aeabi_dcmp.S.obj</name>
      </input_file>
      <input_file id="fl-ae">
         <path>D:\ti\ccs1220\ccs\tools\compiler\ti-cgt-armllvm_2.1.2.LTS\lib\clang\14.0.6\lib\armv7em-ti-none-eabi\</path>
         <kind>archive</kind>
         <file>libclang_rt.builtins.a</file>
         <name>aeabi_memcpy.S.obj</name>
      </input_file>
      <input_file id="fl-af">
         <path>D:\ti\ccs1220\ccs\tools\compiler\ti-cgt-armllvm_2.1.2.LTS\lib\clang\14.0.6\lib\armv7em-ti-none-eabi\</path>
         <kind>archive</kind>
         <file>libclang_rt.builtins.a</file>
         <name>aeabi_memset.S.obj</name>
      </input_file>
      <input_file id="fl-b0">
         <path>D:\ti\ccs1220\ccs\tools\compiler\ti-cgt-armllvm_2.1.2.LTS\lib\clang\14.0.6\lib\armv7em-ti-none-eabi\</path>
         <kind>archive</kind>
         <file>libclang_rt.builtins.a</file>
         <name>aeabi_uldivmod.S.obj</name>
      </input_file>
      <input_file id="fl-b1">
         <path>D:\ti\ccs1220\ccs\tools\compiler\ti-cgt-armllvm_2.1.2.LTS\lib\clang\14.0.6\lib\armv7em-ti-none-eabi\</path>
         <kind>archive</kind>
         <file>libclang_rt.builtins.a</file>
         <name>udivmoddi4.S.obj</name>
      </input_file>
      <input_file id="fl-b2">
         <path>D:\ti\ccs1220\ccs\tools\compiler\ti-cgt-armllvm_2.1.2.LTS\lib\clang\14.0.6\lib\armv7em-ti-none-eabi\</path>
         <kind>archive</kind>
         <file>libclang_rt.builtins.a</file>
         <name>comparedf2.c.obj</name>
      </input_file>
      <input_file id="fl-b3">
         <path>D:\ti\ccs1220\ccs\tools\compiler\ti-cgt-armllvm_2.1.2.LTS\lib\clang\14.0.6\lib\armv7em-ti-none-eabi\</path>
         <kind>archive</kind>
         <file>libclang_rt.builtins.a</file>
         <name>aeabi_div0.c.obj</name>
      </input_file>
      <input_file id="fl-b4">
         <path>D:\ti\ccs1220\ccs\tools\compiler\ti-cgt-armllvm_2.1.2.LTS\lib\armv7em-ti-none-eabi\c\</path>
         <kind>archive</kind>
         <file>libc.a</file>
         <name>memcpy_t2.S.obj</name>
      </input_file>
      <input_file id="fl-b5">
         <path>D:\ti\ccs1220\ccs\tools\compiler\ti-cgt-armllvm_2.1.2.LTS\lib\armv7em-ti-none-eabi\c\</path>
         <kind>archive</kind>
         <file>libc.a</file>
         <name>memset_t2.S.obj</name>
      </input_file>
   </input_file_list>
   <object_component_list>
      <object_component id="oc-4d">
         <name>.resetVecs</name>
         <load_address>0x1000800</load_address>
         <run_address>0x1000800</run_address>
         <size>0x30c</size>
         <input_file_ref idref="fl-b"/>
      </object_component>
      <object_component id="oc-12c">
         <name>.text.PRCMCC3200MCUInit</name>
         <load_address>0x1000b10</load_address>
         <run_address>0x1000b10</run_address>
         <size>0x4b8</size>
         <input_file_ref idref="fl-55"/>
      </object_component>
      <object_component id="oc-30c">
         <name>.text.Power_sleep</name>
         <load_address>0x1000fc8</load_address>
         <run_address>0x1000fc8</run_address>
         <size>0x410</size>
         <input_file_ref idref="fl-20"/>
      </object_component>
      <object_component id="oc-46f">
         <name>.text.xdc_runtime_System_doPrint__I</name>
         <load_address>0x10013d8</load_address>
         <run_address>0x10013d8</run_address>
         <size>0x2e0</size>
         <input_file_ref idref="fl-4b"/>
      </object_component>
      <object_component id="oc-42a">
         <name>.text.UART2_writeTimeout</name>
         <load_address>0x10016b8</load_address>
         <run_address>0x10016b8</run_address>
         <size>0x2c6</size>
         <input_file_ref idref="fl-1c"/>
      </object_component>
      <object_component id="oc-421">
         <name>.text.UART2CC32XX_hwiIntFxn</name>
         <load_address>0x100197e</load_address>
         <run_address>0x100197e</run_address>
         <size>0x290</size>
         <input_file_ref idref="fl-22"/>
      </object_component>
      <object_component id="oc-13c">
         <name>.text.Board_initHook</name>
         <load_address>0x1001c0e</load_address>
         <run_address>0x1001c0e</run_address>
         <size>0x2</size>
         <input_file_ref idref="fl-2"/>
      </object_component>
      <object_component id="oc-3ba">
         <name>.text.UART2_open</name>
         <load_address>0x1001c10</load_address>
         <run_address>0x1001c10</run_address>
         <size>0x244</size>
         <input_file_ref idref="fl-22"/>
      </object_component>
      <object_component id="oc-4ad">
         <name>.text</name>
         <load_address>0x1001e54</load_address>
         <run_address>0x1001e54</run_address>
         <size>0x1b6</size>
         <input_file_ref idref="fl-a7"/>
      </object_component>
      <object_component id="oc-351">
         <name>.text.DisplayUart2Min_clear</name>
         <load_address>0x100200a</load_address>
         <run_address>0x100200a</run_address>
         <size>0x2</size>
         <input_file_ref idref="fl-1a"/>
      </object_component>
      <object_component id="oc-4a0">
         <name>.text.xdc_runtime_System_printfExtend__I</name>
         <load_address>0x100200c</load_address>
         <run_address>0x100200c</run_address>
         <size>0x160</size>
         <input_file_ref idref="fl-b"/>
      </object_component>
      <object_component id="oc-1ea">
         <name>.text.GPIO_setConfig</name>
         <load_address>0x100216c</load_address>
         <run_address>0x100216c</run_address>
         <size>0x15c</size>
         <input_file_ref idref="fl-1f"/>
      </object_component>
      <object_component id="oc-287">
         <name>.text.PowerCC32XX_sleepPolicy</name>
         <load_address>0x10022c8</load_address>
         <run_address>0x10022c8</run_address>
         <size>0x12c</size>
         <input_file_ref idref="fl-29"/>
      </object_component>
      <object_component id="oc-3ad">
         <name>.text</name>
         <load_address>0x10023f4</load_address>
         <run_address>0x10023f4</run_address>
         <size>0xfc</size>
         <input_file_ref idref="fl-a8"/>
      </object_component>
      <object_component id="oc-3c7">
         <name>.text.UART2_close</name>
         <load_address>0x10024f0</load_address>
         <run_address>0x10024f0</run_address>
         <size>0xf8</size>
         <input_file_ref idref="fl-22"/>
      </object_component>
      <object_component id="oc-e4">
         <name>.text.pthread_create</name>
         <load_address>0x10025e8</load_address>
         <run_address>0x10025e8</run_address>
         <size>0xf0</size>
         <input_file_ref idref="fl-4f"/>
      </object_component>
      <object_component id="oc-20f">
         <name>.text.ti_sysbios_knl_Task_Instance_finalize__E</name>
         <load_address>0x10026d8</load_address>
         <run_address>0x10026d8</run_address>
         <size>0xec</size>
         <input_file_ref idref="fl-35"/>
      </object_component>
      <object_component id="oc-9e">
         <name>.text.ti_sysbios_family_arm_m3_Hwi_dispatch__I</name>
         <load_address>0x10027c4</load_address>
         <run_address>0x10027c4</run_address>
         <size>0xe8</size>
         <input_file_ref idref="fl-2a"/>
      </object_component>
      <object_component id="oc-411">
         <name>.text.UART2CC32XX_initHw</name>
         <load_address>0x10028ac</load_address>
         <run_address>0x10028ac</run_address>
         <size>0xdc</size>
         <input_file_ref idref="fl-22"/>
      </object_component>
      <object_component id="oc-20d">
         <name>.text.ti_sysbios_knl_Task_Instance_init__E</name>
         <load_address>0x1002988</load_address>
         <run_address>0x1002988</run_address>
         <size>0xdc</size>
         <input_file_ref idref="fl-35"/>
      </object_component>
      <object_component id="oc-255">
         <name>.text.ti_sysbios_knl_Task_postInit__I</name>
         <load_address>0x1002a64</load_address>
         <run_address>0x1002a64</run_address>
         <size>0xdc</size>
         <input_file_ref idref="fl-35"/>
      </object_component>
      <object_component id="oc-294">
         <name>.text.ti_sysbios_knl_Semaphore_pend__E</name>
         <load_address>0x1002b40</load_address>
         <run_address>0x1002b40</run_address>
         <size>0xcc</size>
         <input_file_ref idref="fl-33"/>
      </object_component>
      <object_component id="oc-467">
         <name>.text.UART2Support_dmaStartRx</name>
         <load_address>0x1002c0c</load_address>
         <run_address>0x1002c0c</run_address>
         <size>0xbc</size>
         <input_file_ref idref="fl-22"/>
      </object_component>
      <object_component id="oc-149">
         <name>.text.ti_sysbios_knl_Task_setPri__E</name>
         <load_address>0x1002cc8</load_address>
         <run_address>0x1002cc8</run_address>
         <size>0xbc</size>
         <input_file_ref idref="fl-35"/>
      </object_component>
      <object_component id="oc-46b">
         <name>.text.UART2Support_dmaStartTx</name>
         <load_address>0x1002d84</load_address>
         <run_address>0x1002d84</run_address>
         <size>0xb8</size>
         <input_file_ref idref="fl-22"/>
      </object_component>
      <object_component id="oc-4f">
         <name>.text.xdc_runtime_Startup_startMods__I</name>
         <load_address>0x1002e3c</load_address>
         <run_address>0x1002e3c</run_address>
         <size>0xb8</size>
         <input_file_ref idref="fl-4a"/>
      </object_component>
      <object_component id="oc-385">
         <name>.text</name>
         <load_address>0x1002ef4</load_address>
         <run_address>0x1002ef4</run_address>
         <size>0xb0</size>
         <input_file_ref idref="fl-b1"/>
      </object_component>
      <object_component id="oc-167">
         <name>.text.threadFxn1</name>
         <load_address>0x1002fa4</load_address>
         <run_address>0x1002fa4</run_address>
         <size>0xac</size>
         <input_file_ref idref="fl-1"/>
      </object_component>
      <object_component id="oc-295">
         <name>.text.PinConfigSet</name>
         <load_address>0x1003050</load_address>
         <run_address>0x1003050</run_address>
         <size>0xa2</size>
         <input_file_ref idref="fl-54"/>
      </object_component>
      <object_component id="oc-3c5">
         <name>.text.UART2_write</name>
         <load_address>0x10030f2</load_address>
         <run_address>0x10030f2</run_address>
         <size>0xe</size>
         <input_file_ref idref="fl-1c"/>
      </object_component>
      <object_component id="oc-38e">
         <name>.text</name>
         <load_address>0x1003100</load_address>
         <run_address>0x1003100</run_address>
         <size>0x96</size>
         <input_file_ref idref="fl-21"/>
      </object_component>
      <object_component id="oc-352">
         <name>.text.DisplayUart2Min_clearLines</name>
         <load_address>0x1003196</load_address>
         <run_address>0x1003196</run_address>
         <size>0x2</size>
         <input_file_ref idref="fl-1a"/>
      </object_component>
      <object_component id="oc-1d6">
         <name>.text.PowerCC32XX_configureWakeup</name>
         <load_address>0x1003198</load_address>
         <run_address>0x1003198</run_address>
         <size>0x94</size>
         <input_file_ref idref="fl-20"/>
      </object_component>
      <object_component id="oc-399">
         <name>.text.ti_sysbios_family_arm_m3_Hwi_Instance_init__E</name>
         <load_address>0x100322c</load_address>
         <run_address>0x100322c</run_address>
         <size>0x94</size>
         <input_file_ref idref="fl-3a"/>
      </object_component>
      <object_component id="oc-454">
         <name>.text.uDMAChannelAttributeDisable</name>
         <load_address>0x10032c0</load_address>
         <run_address>0x10032c0</run_address>
         <size>0x92</size>
         <input_file_ref idref="fl-57"/>
      </object_component>
      <object_component id="oc-34b">
         <name>.text.DisplayUart2Min_init</name>
         <load_address>0x1003352</load_address>
         <run_address>0x1003352</run_address>
         <size>0x2</size>
         <input_file_ref idref="fl-1a"/>
      </object_component>
      <object_component id="oc-ea">
         <name>.text.mainThread</name>
         <load_address>0x1003354</load_address>
         <run_address>0x1003354</run_address>
         <size>0x90</size>
         <input_file_ref idref="fl-1"/>
      </object_component>
      <object_component id="oc-1c4">
         <name>.text.PRCMSysResetCauseGet</name>
         <load_address>0x10033e4</load_address>
         <run_address>0x10033e4</run_address>
         <size>0x8e</size>
         <input_file_ref idref="fl-55"/>
      </object_component>
      <object_component id="oc-41f">
         <name>.text.UART2CC32XX_eventCallback</name>
         <load_address>0x1003472</load_address>
         <run_address>0x1003472</run_address>
         <size>0x2</size>
         <input_file_ref idref="fl-22"/>
      </object_component>
      <object_component id="oc-36b">
         <name>.text.ti_sysbios_knl_Clock_workFunc__E</name>
         <load_address>0x1003474</load_address>
         <run_address>0x1003474</run_address>
         <size>0x88</size>
         <input_file_ref idref="fl-2e"/>
      </object_component>
      <object_component id="oc-348">
         <name>.text.ADCCC32XX_open</name>
         <load_address>0x10034fc</load_address>
         <run_address>0x10034fc</run_address>
         <size>0x84</size>
         <input_file_ref idref="fl-1e"/>
      </object_component>
      <object_component id="oc-136">
         <name>.text.GPIO_init</name>
         <load_address>0x1003580</load_address>
         <run_address>0x1003580</run_address>
         <size>0x84</size>
         <input_file_ref idref="fl-1f"/>
      </object_component>
      <object_component id="oc-2c1">
         <name>.text._pthread_removeThreadKeys</name>
         <load_address>0x1003604</load_address>
         <run_address>0x1003604</run_address>
         <size>0x84</size>
         <input_file_ref idref="fl-50"/>
      </object_component>
      <object_component id="oc-40f">
         <name>.text.UDMACC32XX_open</name>
         <load_address>0x1003688</load_address>
         <run_address>0x1003688</run_address>
         <size>0x80</size>
         <input_file_ref idref="fl-24"/>
      </object_component>
      <object_component id="oc-383">
         <name>.text.ti_sysbios_family_arm_m3_Hwi_initNVIC__E</name>
         <load_address>0x1003708</load_address>
         <run_address>0x1003708</run_address>
         <size>0x80</size>
         <input_file_ref idref="fl-3a"/>
      </object_component>
      <object_component id="oc-131">
         <name>.text.Power_init</name>
         <load_address>0x1003788</load_address>
         <run_address>0x1003788</run_address>
         <size>0x78</size>
         <input_file_ref idref="fl-20"/>
      </object_component>
      <object_component id="oc-173">
         <name>.text.ti_sysbios_knl_Swi_restoreHwi__E</name>
         <load_address>0x1003800</load_address>
         <run_address>0x1003800</run_address>
         <size>0x78</size>
         <input_file_ref idref="fl-34"/>
      </object_component>
      <object_component id="oc-296">
         <name>.text.Power_setDependency</name>
         <load_address>0x1003878</load_address>
         <run_address>0x1003878</run_address>
         <size>0x74</size>
         <input_file_ref idref="fl-20"/>
      </object_component>
      <object_component id="oc-192">
         <name>.text.ti_sysbios_knl_Task_Module_startup__E</name>
         <load_address>0x10038ec</load_address>
         <run_address>0x10038ec</run_address>
         <size>0x74</size>
         <input_file_ref idref="fl-35"/>
      </object_component>
      <object_component id="oc-33e">
         <name>.text.ADCCC32XX_close</name>
         <load_address>0x1003960</load_address>
         <run_address>0x1003960</run_address>
         <size>0x70</size>
         <input_file_ref idref="fl-1e"/>
      </object_component>
      <object_component id="oc-5e">
         <name>.text.xdc_runtime_Memory_alloc__E</name>
         <load_address>0x10039d0</load_address>
         <run_address>0x10039d0</run_address>
         <size>0x70</size>
         <input_file_ref idref="fl-49"/>
      </object_component>
      <object_component id="oc-493">
         <name>.text.xdc_runtime_System_formatNum__I</name>
         <load_address>0x1003a40</load_address>
         <run_address>0x1003a40</run_address>
         <size>0x70</size>
         <input_file_ref idref="fl-4b"/>
      </object_component>
      <object_component id="oc-4be">
         <name>.text.__gedf2</name>
         <load_address>0x1003ab0</load_address>
         <run_address>0x1003ab0</run_address>
         <size>0x6e</size>
         <input_file_ref idref="fl-b2"/>
      </object_component>
      <object_component id="oc-3df">
         <name>.text.__aeabi_ldiv0</name>
         <load_address>0x1003b1e</load_address>
         <run_address>0x1003b1e</run_address>
         <size>0x2</size>
         <input_file_ref idref="fl-b3"/>
      </object_component>
      <object_component id="oc-4b8">
         <name>.text.__ledf2</name>
         <load_address>0x1003b20</load_address>
         <run_address>0x1003b20</run_address>
         <size>0x6e</size>
         <input_file_ref idref="fl-b2"/>
      </object_component>
      <object_component id="oc-33c">
         <name>.text._nop</name>
         <load_address>0x1003b8e</load_address>
         <run_address>0x1003b8e</run_address>
         <size>0x2</size>
         <input_file_ref idref="fl-68"/>
      </object_component>
      <object_component id="oc-1f1">
         <name>.text.powerNotifyFxn</name>
         <load_address>0x1003b90</load_address>
         <run_address>0x1003b90</run_address>
         <size>0x6c</size>
         <input_file_ref idref="fl-1f"/>
      </object_component>
      <object_component id="oc-25d">
         <name>.text.ti_sysbios_family_arm_m3_Hwi_postInit__I</name>
         <load_address>0x1003bfc</load_address>
         <run_address>0x1003bfc</run_address>
         <size>0x6c</size>
         <input_file_ref idref="fl-3a"/>
      </object_component>
      <object_component id="oc-239">
         <name>.text.ti_sysbios_knl_Swi_run__I</name>
         <load_address>0x1003c68</load_address>
         <run_address>0x1003c68</run_address>
         <size>0x6c</size>
         <input_file_ref idref="fl-34"/>
      </object_component>
      <object_component id="oc-2ed">
         <name>.text.ti_sysbios_knl_Task_exit__E</name>
         <load_address>0x1003cd4</load_address>
         <run_address>0x1003cd4</run_address>
         <size>0x6c</size>
         <input_file_ref idref="fl-35"/>
      </object_component>
      <object_component id="oc-33b">
         <name>.text.ti_sysbios_knl_Task_startCore__E</name>
         <load_address>0x1003d40</load_address>
         <run_address>0x1003d40</run_address>
         <size>0x6c</size>
         <input_file_ref idref="fl-35"/>
      </object_component>
      <object_component id="oc-1cc">
         <name>.text.PRCMPeripheralReset</name>
         <load_address>0x1003dac</load_address>
         <run_address>0x1003dac</run_address>
         <size>0x6a</size>
         <input_file_ref idref="fl-55"/>
      </object_component>
      <object_component id="oc-3b">
         <name>.text:decompress:lzss</name>
         <load_address>0x1003e16</load_address>
         <run_address>0x1003e16</run_address>
         <size>0x6a</size>
         <input_file_ref idref="fl-6e"/>
      </object_component>
      <object_component id="oc-f7">
         <name>.text.ti_sysbios_family_arm_m3_Hwi_dispatchC__I</name>
         <load_address>0x1003e80</load_address>
         <run_address>0x1003e80</run_address>
         <size>0x68</size>
         <input_file_ref idref="fl-3a"/>
      </object_component>
      <object_component id="oc-2dc">
         <name>.text.ti_sysbios_knl_Task_allBlockedFunction__I</name>
         <load_address>0x1003ee8</load_address>
         <run_address>0x1003ee8</run_address>
         <size>0x68</size>
         <input_file_ref idref="fl-35"/>
      </object_component>
      <object_component id="oc-25">
         <name>.text.memalign</name>
         <load_address>0x1003f50</load_address>
         <run_address>0x1003f50</run_address>
         <size>0x66</size>
         <input_file_ref idref="fl-b"/>
      </object_component>
      <object_component id="oc-1b4">
         <name>.text.xdc_runtime_Core_createObject__I</name>
         <load_address>0x1003fb6</load_address>
         <run_address>0x1003fb6</run_address>
         <size>0x66</size>
         <input_file_ref idref="fl-44"/>
      </object_component>
      <object_component id="oc-37c">
         <name>.text.ti_sysbios_heaps_HeapMem_initPrimary__I</name>
         <load_address>0x100401c</load_address>
         <run_address>0x100401c</run_address>
         <size>0x64</size>
         <input_file_ref idref="fl-3e"/>
      </object_component>
      <object_component id="oc-2a5">
         <name>.text.ti_sysbios_knl_Semaphore_post__E</name>
         <load_address>0x1004080</load_address>
         <run_address>0x1004080</run_address>
         <size>0x64</size>
         <input_file_ref idref="fl-33"/>
      </object_component>
      <object_component id="oc-4a9">
         <name>.text</name>
         <load_address>0x10040e4</load_address>
         <run_address>0x10040e4</run_address>
         <size>0x62</size>
         <input_file_ref idref="fl-ad"/>
      </object_component>
      <object_component id="oc-2ca">
         <name>.text.ti_sysbios_BIOS_linkedWithIncorrectBootLibrary__E</name>
         <load_address>0x1004146</load_address>
         <run_address>0x1004146</run_address>
         <size>0x2</size>
         <input_file_ref idref="fl-2d"/>
      </object_component>
      <object_component id="oc-166">
         <name>.text.threadFxn0</name>
         <load_address>0x1004148</load_address>
         <run_address>0x1004148</run_address>
         <size>0x60</size>
         <input_file_ref idref="fl-1"/>
      </object_component>
      <object_component id="oc-1ab">
         <name>.text.ti_sysbios_heaps_HeapMem_allocUnprotected__E</name>
         <load_address>0x10041a8</load_address>
         <run_address>0x10041a8</run_address>
         <size>0x60</size>
         <input_file_ref idref="fl-3e"/>
      </object_component>
      <object_component id="oc-3e7">
         <name>.text.FlashDisable</name>
         <load_address>0x1004208</load_address>
         <run_address>0x1004208</run_address>
         <size>0x5c</size>
         <input_file_ref idref="fl-5a"/>
      </object_component>
      <object_component id="oc-46a">
         <name>.text.UART2Support_dmaStopTx</name>
         <load_address>0x1004264</load_address>
         <run_address>0x1004264</run_address>
         <size>0x5c</size>
         <input_file_ref idref="fl-22"/>
      </object_component>
      <object_component id="oc-21d">
         <name>.text.pthread_exit</name>
         <load_address>0x10042c0</load_address>
         <run_address>0x10042c0</run_address>
         <size>0x5c</size>
         <input_file_ref idref="fl-4f"/>
      </object_component>
      <object_component id="oc-1cb">
         <name>.text.PRCMPeripheralClkEnable</name>
         <load_address>0x100431c</load_address>
         <run_address>0x100431c</run_address>
         <size>0x5a</size>
         <input_file_ref idref="fl-55"/>
      </object_component>
      <object_component id="oc-1bc">
         <name>.text.xdc_runtime_Core_deleteObject__I</name>
         <load_address>0x1004376</load_address>
         <run_address>0x1004376</run_address>
         <size>0x5a</size>
         <input_file_ref idref="fl-44"/>
      </object_component>
      <object_component id="oc-29e">
         <name>.text.GPIO_hwiIntFxn</name>
         <load_address>0x10043d0</load_address>
         <run_address>0x10043d0</run_address>
         <size>0x58</size>
         <input_file_ref idref="fl-1f"/>
      </object_component>
      <object_component id="oc-299">
         <name>.text.GPIO_setInterruptConfig</name>
         <load_address>0x1004428</load_address>
         <run_address>0x1004428</run_address>
         <size>0x58</size>
         <input_file_ref idref="fl-1f"/>
      </object_component>
      <object_component id="oc-438">
         <name>.text.Power_releaseDependency</name>
         <load_address>0x1004480</load_address>
         <run_address>0x1004480</run_address>
         <size>0x58</size>
         <input_file_ref idref="fl-20"/>
      </object_component>
      <object_component id="oc-87">
         <name>.text.main</name>
         <load_address>0x10044d8</load_address>
         <run_address>0x10044d8</run_address>
         <size>0x58</size>
         <input_file_ref idref="fl-3"/>
      </object_component>
      <object_component id="oc-114">
         <name>.text.ti_sysbios_heaps_HeapMem_alloc__E</name>
         <load_address>0x1004530</load_address>
         <run_address>0x1004530</run_address>
         <size>0x58</size>
         <input_file_ref idref="fl-3e"/>
      </object_component>
      <object_component id="oc-392">
         <name>.text.PRCMLPDSEnter</name>
         <load_address>0x1004588</load_address>
         <run_address>0x1004588</run_address>
         <size>0x56</size>
         <input_file_ref idref="fl-55"/>
      </object_component>
      <object_component id="oc-33d">
         <name>.text.ti_sysbios_BIOS_nullFunc__I</name>
         <load_address>0x10045de</load_address>
         <run_address>0x10045de</run_address>
         <size>0x2</size>
         <input_file_ref idref="fl-b"/>
      </object_component>
      <object_component id="oc-344">
         <name>.text.ADCCC32XX_convert</name>
         <load_address>0x10045e0</load_address>
         <run_address>0x10045e0</run_address>
         <size>0x54</size>
         <input_file_ref idref="fl-1e"/>
      </object_component>
      <object_component id="oc-2a9">
         <name>.text.PowerCC32XX_setParkState</name>
         <load_address>0x1004634</load_address>
         <run_address>0x1004634</run_address>
         <size>0x54</size>
         <input_file_ref idref="fl-20"/>
      </object_component>
      <object_component id="oc-48a">
         <name>.text.ti_sysbios_family_arm_m3_Hwi_construct</name>
         <load_address>0x1004688</load_address>
         <run_address>0x1004688</run_address>
         <size>0x54</size>
         <input_file_ref idref="fl-b"/>
      </object_component>
      <object_component id="oc-31a">
         <name>.text.ti_sysbios_family_arm_m3_Hwi_create</name>
         <load_address>0x10046dc</load_address>
         <run_address>0x10046dc</run_address>
         <size>0x54</size>
         <input_file_ref idref="fl-b"/>
      </object_component>
      <object_component id="oc-3f9">
         <name>.text.ti_sysbios_knl_Swi_runLoop__I</name>
         <load_address>0x1004730</load_address>
         <run_address>0x1004730</run_address>
         <size>0x54</size>
         <input_file_ref idref="fl-34"/>
      </object_component>
      <object_component id="oc-3a6">
         <name>.text.ti_sysbios_knl_Swi_schedule__I</name>
         <load_address>0x1004784</load_address>
         <run_address>0x1004784</run_address>
         <size>0x54</size>
         <input_file_ref idref="fl-34"/>
      </object_component>
      <object_component id="oc-353">
         <name>.text.DisplayUart2Min_vprintf</name>
         <load_address>0x10047d8</load_address>
         <run_address>0x10047d8</run_address>
         <size>0x52</size>
         <input_file_ref idref="fl-1a"/>
      </object_component>
      <object_component id="oc-3cc">
         <name>.text.ti_sysbios_gates_GateHwi_Instance_init__E</name>
         <load_address>0x100482a</load_address>
         <run_address>0x100482a</run_address>
         <size>0x2</size>
         <input_file_ref idref="fl-3f"/>
      </object_component>
      <object_component id="oc-162">
         <name>.text.Display_doOpen</name>
         <load_address>0x100482c</load_address>
         <run_address>0x100482c</run_address>
         <size>0x50</size>
         <input_file_ref idref="fl-19"/>
      </object_component>
      <object_component id="oc-384">
         <name>.text.ti_sysbios_knl_Clock_walkQueuePeriodic__E</name>
         <load_address>0x100487c</load_address>
         <run_address>0x100487c</run_address>
         <size>0x50</size>
         <input_file_ref idref="fl-2e"/>
      </object_component>
      <object_component id="oc-1be">
         <name>.text.xdc_runtime_Startup_exec__E</name>
         <load_address>0x10048cc</load_address>
         <run_address>0x10048cc</run_address>
         <size>0x50</size>
         <input_file_ref idref="fl-4a"/>
      </object_component>
      <object_component id="oc-1b2">
         <name>.text.ti_sysbios_heaps_HeapMem_freeUnprotected__E</name>
         <load_address>0x100491c</load_address>
         <run_address>0x100491c</run_address>
         <size>0x4e</size>
         <input_file_ref idref="fl-3e"/>
      </object_component>
      <object_component id="oc-3e6">
         <name>.text.PRCMLPDSRestoreInfoSet</name>
         <load_address>0x100496a</load_address>
         <run_address>0x100496a</run_address>
         <size>0x4c</size>
         <input_file_ref idref="fl-55"/>
      </object_component>
      <object_component id="oc-395">
         <name>.text.ti_sysbios_knl_Clock_logTick__E</name>
         <load_address>0x10049b6</load_address>
         <run_address>0x10049b6</run_address>
         <size>0x2</size>
         <input_file_ref idref="fl-2e"/>
      </object_component>
      <object_component id="oc-199">
         <name>.text.ti_sysbios_family_arm_m3_Hwi_Module_startup__E</name>
         <load_address>0x10049b8</load_address>
         <run_address>0x10049b8</run_address>
         <size>0x4c</size>
         <input_file_ref idref="fl-3a"/>
      </object_component>
      <object_component id="oc-3cf">
         <name>.text.ti_sysbios_family_arm_m3_TaskSupport_buildTaskStack</name>
         <load_address>0x1004a04</load_address>
         <run_address>0x1004a04</run_address>
         <size>0x4c</size>
         <input_file_ref idref="fl-2c"/>
      </object_component>
      <object_component id="oc-2f3">
         <name>.text.ti_sysbios_family_arm_m3_Timer_setPeriod__E</name>
         <load_address>0x1004a50</load_address>
         <run_address>0x1004a50</run_address>
         <size>0x4c</size>
         <input_file_ref idref="fl-3c"/>
      </object_component>
      <object_component id="oc-148">
         <name>.text.ti_sysbios_knl_Task_create</name>
         <load_address>0x1004a9c</load_address>
         <run_address>0x1004a9c</run_address>
         <size>0x4c</size>
         <input_file_ref idref="fl-b"/>
      </object_component>
      <object_component id="oc-23b">
         <name>.text.ti_sysbios_knl_Task_schedule__I</name>
         <load_address>0x1004ae8</load_address>
         <run_address>0x1004ae8</run_address>
         <size>0x4c</size>
         <input_file_ref idref="fl-35"/>
      </object_component>
      <object_component id="oc-38d">
         <name>.text.PowerCC32XX_parkPin</name>
         <load_address>0x1004b34</load_address>
         <run_address>0x1004b34</run_address>
         <size>0x4a</size>
         <input_file_ref idref="fl-20"/>
      </object_component>
      <object_component id="oc-30a">
         <name>.text.getCountsRTC</name>
         <load_address>0x1004b7e</load_address>
         <run_address>0x1004b7e</run_address>
         <size>0x4a</size>
         <input_file_ref idref="fl-29"/>
      </object_component>
      <object_component id="oc-31b">
         <name>.text.GPIO_disableInt</name>
         <load_address>0x1004bc8</load_address>
         <run_address>0x1004bc8</run_address>
         <size>0x48</size>
         <input_file_ref idref="fl-1f"/>
      </object_component>
      <object_component id="oc-29a">
         <name>.text.GPIO_enableInt</name>
         <load_address>0x1004c10</load_address>
         <run_address>0x1004c10</run_address>
         <size>0x48</size>
         <input_file_ref idref="fl-1f"/>
      </object_component>
      <object_component id="oc-466">
         <name>.text.UART2Support_dmaStopRx</name>
         <load_address>0x1004c58</load_address>
         <run_address>0x1004c58</run_address>
         <size>0x48</size>
         <input_file_ref idref="fl-22"/>
      </object_component>
      <object_component id="oc-29">
         <name>.text.realloc</name>
         <load_address>0x1004ca0</load_address>
         <run_address>0x1004ca0</run_address>
         <size>0x48</size>
         <input_file_ref idref="fl-b"/>
      </object_component>
      <object_component id="oc-485">
         <name>.text.ti_sysbios_family_arm_m3_Hwi_initStacks__E</name>
         <load_address>0x1004ce8</load_address>
         <run_address>0x1004ce8</run_address>
         <size>0x48</size>
         <input_file_ref idref="fl-2b"/>
      </object_component>
      <object_component id="oc-396">
         <name>.text.ti_sysbios_knl_Swi_post__E</name>
         <load_address>0x1004d30</load_address>
         <run_address>0x1004d30</run_address>
         <size>0x48</size>
         <input_file_ref idref="fl-34"/>
      </object_component>
      <object_component id="oc-4b1">
         <name>.text</name>
         <load_address>0x1004d78</load_address>
         <run_address>0x1004d78</run_address>
         <size>0x48</size>
         <input_file_ref idref="fl-aa"/>
      </object_component>
      <object_component id="oc-41b">
         <name>.text.ClockP_construct</name>
         <load_address>0x1004dc0</load_address>
         <run_address>0x1004dc0</run_address>
         <size>0x46</size>
         <input_file_ref idref="fl-25"/>
      </object_component>
      <object_component id="oc-391">
         <name>.text.PRCMLPDSEnterKeepDebugIf</name>
         <load_address>0x1004e06</load_address>
         <run_address>0x1004e06</run_address>
         <size>0x46</size>
         <input_file_ref idref="fl-55"/>
      </object_component>
      <object_component id="oc-490">
         <name>.text.RingBuf_put</name>
         <load_address>0x1004e4c</load_address>
         <run_address>0x1004e4c</run_address>
         <size>0x46</size>
         <input_file_ref idref="fl-1d"/>
      </object_component>
      <object_component id="oc-1f9">
         <name>.text.xdc_runtime_Core_constructObject__I</name>
         <load_address>0x1004e92</load_address>
         <run_address>0x1004e92</run_address>
         <size>0x46</size>
         <input_file_ref idref="fl-45"/>
      </object_component>
      <object_component id="oc-156">
         <name>.text.ADC_init</name>
         <load_address>0x1004ed8</load_address>
         <run_address>0x1004ed8</run_address>
         <size>0x44</size>
         <input_file_ref idref="fl-1b"/>
      </object_component>
      <object_component id="oc-46e">
         <name>.text.Power_releaseConstraint</name>
         <load_address>0x1004f1c</load_address>
         <run_address>0x1004f1c</run_address>
         <size>0x44</size>
         <input_file_ref idref="fl-20"/>
      </object_component>
      <object_component id="oc-39b">
         <name>.text.ti_sysbios_family_arm_m3_Hwi_Instance_finalize__E</name>
         <load_address>0x1004f60</load_address>
         <run_address>0x1004f60</run_address>
         <size>0x44</size>
         <input_file_ref idref="fl-3a"/>
      </object_component>
      <object_component id="oc-378">
         <name>.text.ti_sysbios_family_arm_m3_Hwi_disableInterrupt__E</name>
         <load_address>0x1004fa4</load_address>
         <run_address>0x1004fa4</run_address>
         <size>0x44</size>
         <input_file_ref idref="fl-3a"/>
      </object_component>
      <object_component id="oc-2f1">
         <name>.text.ti_sysbios_family_arm_m3_Hwi_enableInterrupt__E</name>
         <load_address>0x1004fe8</load_address>
         <run_address>0x1004fe8</run_address>
         <size>0x44</size>
         <input_file_ref idref="fl-3a"/>
      </object_component>
      <object_component id="oc-1ba">
         <name>.text.ti_sysbios_heaps_HeapMem_Instance_init__E</name>
         <load_address>0x100502c</load_address>
         <run_address>0x100502c</run_address>
         <size>0x44</size>
         <input_file_ref idref="fl-3e"/>
      </object_component>
      <object_component id="oc-11c">
         <name>.text.ti_sysbios_heaps_HeapMem_getStats__E</name>
         <load_address>0x1005070</load_address>
         <run_address>0x1005070</run_address>
         <size>0x44</size>
         <input_file_ref idref="fl-3e"/>
      </object_component>
      <object_component id="oc-18b">
         <name>.text.ti_sysbios_knl_Mailbox_Module_startup__E</name>
         <load_address>0x10050b4</load_address>
         <run_address>0x10050b4</run_address>
         <size>0x44</size>
         <input_file_ref idref="fl-31"/>
      </object_component>
      <object_component id="oc-3b1">
         <name>.text</name>
         <load_address>0x10050f8</load_address>
         <run_address>0x10050f8</run_address>
         <size>0x44</size>
         <input_file_ref idref="fl-ab"/>
      </object_component>
      <object_component id="oc-413">
         <name>.text.HwiP_construct</name>
         <load_address>0x100513c</load_address>
         <run_address>0x100513c</run_address>
         <size>0x42</size>
         <input_file_ref idref="fl-26"/>
      </object_component>
      <object_component id="oc-1d3">
         <name>.text.PinModeSet</name>
         <load_address>0x100517e</load_address>
         <run_address>0x100517e</run_address>
         <size>0x42</size>
         <input_file_ref idref="fl-54"/>
      </object_component>
      <object_component id="oc-22c">
         <name>.text.ADC_open</name>
         <load_address>0x10051c0</load_address>
         <run_address>0x10051c0</run_address>
         <size>0x40</size>
         <input_file_ref idref="fl-1b"/>
      </object_component>
      <object_component id="oc-298">
         <name>.text.HwiP_create</name>
         <load_address>0x1005200</load_address>
         <run_address>0x1005200</run_address>
         <size>0x40</size>
         <input_file_ref idref="fl-26"/>
      </object_component>
      <object_component id="oc-45c">
         <name>.text.ti_sysbios_family_arm_m3_Hwi_construct2__E</name>
         <load_address>0x1005240</load_address>
         <run_address>0x1005240</run_address>
         <size>0x40</size>
         <input_file_ref idref="fl-3a"/>
      </object_component>
      <object_component id="oc-265">
         <name>.text.ti_sysbios_family_arm_m3_Timer_start__E</name>
         <load_address>0x1005280</load_address>
         <run_address>0x1005280</run_address>
         <size>0x40</size>
         <input_file_ref idref="fl-3c"/>
      </object_component>
      <object_component id="oc-1f4">
         <name>.text.xdc_runtime_Core_assignParams__I</name>
         <load_address>0x10052c0</load_address>
         <run_address>0x10052c0</run_address>
         <size>0x40</size>
         <input_file_ref idref="fl-46"/>
      </object_component>
      <object_component id="oc-34f">
         <name>.text.DisplayUart2Min_open</name>
         <load_address>0x1005300</load_address>
         <run_address>0x1005300</run_address>
         <size>0x3c</size>
         <input_file_ref idref="fl-1a"/>
      </object_component>
      <object_component id="oc-431">
         <name>.text.UART2_rxDisable</name>
         <load_address>0x100533c</load_address>
         <run_address>0x100533c</run_address>
         <size>0x3c</size>
         <input_file_ref idref="fl-1c"/>
      </object_component>
      <object_component id="oc-40a">
         <name>.text.UDMACC32XX_init</name>
         <load_address>0x1005378</load_address>
         <run_address>0x1005378</run_address>
         <size>0x3c</size>
         <input_file_ref idref="fl-24"/>
      </object_component>
      <object_component id="oc-3ec">
         <name>.text.ti_sysbios_family_arm_m3_Timer_setPeriodMicroSecs__E</name>
         <load_address>0x10053b4</load_address>
         <run_address>0x10053b4</run_address>
         <size>0x3c</size>
         <input_file_ref idref="fl-3c"/>
      </object_component>
      <object_component id="oc-48c">
         <name>.text.ti_sysbios_knl_Clock_Instance_init__E</name>
         <load_address>0x10053f0</load_address>
         <run_address>0x10053f0</run_address>
         <size>0x3c</size>
         <input_file_ref idref="fl-2e"/>
      </object_component>
      <object_component id="oc-316">
         <name>.text.ti_sysbios_knl_Task_blockI__E</name>
         <load_address>0x100542c</load_address>
         <run_address>0x100542c</run_address>
         <size>0x3c</size>
         <input_file_ref idref="fl-35"/>
      </object_component>
      <object_component id="oc-215">
         <name>.text.ti_sysbios_knl_Task_restore__E</name>
         <load_address>0x1005468</load_address>
         <run_address>0x1005468</run_address>
         <size>0x3c</size>
         <input_file_ref idref="fl-35"/>
      </object_component>
      <object_component id="oc-2fd">
         <name>.text.Power_setConstraint</name>
         <load_address>0x10054a4</load_address>
         <run_address>0x10054a4</run_address>
         <size>0x38</size>
         <input_file_ref idref="fl-20"/>
      </object_component>
      <object_component id="oc-46d">
         <name>.text.RingBuf_putAdvance</name>
         <load_address>0x10054dc</load_address>
         <run_address>0x10054dc</run_address>
         <size>0x38</size>
         <input_file_ref idref="fl-1d"/>
      </object_component>
      <object_component id="oc-436">
         <name>.text.UDMACC32XX_close</name>
         <load_address>0x1005514</load_address>
         <run_address>0x1005514</run_address>
         <size>0x38</size>
         <input_file_ref idref="fl-24"/>
      </object_component>
      <object_component id="oc-33a">
         <name>.text.ti_sysbios_knl_Swi_restore__E</name>
         <load_address>0x100554c</load_address>
         <run_address>0x100554c</run_address>
         <size>0x38</size>
         <input_file_ref idref="fl-34"/>
      </object_component>
      <object_component id="oc-31f">
         <name>.text.ti_sysbios_knl_Task_unblockI__E</name>
         <load_address>0x1005584</load_address>
         <run_address>0x1005584</run_address>
         <size>0x38</size>
         <input_file_ref idref="fl-35"/>
      </object_component>
      <object_component id="oc-57">
         <name>.text.ti_sysbios_rts_MemAlloc_alloc</name>
         <load_address>0x10055bc</load_address>
         <run_address>0x10055bc</run_address>
         <size>0x38</size>
         <input_file_ref idref="fl-b"/>
      </object_component>
      <object_component id="oc-c2">
         <name>.text:__TI_auto_init_nobinit_nopinit</name>
         <load_address>0x10055f4</load_address>
         <run_address>0x10055f4</run_address>
         <size>0x38</size>
         <input_file_ref idref="fl-6a"/>
      </object_component>
      <object_component id="oc-4a5">
         <name>.text</name>
         <load_address>0x100562c</load_address>
         <run_address>0x100562c</run_address>
         <size>0x38</size>
         <input_file_ref idref="fl-a9"/>
      </object_component>
      <object_component id="oc-415">
         <name>.text.SemaphoreP_construct</name>
         <load_address>0x1005664</load_address>
         <run_address>0x1005664</run_address>
         <size>0x36</size>
         <input_file_ref idref="fl-27"/>
      </object_component>
      <object_component id="oc-1ce">
         <name>.text.PinModeGet</name>
         <load_address>0x100569a</load_address>
         <run_address>0x100569a</run_address>
         <size>0x34</size>
         <input_file_ref idref="fl-54"/>
      </object_component>
      <object_component id="oc-23">
         <name>.text.xdc_runtime_Startup_reset__I</name>
         <load_address>0x10056ce</load_address>
         <run_address>0x10056ce</run_address>
         <size>0x2</size>
         <input_file_ref idref="fl-b"/>
      </object_component>
      <object_component id="oc-2d0">
         <name>.text.ti_sysbios_BIOS_atExitFunc__I</name>
         <load_address>0x10056d0</load_address>
         <run_address>0x10056d0</run_address>
         <size>0x34</size>
         <input_file_ref idref="fl-b"/>
      </object_component>
      <object_component id="oc-483">
         <name>.text.ti_sysbios_family_arm_m3_Hwi_getStackInfo__E</name>
         <load_address>0x1005704</load_address>
         <run_address>0x1005704</run_address>
         <size>0x34</size>
         <input_file_ref idref="fl-3a"/>
      </object_component>
      <object_component id="oc-2f2">
         <name>.text.ti_sysbios_family_arm_m3_Timer_initDevice__I</name>
         <load_address>0x1005738</load_address>
         <run_address>0x1005738</run_address>
         <size>0x34</size>
         <input_file_ref idref="fl-3c"/>
      </object_component>
      <object_component id="oc-24c">
         <name>.text.ti_sysbios_knl_Mailbox_postInit__I</name>
         <load_address>0x100576c</load_address>
         <run_address>0x100576c</run_address>
         <size>0x34</size>
         <input_file_ref idref="fl-31"/>
      </object_component>
      <object_component id="oc-2cb">
         <name>.text.xdc_runtime_System_atexit__E</name>
         <load_address>0x10057a0</load_address>
         <run_address>0x10057a0</run_address>
         <size>0x34</size>
         <input_file_ref idref="fl-4b"/>
      </object_component>
      <object_component id="oc-38b">
         <name>.text.notify</name>
         <load_address>0x10057d4</load_address>
         <run_address>0x10057d4</run_address>
         <size>0x30</size>
         <input_file_ref idref="fl-20"/>
      </object_component>
      <object_component id="oc-21f">
         <name>.text.ti_sysbios_BIOS_startFunc__I</name>
         <load_address>0x1005804</load_address>
         <run_address>0x1005804</run_address>
         <size>0x30</size>
         <input_file_ref idref="fl-b"/>
      </object_component>
      <object_component id="oc-377">
         <name>.text.ti_sysbios_family_arm_m3_Timer_periodicStub__I</name>
         <load_address>0x1005834</load_address>
         <run_address>0x1005834</run_address>
         <size>0x30</size>
         <input_file_ref idref="fl-3c"/>
      </object_component>
      <object_component id="oc-368">
         <name>.text.ti_sysbios_gates_GateHwi_Object__create__S</name>
         <load_address>0x1005864</load_address>
         <run_address>0x1005864</run_address>
         <size>0x30</size>
         <input_file_ref idref="fl-b"/>
      </object_component>
      <object_component id="oc-32d">
         <name>.text.ti_sysbios_gates_GateMutex_Object__create__S</name>
         <load_address>0x1005894</load_address>
         <run_address>0x1005894</run_address>
         <size>0x30</size>
         <input_file_ref idref="fl-b"/>
      </object_component>
      <object_component id="oc-269">
         <name>.text.ti_sysbios_gates_GateMutex_enter__E</name>
         <load_address>0x10058c4</load_address>
         <run_address>0x10058c4</run_address>
         <size>0x30</size>
         <input_file_ref idref="fl-40"/>
      </object_component>
      <object_component id="oc-11d">
         <name>.text.ti_sysbios_heaps_HeapMem_Object__create__S</name>
         <load_address>0x10058f4</load_address>
         <run_address>0x10058f4</run_address>
         <size>0x30</size>
         <input_file_ref idref="fl-b"/>
      </object_component>
      <object_component id="oc-11a">
         <name>.text.ti_sysbios_heaps_HeapMem_free__E</name>
         <load_address>0x1005924</load_address>
         <run_address>0x1005924</run_address>
         <size>0x30</size>
         <input_file_ref idref="fl-3e"/>
      </object_component>
      <object_component id="oc-460">
         <name>.text.ti_sysbios_knl_Clock_construct</name>
         <load_address>0x1005954</load_address>
         <run_address>0x1005954</run_address>
         <size>0x30</size>
         <input_file_ref idref="fl-b"/>
      </object_component>
      <object_component id="oc-310">
         <name>.text.ti_sysbios_knl_Clock_doTick__I</name>
         <load_address>0x1005984</load_address>
         <run_address>0x1005984</run_address>
         <size>0x30</size>
         <input_file_ref idref="fl-b"/>
      </object_component>
      <object_component id="oc-147">
         <name>.text.ti_sysbios_knl_Semaphore_construct</name>
         <load_address>0x10059b4</load_address>
         <run_address>0x10059b4</run_address>
         <size>0x30</size>
         <input_file_ref idref="fl-b"/>
      </object_component>
      <object_component id="oc-28b">
         <name>.text.ti_sysbios_knl_Semaphore_create</name>
         <load_address>0x10059e4</load_address>
         <run_address>0x10059e4</run_address>
         <size>0x30</size>
         <input_file_ref idref="fl-b"/>
      </object_component>
      <object_component id="oc-2bb">
         <name>.text.ti_sysbios_knl_Task_processVitalTaskFlag__I</name>
         <load_address>0x1005a14</load_address>
         <run_address>0x1005a14</run_address>
         <size>0x30</size>
         <input_file_ref idref="fl-35"/>
      </object_component>
      <object_component id="oc-d2">
         <name>.text.xdc_runtime_System_processAtExit__E</name>
         <load_address>0x1005a44</load_address>
         <run_address>0x1005a44</run_address>
         <size>0x30</size>
         <input_file_ref idref="fl-4b"/>
      </object_component>
      <object_component id="oc-491">
         <name>.text.xdc_runtime_System_putchar__I</name>
         <load_address>0x1005a74</load_address>
         <run_address>0x1005a74</run_address>
         <size>0x30</size>
         <input_file_ref idref="fl-4b"/>
      </object_component>
      <object_component id="oc-38f">
         <name>.text.PowerCC32XX_restoreParkedPin</name>
         <load_address>0x1005aa4</load_address>
         <run_address>0x1005aa4</run_address>
         <size>0x2e</size>
         <input_file_ref idref="fl-20"/>
      </object_component>
      <object_component id="oc-469">
         <name>.text.RingBuf_getConsume</name>
         <load_address>0x1005ad2</load_address>
         <run_address>0x1005ad2</run_address>
         <size>0x2e</size>
         <input_file_ref idref="fl-1d"/>
      </object_component>
      <object_component id="oc-46c">
         <name>.text.RingBuf_putPointer</name>
         <load_address>0x1005b00</load_address>
         <run_address>0x1005b00</run_address>
         <size>0x2e</size>
         <input_file_ref idref="fl-1d"/>
      </object_component>
      <object_component id="oc-463">
         <name>.text.UART2CC32XX_getRxData</name>
         <load_address>0x1005b2e</load_address>
         <run_address>0x1005b2e</run_address>
         <size>0x2e</size>
         <input_file_ref idref="fl-22"/>
      </object_component>
      <object_component id="oc-476">
         <name>.text.UART2Support_sendData</name>
         <load_address>0x1005b5c</load_address>
         <run_address>0x1005b5c</run_address>
         <size>0x2e</size>
         <input_file_ref idref="fl-22"/>
      </object_component>
      <object_component id="oc-432">
         <name>.text.UARTDisable</name>
         <load_address>0x1005b8a</load_address>
         <run_address>0x1005b8a</run_address>
         <size>0x2e</size>
         <input_file_ref idref="fl-56"/>
      </object_component>
      <object_component id="oc-47c">
         <name>.text.UART2Support_disableRx</name>
         <load_address>0x1005bb8</load_address>
         <run_address>0x1005bb8</run_address>
         <size>0x2c</size>
         <input_file_ref idref="fl-22"/>
      </object_component>
      <object_component id="oc-482">
         <name>.text._pthread_cleanupFxn</name>
         <load_address>0x1005be4</load_address>
         <run_address>0x1005be4</run_address>
         <size>0x2c</size>
         <input_file_ref idref="fl-4f"/>
      </object_component>
      <object_component id="oc-14f">
         <name>.text._pthread_delete</name>
         <load_address>0x1005c10</load_address>
         <run_address>0x1005c10</run_address>
         <size>0x2c</size>
         <input_file_ref idref="fl-4f"/>
      </object_component>
      <object_component id="oc-36f">
         <name>.text.ti_sysbios_family_arm_m3_TaskSupport_start__E</name>
         <load_address>0x1005c3c</load_address>
         <run_address>0x1005c3c</run_address>
         <size>0x2c</size>
         <input_file_ref idref="fl-3b"/>
      </object_component>
      <object_component id="oc-315">
         <name>.text.ti_sysbios_knl_Clock_addI__E</name>
         <load_address>0x1005c68</load_address>
         <run_address>0x1005c68</run_address>
         <size>0x2c</size>
         <input_file_ref idref="fl-2e"/>
      </object_component>
      <object_component id="oc-145">
         <name>.text.ti_sysbios_knl_Queue_construct</name>
         <load_address>0x1005c94</load_address>
         <run_address>0x1005c94</run_address>
         <size>0x2c</size>
         <input_file_ref idref="fl-b"/>
      </object_component>
      <object_component id="oc-318">
         <name>.text.ti_sysbios_knl_Semaphore_pendTimeout__I</name>
         <load_address>0x1005cc0</load_address>
         <run_address>0x1005cc0</run_address>
         <size>0x2c</size>
         <input_file_ref idref="fl-33"/>
      </object_component>
      <object_component id="oc-1cd">
         <name>.text.PRCMPeripheralClkDisable</name>
         <load_address>0x1005cec</load_address>
         <run_address>0x1005cec</run_address>
         <size>0x2a</size>
         <input_file_ref idref="fl-55"/>
      </object_component>
      <object_component id="oc-423">
         <name>.text.UART2CC32XX_writeTimeout</name>
         <load_address>0x1005d16</load_address>
         <run_address>0x1005d16</run_address>
         <size>0x2a</size>
         <input_file_ref idref="fl-22"/>
      </object_component>
      <object_component id="oc-480">
         <name>.text.List_remove</name>
         <load_address>0x1005d40</load_address>
         <run_address>0x1005d40</run_address>
         <size>0x28</size>
         <input_file_ref idref="fl-23"/>
      </object_component>
      <object_component id="oc-408">
         <name>.text.PowerCC32XX_getParkState</name>
         <load_address>0x1005d68</load_address>
         <run_address>0x1005d68</run_address>
         <size>0x28</size>
         <input_file_ref idref="fl-20"/>
      </object_component>
      <object_component id="oc-282">
         <name>.text.PowerCC32XX_initPolicy</name>
         <load_address>0x1005d90</load_address>
         <run_address>0x1005d90</run_address>
         <size>0x28</size>
         <input_file_ref idref="fl-29"/>
      </object_component>
      <object_component id="oc-401">
         <name>.text.PowerCC32XX_reset</name>
         <load_address>0x1005db8</load_address>
         <run_address>0x1005db8</run_address>
         <size>0x28</size>
         <input_file_ref idref="fl-20"/>
      </object_component>
      <object_component id="oc-1dc">
         <name>.text.SemaphoreP_createBinary</name>
         <load_address>0x1005de0</load_address>
         <run_address>0x1005de0</run_address>
         <size>0x28</size>
         <input_file_ref idref="fl-27"/>
      </object_component>
      <object_component id="oc-27">
         <name>.text.calloc</name>
         <load_address>0x1005e08</load_address>
         <run_address>0x1005e08</run_address>
         <size>0x28</size>
         <input_file_ref idref="fl-b"/>
      </object_component>
      <object_component id="oc-2cc">
         <name>.text.ti_sysbios_BIOS_registerRTSLock__I</name>
         <load_address>0x1005e30</load_address>
         <run_address>0x1005e30</run_address>
         <size>0x28</size>
         <input_file_ref idref="fl-b"/>
      </object_component>
      <object_component id="oc-99">
         <name>.text.ti_sysbios_family_arm_m3_Hwi_excHandlerAsm__I</name>
         <load_address>0x1005e58</load_address>
         <run_address>0x1005e58</run_address>
         <size>0x28</size>
         <input_file_ref idref="fl-2a"/>
      </object_component>
      <object_component id="oc-1a0">
         <name>.text.ti_sysbios_family_arm_m3_TimestampProvider_Module_startup__E</name>
         <load_address>0x1005e80</load_address>
         <run_address>0x1005e80</run_address>
         <size>0x28</size>
         <input_file_ref idref="fl-3d"/>
      </object_component>
      <object_component id="oc-174">
         <name>.text.ti_sysbios_knl_Task_restoreHwi__E</name>
         <load_address>0x1005ea8</load_address>
         <run_address>0x1005ea8</run_address>
         <size>0x28</size>
         <input_file_ref idref="fl-35"/>
      </object_component>
      <object_component id="oc-414">
         <name>.text.SemaphoreP_constructBinary</name>
         <load_address>0x1005ed0</load_address>
         <run_address>0x1005ed0</run_address>
         <size>0x26</size>
         <input_file_ref idref="fl-27"/>
      </object_component>
      <object_component id="oc-2e2">
         <name>.text.xdc_runtime_SysCallback_defaultAbort</name>
         <load_address>0x1005ef6</load_address>
         <run_address>0x1005ef6</run_address>
         <size>0x2</size>
         <input_file_ref idref="fl-4c"/>
      </object_component>
      <object_component id="oc-15c">
         <name>.text.Display_doInit</name>
         <load_address>0x1005ef8</load_address>
         <run_address>0x1005ef8</run_address>
         <size>0x24</size>
         <input_file_ref idref="fl-19"/>
      </object_component>
      <object_component id="oc-29f">
[...]
      </symbol>
      <symbol id="sm-754">
         <name>xdc_runtime_Memory_valloc__E</name>
         <value>0x1006393</value>
         <object_component_ref idref="oc-2f9"/>
      </symbol>
      <symbol id="sm-755">
         <name>xdc_runtime_Memory_free__E</name>
         <value>0x1006951</value>
         <object_component_ref idref="oc-68"/>
      </symbol>
      <symbol id="sm-767">
         <name>xdc_runtime_Startup_exec__E</name>
         <value>0x10048cd</value>
         <object_component_ref idref="oc-1be"/>
      </symbol>
      <symbol id="sm-768">
         <name>xdc_runtime_Startup_rtsDone__E</name>
         <value>0x1006ca9</value>
         <object_component_ref idref="oc-2c9"/>
      </symbol>
      <symbol id="sm-769">
         <name>xdc_runtime_Startup_startMods__I</name>
         <value>0x1002e3d</value>
         <object_component_ref idref="oc-4f"/>
      </symbol>
      <symbol id="sm-796">
         <name>xdc_runtime_System_Module_startup__E</name>
         <value>0x1006dd5</value>
         <object_component_ref idref="oc-184"/>
      </symbol>
      <symbol id="sm-797">
         <name>xdc_runtime_System_abort__E</name>
         <value>0x1006539</value>
         <object_component_ref idref="oc-9f"/>
      </symbol>
      <symbol id="sm-798">
         <name>xdc_runtime_System_atexit__E</name>
         <value>0x10057a1</value>
         <object_component_ref idref="oc-2cb"/>
      </symbol>
      <symbol id="sm-799">
         <name>xdc_runtime_System_exit__E</name>
         <value>0x100675d</value>
         <object_component_ref idref="oc-7f"/>
      </symbol>
      <symbol id="sm-79a">
         <name>xdc_runtime_System_processAtExit__E</name>
         <value>0x1005a45</value>
         <object_component_ref idref="oc-d2"/>
      </symbol>
      <symbol id="sm-79b">
         <name>xdc_runtime_System_abortSpin__E</name>
         <value>0x100699f</value>
         <object_component_ref idref="oc-183"/>
      </symbol>
      <symbol id="sm-79c">
         <name>xdc_runtime_System_exitSpin__E</name>
         <value>0x1006b57</value>
         <object_component_ref idref="oc-12b"/>
      </symbol>
      <symbol id="sm-79d">
         <name>xdc_runtime_System_doPrint__I</name>
         <value>0x10013d9</value>
         <object_component_ref idref="oc-46f"/>
      </symbol>
      <symbol id="sm-79e">
         <name>xdc_runtime_System_putchar__I</name>
         <value>0x1005a75</value>
         <object_component_ref idref="oc-491"/>
      </symbol>
      <symbol id="sm-79f">
         <name>xdc_runtime_System_formatNum__I</name>
         <value>0x1003a41</value>
         <object_component_ref idref="oc-493"/>
      </symbol>
      <symbol id="sm-7a0">
         <name>xdc_runtime_System_vsnprintf__E</name>
         <value>0x1006a91</value>
         <object_component_ref idref="oc-426"/>
      </symbol>
      <symbol id="sm-7bb">
         <name>xdc_runtime_SysCallback_abort__E</name>
         <value>0x1006cb5</value>
         <object_component_ref idref="oc-17e"/>
      </symbol>
      <symbol id="sm-7bc">
         <name>xdc_runtime_SysCallback_exit__E</name>
         <value>0x1006cc1</value>
         <object_component_ref idref="oc-1c2"/>
      </symbol>
      <symbol id="sm-7bd">
         <name>xdc_runtime_SysCallback_putch__E</name>
         <value>0x1006ccd</value>
         <object_component_ref idref="oc-4a4"/>
      </symbol>
      <symbol id="sm-7be">
         <name>xdc_runtime_SysCallback_ready__E</name>
         <value>0x1006cd9</value>
         <object_component_ref idref="oc-4a3"/>
      </symbol>
      <symbol id="sm-7bf">
         <name>xdc_runtime_SysCallback_defaultReady</name>
         <value>0x1006e93</value>
         <object_component_ref idref="oc-4c2"/>
      </symbol>
      <symbol id="sm-7c0">
         <name>xdc_runtime_SysCallback_defaultAbort</name>
         <value>0x1005ef7</value>
         <object_component_ref idref="oc-2e2"/>
      </symbol>
      <symbol id="sm-7c1">
         <name>xdc_runtime_SysCallback_defaultExit</name>
         <value>0x1006137</value>
         <object_component_ref idref="oc-2fc"/>
      </symbol>
      <symbol id="sm-7c2">
         <name>xdc_runtime_SysCallback_defaultPutch</name>
         <value>0x1006823</value>
         <object_component_ref idref="oc-4c3"/>
      </symbol>
      <symbol id="sm-7eb">
         <name>pthread_attr_init</name>
         <value>0x10063cd</value>
         <object_component_ref idref="oc-db"/>
      </symbol>
      <symbol id="sm-7ec">
         <name>pthread_attr_setdetachstate</name>
         <value>0x1006bb9</value>
         <object_component_ref idref="oc-e2"/>
      </symbol>
      <symbol id="sm-7ed">
         <name>pthread_attr_setschedparam</name>
         <value>0x10068b1</value>
         <object_component_ref idref="oc-e1"/>
      </symbol>
      <symbol id="sm-7ee">
         <name>pthread_attr_setstacksize</name>
         <value>0x1006d8d</value>
         <object_component_ref idref="oc-e3"/>
      </symbol>
      <symbol id="sm-7ef">
         <name>pthread_create</name>
         <value>0x10025e9</value>
         <object_component_ref idref="oc-e4"/>
      </symbol>
      <symbol id="sm-7f0">
         <name>pthread_exit</name>
         <value>0x10042c1</value>
         <object_component_ref idref="oc-21d"/>
      </symbol>
      <symbol id="sm-7f1">
         <name>pthread_self</name>
         <value>0x1006ab1</value>
         <object_component_ref idref="oc-2c0"/>
      </symbol>
      <symbol id="sm-7f2">
         <name>_pthread_cleanupFxn</name>
         <value>0x1005be5</value>
         <object_component_ref idref="oc-482"/>
      </symbol>
      <symbol id="sm-7ff">
         <name>_pthread_removeThreadKeys</name>
         <value>0x1003605</value>
         <object_component_ref idref="oc-2c1"/>
      </symbol>
      <symbol id="sm-814">
         <name>__stack</name>
         <value>0x2003fc00</value>
         <object_component_ref idref="oc-4e"/>
      </symbol>
      <symbol id="sm-815">
         <name>_c_int00</name>
         <value>0x10060f1</value>
         <object_component_ref idref="oc-32"/>
      </symbol>
      <symbol id="sm-816">
         <name>_c_int00_noargs</name>
         <value>0x10062f9</value>
         <object_component_ref idref="oc-38"/>
      </symbol>
      <symbol id="sm-817">
         <name>_c_int00_noinit</name>
         <value>0x1006555</value>
         <object_component_ref idref="oc-39"/>
      </symbol>
      <symbol id="sm-818">
         <name>_c_int00_noinit_noargs</name>
         <value>0x1006571</value>
         <object_component_ref idref="oc-3a"/>
      </symbol>
      <symbol id="sm-823">
         <name>_system_post_cinit</name>
         <value>0x1006e0b</value>
         <object_component_ref idref="oc-122"/>
      </symbol>
      <symbol id="sm-824">
         <name>_system_pre_init</name>
         <value>0x1006d21</value>
         <object_component_ref idref="oc-75"/>
      </symbol>
      <symbol id="sm-85e">
         <name>PinConfigSet</name>
         <value>0x1003051</value>
         <object_component_ref idref="oc-295"/>
      </symbol>
      <symbol id="sm-85f">
         <name>PinModeGet</name>
         <value>0x100569b</value>
         <object_component_ref idref="oc-1ce"/>
      </symbol>
      <symbol id="sm-860">
         <name>PinModeSet</name>
         <value>0x100517f</value>
         <object_component_ref idref="oc-1d3"/>
      </symbol>
      <symbol id="sm-861">
         <name>PinToPadGet</name>
         <value>0x10065c1</value>
         <object_component_ref idref="oc-38c"/>
      </symbol>
      <symbol id="sm-8f9">
         <name>PRCMCC3200MCUInit</name>
         <value>0x1000b11</value>
         <object_component_ref idref="oc-12c"/>
      </symbol>
      <symbol id="sm-8fa">
         <name>PRCMHIBRegRead</name>
         <value>0x100658d</value>
         <object_component_ref idref="oc-1ca"/>
      </symbol>
      <symbol id="sm-8fb">
         <name>PRCMHIBRegWrite</name>
         <value>0x10065a7</value>
         <object_component_ref idref="oc-1c9"/>
      </symbol>
      <symbol id="sm-8fc">
         <name>PRCMLPDSEnter</name>
         <value>0x1004589</value>
         <object_component_ref idref="oc-392"/>
      </symbol>
      <symbol id="sm-8fd">
         <name>PRCMLPDSEnterKeepDebugIf</name>
         <value>0x1004e07</value>
         <object_component_ref idref="oc-391"/>
      </symbol>
      <symbol id="sm-8fe">
         <name>PRCMLPDSRestoreInfoSet</name>
         <value>0x100496b</value>
         <object_component_ref idref="oc-3e6"/>
      </symbol>
      <symbol id="sm-8ff">
         <name>PRCMPeripheralClkDisable</name>
         <value>0x1005ced</value>
         <object_component_ref idref="oc-1cd"/>
      </symbol>
      <symbol id="sm-900">
         <name>PRCMPeripheralClkEnable</name>
         <value>0x100431d</value>
         <object_component_ref idref="oc-1cb"/>
      </symbol>
      <symbol id="sm-901">
         <name>PRCMPeripheralReset</name>
         <value>0x1003dad</value>
         <object_component_ref idref="oc-1cc"/>
      </symbol>
      <symbol id="sm-902">
         <name>PRCMSysResetCauseGet</name>
         <value>0x10033e5</value>
         <object_component_ref idref="oc-1c4"/>
      </symbol>
      <symbol id="sm-95c">
         <name>UARTDMADisable</name>
         <value>0x10067b7</value>
         <object_component_ref idref="oc-430"/>
      </symbol>
      <symbol id="sm-95d">
         <name>UARTDisable</name>
         <value>0x1005b8b</value>
         <object_component_ref idref="oc-432"/>
      </symbol>
      <symbol id="sm-95e">
         <name>UARTEnable</name>
         <value>0x1006339</value>
         <object_component_ref idref="oc-452"/>
      </symbol>
      <symbol id="sm-95f">
         <name>UARTIntClear</name>
         <value>0x10069d1</value>
         <object_component_ref idref="oc-451"/>
      </symbol>
      <symbol id="sm-960">
         <name>UARTIntDisable</name>
         <value>0x10067cd</value>
         <object_component_ref idref="oc-42b"/>
      </symbol>
      <symbol id="sm-961">
         <name>UARTIntEnable</name>
         <value>0x1006875</value>
         <object_component_ref idref="oc-453"/>
      </symbol>
      <symbol id="sm-962">
         <name>UARTRxErrorGet</name>
         <value>0x10069e1</value>
         <object_component_ref idref="oc-464"/>
      </symbol>
      <symbol id="sm-9a9">
         <name>uDMAChannelAttributeDisable</name>
         <value>0x10032c1</value>
         <object_component_ref idref="oc-454"/>
      </symbol>
      <symbol id="sm-9aa">
         <name>uDMAChannelIsEnabled</name>
         <value>0x1006375</value>
         <object_component_ref idref="oc-465"/>
      </symbol>
      <symbol id="sm-9ab">
         <name>uDMAErrorStatusClear</name>
         <value>0x1006b13</value>
         <object_component_ref idref="oc-4a2"/>
      </symbol>
      <symbol id="sm-9ac">
         <name>uDMAErrorStatusGet</name>
         <value>0x1006c85</value>
         <object_component_ref idref="oc-4a1"/>
      </symbol>
      <symbol id="sm-9b7">
         <name>UtilsDelay</name>
         <value>0x1006d47</value>
         <object_component_ref idref="oc-1c5"/>
      </symbol>
      <symbol id="sm-9e5">
         <name>FlashDisable</name>
         <value>0x1004209</value>
         <object_component_ref idref="oc-3e7"/>
      </symbol>
      <symbol id="sm-9f6">
         <name>_nop</name>
         <value>0x1003b8f</value>
         <object_component_ref idref="oc-33c"/>
      </symbol>
      <symbol id="sm-9f7">
         <name>_register_lock</name>
         <value>0x1006ba1</value>
         <object_component_ref idref="oc-331"/>
      </symbol>
      <symbol id="sm-9f8">
         <name>_lock</name>
         <value>0x20009ca8</value>
         <object_component_ref idref="oc-3a2"/>
      </symbol>
      <symbol id="sm-9f9">
         <name>_register_unlock</name>
         <value>0x1006bad</value>
         <object_component_ref idref="oc-336"/>
      </symbol>
      <symbol id="sm-9fa">
         <name>_unlock</name>
         <value>0x20009cac</value>
         <object_component_ref idref="oc-3a5"/>
      </symbol>
      <symbol id="sm-a04">
         <name>_args_main</name>
         <value>0x1006889</value>
         <object_component_ref idref="oc-7b"/>
      </symbol>
      <symbol id="sm-a0f">
         <name>__TI_auto_init_nobinit_nopinit</name>
         <value>0x10055f5</value>
         <object_component_ref idref="oc-c2"/>
      </symbol>
      <symbol id="sm-a1a">
         <name>__TI_zero_init</name>
         <value>0x1006aa1</value>
         <object_component_ref idref="oc-98"/>
      </symbol>
      <symbol id="sm-a23">
         <name>__TI_decompress_none</name>
         <value>0x1006b3d</value>
         <object_component_ref idref="oc-3f"/>
      </symbol>
      <symbol id="sm-a2d">
         <name>__TI_decompress_lzss</name>
         <value>0x1003e17</value>
         <object_component_ref idref="oc-3b"/>
      </symbol>
      <symbol id="sm-a33">
         <name>__aeabi_dadd</name>
         <value>0x1001e5f</value>
         <object_component_ref idref="oc-4ad"/>
      </symbol>
      <symbol id="sm-a34">
         <name>__adddf3</name>
         <value>0x1001e5f</value>
         <object_component_ref idref="oc-4ad"/>
      </symbol>
      <symbol id="sm-a35">
         <name>__aeabi_dsub</name>
         <value>0x1001e55</value>
         <object_component_ref idref="oc-4ad"/>
      </symbol>
      <symbol id="sm-a36">
         <name>__subdf3</name>
         <value>0x1001e55</value>
         <object_component_ref idref="oc-4ad"/>
      </symbol>
      <symbol id="sm-a3c">
         <name>__aeabi_dmul</name>
         <value>0x10023f5</value>
         <object_component_ref idref="oc-3ad"/>
      </symbol>
      <symbol id="sm-a3d">
         <name>__muldf3</name>
         <value>0x10023f5</value>
         <object_component_ref idref="oc-3ad"/>
      </symbol>
      <symbol id="sm-a43">
         <name>__aeabi_f2d</name>
         <value>0x100562d</value>
         <object_component_ref idref="oc-4a5"/>
      </symbol>
      <symbol id="sm-a44">
         <name>__extendsfdf2</name>
         <value>0x100562d</value>
         <object_component_ref idref="oc-4a5"/>
      </symbol>
      <symbol id="sm-a4a">
         <name>__aeabi_d2iz</name>
         <value>0x1004d79</value>
         <object_component_ref idref="oc-4b1"/>
      </symbol>
      <symbol id="sm-a4b">
         <name>__fixdfsi</name>
         <value>0x1004d79</value>
         <object_component_ref idref="oc-4b1"/>
      </symbol>
      <symbol id="sm-a51">
         <name>__aeabi_d2uiz</name>
         <value>0x10050f9</value>
         <object_component_ref idref="oc-3b1"/>
      </symbol>
      <symbol id="sm-a52">
         <name>__fixunsdfsi</name>
         <value>0x10050f9</value>
         <object_component_ref idref="oc-3b1"/>
      </symbol>
      <symbol id="sm-a58">
         <name>__aeabi_ui2d</name>
         <value>0x1006319</value>
         <object_component_ref idref="oc-3a9"/>
      </symbol>
      <symbol id="sm-a59">
         <name>__floatunsidf</name>
         <value>0x1006319</value>
         <object_component_ref idref="oc-3a9"/>
      </symbol>
      <symbol id="sm-a5f">
         <name>__aeabi_dcmpeq</name>
         <value>0x10040e5</value>
         <object_component_ref idref="oc-4a9"/>
      </symbol>
      <symbol id="sm-a60">
         <name>__aeabi_dcmplt</name>
         <value>0x10040f9</value>
         <object_component_ref idref="oc-4a9"/>
      </symbol>
      <symbol id="sm-a61">
         <name>__aeabi_dcmple</name>
         <value>0x100410d</value>
         <object_component_ref idref="oc-4a9"/>
      </symbol>
      <symbol id="sm-a62">
         <name>__aeabi_dcmpge</name>
         <value>0x1004121</value>
         <object_component_ref idref="oc-4a9"/>
      </symbol>
      <symbol id="sm-a63">
         <name>__aeabi_dcmpgt</name>
         <value>0x1004135</value>
         <object_component_ref idref="oc-4a9"/>
      </symbol>
      <symbol id="sm-a69">
         <name>__aeabi_memcpy</name>
         <value>0x1006eb1</value>
         <object_component_ref idref="oc-69"/>
      </symbol>
      <symbol id="sm-a6a">
         <name>__aeabi_memcpy4</name>
         <value>0x1006eb1</value>
         <object_component_ref idref="oc-69"/>
      </symbol>
      <symbol id="sm-a6b">
         <name>__aeabi_memcpy8</name>
         <value>0x1006eb1</value>
         <object_component_ref idref="oc-69"/>
      </symbol>
      <symbol id="sm-a71">
         <name>__aeabi_memset</name>
         <value>0x1006965</value>
         <object_component_ref idref="oc-64"/>
      </symbol>
      <symbol id="sm-a72">
         <name>__aeabi_memset4</name>
         <value>0x1006965</value>
         <object_component_ref idref="oc-64"/>
      </symbol>
      <symbol id="sm-a73">
         <name>__aeabi_memset8</name>
         <value>0x1006965</value>
         <object_component_ref idref="oc-64"/>
      </symbol>
      <symbol id="sm-a74">
         <name>__aeabi_memclr</name>
         <value>0x1006971</value>
         <object_component_ref idref="oc-64"/>
      </symbol>
      <symbol id="sm-a75">
         <name>__aeabi_memclr4</name>
         <value>0x1006971</value>
         <object_component_ref idref="oc-64"/>
      </symbol>
      <symbol id="sm-a76">
         <name>__aeabi_memclr8</name>
         <value>0x1006971</value>
         <object_component_ref idref="oc-64"/>
      </symbol>
      <symbol id="sm-a7c">
         <name>__aeabi_uldivmod</name>
         <value>0x1006979</value>
         <object_component_ref idref="oc-305"/>
      </symbol>
      <symbol id="sm-a82">
         <name>__udivmoddi4</name>
         <value>0x1002ef5</value>
         <object_component_ref idref="oc-385"/>
      </symbol>
      <symbol id="sm-a8e">
         <name>__ledf2</name>
         <value>0x1003b21</value>
         <object_component_ref idref="oc-4b8"/>
      </symbol>
      <symbol id="sm-a8f">
         <name>__gedf2</name>
         <value>0x1003ab1</value>
         <object_component_ref idref="oc-4be"/>
      </symbol>
      <symbol id="sm-a90">
         <name>__cmpdf2</name>
         <value>0x1003b21</value>
         <object_component_ref idref="oc-4b8"/>
      </symbol>
      <symbol id="sm-a91">
         <name>__eqdf2</name>
         <value>0x1003b21</value>
         <object_component_ref idref="oc-4b8"/>
      </symbol>
      <symbol id="sm-a92">
         <name>__ltdf2</name>
         <value>0x1003b21</value>
         <object_component_ref idref="oc-4b8"/>
      </symbol>
      <symbol id="sm-a93">
         <name>__nedf2</name>
         <value>0x1003b21</value>
         <object_component_ref idref="oc-4b8"/>
      </symbol>
      <symbol id="sm-a94">
         <name>__gtdf2</name>
         <value>0x1003ab1</value>
         <object_component_ref idref="oc-4be"/>
      </symbol>
      <symbol id="sm-a9e">
         <name>__aeabi_ldiv0</name>
         <value>0x1003b1f</value>
         <object_component_ref idref="oc-3df"/>
      </symbol>
      <symbol id="sm-aa6">
         <name>TI_memcpy_small</name>
         <value>0x100698d</value>
         <object_component_ref idref="oc-10d"/>
      </symbol>
      <symbol id="sm-aae">
         <name>TI_memset_small</name>
         <value>0x1006b2f</value>
         <object_component_ref idref="oc-107"/>
      </symbol>
      <symbol id="sm-aaf">
         <name>__TI_static_base__</name>
         <value>0x1007764</value>
      </symbol>
      <symbol id="sm-ab2">
         <name>ITM_flush</name>
         <value>0x0</value>
      </symbol>
      <symbol id="sm-ab3">
         <name>ITM_restore</name>
         <value>0x0</value>
      </symbol>
      <symbol id="sm-ab4">
         <name>__mpu_init</name>
         <value>0x0</value>
      </symbol>
      <symbol id="sm-ab5">
         <name>__c_args__</name>
         <value>0x0</value>
      </symbol>
   </symbol_table>
   <title>Link successful</title>
</link_info>
